+ source /root/mugen-riscv/libs/locallibs/common_lib.sh
++ python3 --version
++ '[' 0 -eq 0 ']'
++ source /root/mugen-riscv/libs/locallibs/common_lib_python.sh
+ main
++ type -t post_test
+ '[' -n function ']'
+ trap post_test EXIT INT HUP TERM
+ rpm -qa
+ grep expect
++ type -t config_params
+ '[' -n '' ']'
++ type -t pre_test
+ '[' -n '' ']'
++ type -t run_test
+ '[' -n function ']'
+ run_test
+ LOG_INFO 'Start executing testcase.'
+ message='Start executing testcase.'
+ python3 /root/mugen-riscv/libs/locallibs/mugen_log.py --level info --message 'Start executing testcase.'
Wed Sep 13 17:11:08 2023 - INFO  - Start executing testcase.
+ ls /var/log
btmp
cron
dnf.librepo.log
dnf.log
dnf.log.1
dnf.rpm.log
dracut.log
hawkey.log
httpd
lastlog
maillog
messages
mysql
openEuler-security.log
pcp
private
README
secure
spooler
tallylog
tuned
wtmp
+ CHECK_RESULT 0
+ actual_result=0
+ expect_result=0
+ mode=0
+ error_log=
+ '[' -z 0 ']'
+ '[' 0 -eq 0 ']'
+ test 0x '!=' 0x
+ return 0
+ tail -f /var/log/messages
++ cat log
++ wc -l
+ row01=10
+ SLEEP_WAIT 5
+ wait_time=5
+ cmd=
+ mode=1
+ python3 /root/mugen-riscv/libs/locallibs/sleep_wait.py --time 5 --cmd '' --mode 1
++ cat log
++ wc -l
+ row02=13
+ '[' 10 -le 13 ']'
+ CHECK_RESULT 0
+ actual_result=0
+ expect_result=0
+ mode=0
+ error_log=
+ '[' -z 0 ']'
+ '[' 0 -eq 0 ']'
+ test 0x '!=' 0x
+ return 0
+ cat /var/log/messages
Sep 13 09:05:15 10 kernel: [    0.000000] Linux version 6.4.0-3.0.0.11.oe2309.x86_64 (root@dc-64g.compass-ci) (gcc_old (GCC) 12.3.1 (openEuler 12.3.1-9.oe2309), GNU ld (GNU Binutils) 2.40) #1 SMP PREEMPT_DYNAMIC Wed Aug 30 19:39:57 CST 2023
Sep 13 09:05:15 10 kernel: [    0.000000] Command line: BOOT_IMAGE=/vmlinuz-6.4.0-3.0.0.11.oe2309.x86_64 root=UUID=2b9da4ac-db3e-4e65-a7ba-ea94b0754c88 ro console=tty1 console=ttyS0 rootfstype=ext4 quiet oops=panic softlockup_panic=1 nmi_watchdog=1 rd.shell=0 selinux=0 crashkernel=256M panic=3
Sep 13 09:05:15 10 kernel: [    0.000000] x86/fpu: Supporting XSAVE feature 0x001: 'x87 floating point registers'
Sep 13 09:05:15 10 kernel: [    0.000000] x86/fpu: Supporting XSAVE feature 0x002: 'SSE registers'
Sep 13 09:05:15 10 kernel: [    0.000000] x86/fpu: Supporting XSAVE feature 0x004: 'AVX registers'
Sep 13 09:05:15 10 kernel: [    0.000000] x86/fpu: xstate_offset[2]:  576, xstate_sizes[2]:  256
Sep 13 09:05:15 10 kernel: [    0.000000] x86/fpu: Enabled xstate features 0x7, context size is 832 bytes, using 'standard' format.
Sep 13 09:05:15 10 kernel: [    0.000000] signal: max sigframe size: 1776
Sep 13 09:05:15 10 kernel: [    0.000000] BIOS-provided physical RAM map:
Sep 13 09:05:15 10 kernel: [    0.000000] BIOS-e820: [mem 0x0000000000000000-0x000000000009ffff] usable
Sep 13 09:05:15 10 kernel: [    0.000000] BIOS-e820: [mem 0x0000000000100000-0x00000000007fffff] usable
Sep 13 09:05:15 10 kernel: [    0.000000] BIOS-e820: [mem 0x0000000000800000-0x0000000000807fff] ACPI NVS
Sep 13 09:05:15 10 kernel: [    0.000000] BIOS-e820: [mem 0x0000000000808000-0x000000000080afff] usable
Sep 13 09:05:15 10 kernel: [    0.000000] BIOS-e820: [mem 0x000000000080b000-0x000000000080bfff] ACPI NVS
Sep 13 09:05:15 10 kernel: [    0.000000] BIOS-e820: [mem 0x000000000080c000-0x000000000080ffff] usable
Sep 13 09:05:15 10 kernel: [    0.000000] BIOS-e820: [mem 0x0000000000810000-0x00000000008fffff] ACPI NVS
Sep 13 09:05:15 10 kernel: [    0.000000] BIOS-e820: [mem 0x0000000000900000-0x00000000beeb4fff] usable
Sep 13 09:05:15 10 kernel: [    0.000000] BIOS-e820: [mem 0x00000000beeb5000-0x00000000bef75fff] reserved
Sep 13 09:05:15 10 kernel: [    0.000000] BIOS-e820: [mem 0x00000000bef76000-0x00000000bf8eefff] usable
Sep 13 09:05:15 10 kernel: [    0.000000] BIOS-e820: [mem 0x00000000bf8ef000-0x00000000bfb6efff] reserved
Sep 13 09:05:15 10 kernel: [    0.000000] BIOS-e820: [mem 0x00000000bfb6f000-0x00000000bfb7efff] ACPI data
Sep 13 09:05:15 10 kernel: [    0.000000] BIOS-e820: [mem 0x00000000bfb7f000-0x00000000bfbfefff] ACPI NVS
Sep 13 09:05:15 10 kernel: [    0.000000] BIOS-e820: [mem 0x00000000bfbff000-0x00000000bff1ffff] usable
Sep 13 09:05:15 10 kernel: [    0.000000] BIOS-e820: [mem 0x00000000bff20000-0x00000000bff3ffff] reserved
Sep 13 09:05:15 10 kernel: [    0.000000] BIOS-e820: [mem 0x00000000bff40000-0x00000000bfffffff] ACPI NVS
Sep 13 09:05:15 10 kernel: [    0.000000] BIOS-e820: [mem 0x00000000ffe00000-0x00000000ffffffff] reserved
Sep 13 09:05:15 10 kernel: [    0.000000] BIOS-e820: [mem 0x0000000100000000-0x000000023fffffff] usable
Sep 13 09:05:15 10 kernel: [    0.000000] NX (Execute Disable) protection: active
Sep 13 09:05:15 10 kernel: [    0.000000] extended physical RAM map:
Sep 13 09:05:15 10 kernel: [    0.000000] reserve setup_data: [mem 0x0000000000000000-0x000000000009ffff] usable
Sep 13 09:05:15 10 kernel: [    0.000000] reserve setup_data: [mem 0x0000000000100000-0x00000000007fffff] usable
Sep 13 09:05:15 10 kernel: [    0.000000] reserve setup_data: [mem 0x0000000000800000-0x0000000000807fff] ACPI NVS
Sep 13 09:05:15 10 kernel: [    0.000000] reserve setup_data: [mem 0x0000000000808000-0x000000000080afff] usable
Sep 13 09:05:15 10 kernel: [    0.000000] reserve setup_data: [mem 0x000000000080b000-0x000000000080bfff] ACPI NVS
Sep 13 09:05:15 10 kernel: [    0.000000] reserve setup_data: [mem 0x000000000080c000-0x000000000080ffff] usable
Sep 13 09:05:15 10 kernel: [    0.000000] reserve setup_data: [mem 0x0000000000810000-0x00000000008fffff] ACPI NVS
Sep 13 09:05:15 10 kernel: [    0.000000] reserve setup_data: [mem 0x0000000000900000-0x00000000be085017] usable
Sep 13 09:05:15 10 kernel: [    0.000000] reserve setup_data: [mem 0x00000000be085018-0x00000000be0ac457] usable
Sep 13 09:05:15 10 kernel: [    0.000000] reserve setup_data: [mem 0x00000000be0ac458-0x00000000be0ad017] usable
Sep 13 09:05:15 10 kernel: [    0.000000] reserve setup_data: [mem 0x00000000be0ad018-0x00000000be0b6c57] usable
Sep 13 09:05:15 10 kernel: [    0.000000] reserve setup_data: [mem 0x00000000be0b6c58-0x00000000beeb4fff] usable
Sep 13 09:05:15 10 kernel: [    0.000000] reserve setup_data: [mem 0x00000000beeb5000-0x00000000bef75fff] reserved
Sep 13 09:05:15 10 kernel: [    0.000000] reserve setup_data: [mem 0x00000000bef76000-0x00000000bf8eefff] usable
Sep 13 09:05:15 10 kernel: [    0.000000] reserve setup_data: [mem 0x00000000bf8ef000-0x00000000bfb6efff] reserved
Sep 13 09:05:15 10 kernel: [    0.000000] reserve setup_data: [mem 0x00000000bfb6f000-0x00000000bfb7efff] ACPI data
Sep 13 09:05:15 10 kernel: [    0.000000] reserve setup_data: [mem 0x00000000bfb7f000-0x00000000bfbfefff] ACPI NVS
Sep 13 09:05:15 10 kernel: [    0.000000] reserve setup_data: [mem 0x00000000bfbff000-0x00000000bff1ffff] usable
Sep 13 09:05:15 10 kernel: [    0.000000] reserve setup_data: [mem 0x00000000bff20000-0x00000000bff3ffff] reserved
Sep 13 09:05:15 10 kernel: [    0.000000] reserve setup_data: [mem 0x00000000bff40000-0x00000000bfffffff] ACPI NVS
Sep 13 09:05:15 10 kernel: [    0.000000] reserve setup_data: [mem 0x00000000ffe00000-0x00000000ffffffff] reserved
Sep 13 09:05:15 10 kernel: [    0.000000] reserve setup_data: [mem 0x0000000100000000-0x000000023fffffff] usable
Sep 13 09:05:15 10 kernel: [    0.000000] efi: EFI v2.7 by EDK II
Sep 13 09:05:15 10 kernel: [    0.000000] efi: SMBIOS=0xbf91a000 SMBIOS 3.0=0xbf918000 ACPI=0xbfb7e000 ACPI 2.0=0xbfb7e014 MEMATTR=0xbe854018 RNG=0xbfb75018 
Sep 13 09:05:15 10 kernel: [    0.000000] random: crng init done
Sep 13 09:05:15 10 kernel: [    0.000000] efi: Remove mem140: MMIO range=[0xffe00000-0xffffffff] (2MB) from e820 map
Sep 13 09:05:15 10 kernel: [    0.000000] SMBIOS 3.0.0 present.
Sep 13 09:05:15 10 kernel: [    0.000000] DMI: QEMU Standard PC (i440FX + PIIX, 1996), BIOS 0.0.0 02/06/2015
Sep 13 09:05:15 10 kernel: [    0.000000] Hypervisor detected: KVM
Sep 13 09:05:15 10 kernel: [    0.000000] kvm-clock: Using msrs 4b564d01 and 4b564d00
Sep 13 09:05:15 10 kernel: [    0.000001] kvm-clock: using sched offset of 10660715546 cycles
Sep 13 09:05:15 10 kernel: [    0.000002] clocksource: kvm-clock: mask: 0xffffffffffffffff max_cycles: 0x1cd42e4dffb, max_idle_ns: 881590591483 ns
Sep 13 09:05:15 10 kernel: [    0.000007] tsc: Detected 3417.602 MHz processor
Sep 13 09:05:15 10 kernel: [    0.000258] last_pfn = 0x240000 max_arch_pfn = 0x400000000
Sep 13 09:05:15 10 kernel: [    0.000332] x86/PAT: Configuration [0-7]: WB  WC  UC- UC  WB  WP  UC- WT  
Sep 13 09:05:15 10 kernel: [    0.000422] last_pfn = 0xbff20 max_arch_pfn = 0x400000000
Sep 13 09:05:15 10 kernel: [    0.009040] Using GB pages for direct mapping
Sep 13 09:05:15 10 kernel: [    0.009270] Secure boot disabled
Sep 13 09:05:15 10 kernel: [    0.009270] RAMDISK: [mem 0x3a289000-0x3bf59fff]
Sep 13 09:05:15 10 kernel: [    0.009278] ACPI: Early table checksum verification disabled
Sep 13 09:05:15 10 kernel: [    0.009288] ACPI: RSDP 0x00000000BFB7E014 000024 (v02 BOCHS )
Sep 13 09:05:15 10 kernel: [    0.009291] ACPI: XSDT 0x00000000BFB7D0E8 00004C (v01 BOCHS  BXPC     00000001      01000013)
Sep 13 09:05:15 10 kernel: [    0.009300] ACPI: FACP 0x00000000BFB7A000 000074 (v01 BOCHS  BXPC     00000001 BXPC 00000001)
Sep 13 09:05:15 10 kernel: [    0.009313] ACPI: DSDT 0x00000000BFB7B000 001D71 (v01 BOCHS  BXPC     00000001 BXPC 00000001)
Sep 13 09:05:15 10 kernel: [    0.009321] ACPI: FACS 0x00000000BFBDD000 000040
Sep 13 09:05:15 10 kernel: [    0.009323] ACPI: APIC 0x00000000BFB79000 0000B0 (v03 BOCHS  BXPC     00000001 BXPC 00000001)
Sep 13 09:05:15 10 kernel: [    0.009325] ACPI: HPET 0x00000000BFB78000 000038 (v01 BOCHS  BXPC     00000001 BXPC 00000001)
Sep 13 09:05:15 10 kernel: [    0.009327] ACPI: WAET 0x00000000BFB77000 000028 (v01 BOCHS  BXPC     00000001 BXPC 00000001)
Sep 13 09:05:15 10 kernel: [    0.009329] ACPI: BGRT 0x00000000BFB76000 000038 (v01 INTEL  EDK2     00000002      01000013)
Sep 13 09:05:15 10 kernel: [    0.009330] ACPI: Reserving FACP table memory at [mem 0xbfb7a000-0xbfb7a073]
Sep 13 09:05:15 10 kernel: [    0.009331] ACPI: Reserving DSDT table memory at [mem 0xbfb7b000-0xbfb7cd70]
Sep 13 09:05:15 10 kernel: [    0.009331] ACPI: Reserving FACS table memory at [mem 0xbfbdd000-0xbfbdd03f]
Sep 13 09:05:15 10 kernel: [    0.009332] ACPI: Reserving APIC table memory at [mem 0xbfb79000-0xbfb790af]
Sep 13 09:05:15 10 kernel: [    0.009332] ACPI: Reserving HPET table memory at [mem 0xbfb78000-0xbfb78037]
Sep 13 09:05:15 10 kernel: [    0.009332] ACPI: Reserving WAET table memory at [mem 0xbfb77000-0xbfb77027]
Sep 13 09:05:15 10 kernel: [    0.009333] ACPI: Reserving BGRT table memory at [mem 0xbfb76000-0xbfb76037]
Sep 13 09:05:15 10 kernel: [    0.009867] No NUMA configuration found
Sep 13 09:05:15 10 kernel: [    0.009868] Faking a node at [mem 0x0000000000000000-0x000000023fffffff]
Sep 13 09:05:15 10 kernel: [    0.009874] NODE_DATA(0) allocated [mem 0x23ffd5000-0x23fffffff]
Sep 13 09:05:15 10 kernel: [    0.016521] Reserving 256MB of memory at 2736MB for crashkernel (System RAM: 8185MB)
Sep 13 09:05:15 10 kernel: [    0.016547] Zone ranges:
Sep 13 09:05:15 10 kernel: [    0.016548]   DMA      [mem 0x0000000000001000-0x0000000000ffffff]
Sep 13 09:05:15 10 kernel: [    0.016549]   DMA32    [mem 0x0000000001000000-0x00000000ffffffff]
Sep 13 09:05:15 10 kernel: [    0.016550]   Normal   [mem 0x0000000100000000-0x000000023fffffff]
Sep 13 09:05:15 10 kernel: [    0.016551]   Device   empty
Sep 13 09:05:15 10 kernel: [    0.016551] Movable zone start for each node
Sep 13 09:05:15 10 kernel: [    0.016552] Early memory node ranges
Sep 13 09:05:15 10 kernel: [    0.016552]   node   0: [mem 0x0000000000001000-0x000000000009ffff]
Sep 13 09:05:15 10 kernel: [    0.016553]   node   0: [mem 0x0000000000100000-0x00000000007fffff]
Sep 13 09:05:15 10 kernel: [    0.016553]   node   0: [mem 0x0000000000808000-0x000000000080afff]
Sep 13 09:05:15 10 kernel: [    0.016553]   node   0: [mem 0x000000000080c000-0x000000000080ffff]
Sep 13 09:05:15 10 kernel: [    0.016554]   node   0: [mem 0x0000000000900000-0x00000000beeb4fff]
Sep 13 09:05:15 10 kernel: [    0.016554]   node   0: [mem 0x00000000bef76000-0x00000000bf8eefff]
Sep 13 09:05:15 10 kernel: [    0.016555]   node   0: [mem 0x00000000bfbff000-0x00000000bff1ffff]
Sep 13 09:05:15 10 kernel: [    0.016555]   node   0: [mem 0x0000000100000000-0x000000023fffffff]
Sep 13 09:05:15 10 kernel: [    0.016557] Initmem setup node 0 [mem 0x0000000000001000-0x000000023fffffff]
Sep 13 09:05:15 10 kernel: [    0.022349] On node 0, zone DMA: 1 pages in unavailable ranges
Sep 13 09:05:15 10 kernel: [    0.022380] On node 0, zone DMA: 96 pages in unavailable ranges
Sep 13 09:05:15 10 kernel: [    0.022382] On node 0, zone DMA: 8 pages in unavailable ranges
Sep 13 09:05:15 10 kernel: [    0.022382] On node 0, zone DMA: 1 pages in unavailable ranges
Sep 13 09:05:15 10 kernel: [    0.022411] On node 0, zone DMA: 240 pages in unavailable ranges
Sep 13 09:05:15 10 kernel: [    0.193658] On node 0, zone DMA32: 193 pages in unavailable ranges
Sep 13 09:05:15 10 kernel: [    0.193686] On node 0, zone DMA32: 784 pages in unavailable ranges
Sep 13 09:05:15 10 kernel: [    0.203144] On node 0, zone Normal: 224 pages in unavailable ranges
Sep 13 09:05:15 10 kernel: [    0.203667] ACPI: PM-Timer IO Port: 0xb008
Sep 13 09:05:15 10 kernel: [    0.203684] ACPI: LAPIC_NMI (acpi_id[0xff] dfl dfl lint[0x1])
Sep 13 09:05:15 10 kernel: [    0.203801] IOAPIC[0]: apic_id 0, version 17, address 0xfec00000, GSI 0-23
Sep 13 09:05:15 10 kernel: [    0.203803] ACPI: INT_SRC_OVR (bus 0 bus_irq 0 global_irq 2 dfl dfl)
Sep 13 09:05:15 10 kernel: [    0.203804] ACPI: INT_SRC_OVR (bus 0 bus_irq 5 global_irq 5 high level)
Sep 13 09:05:15 10 kernel: [    0.203805] ACPI: INT_SRC_OVR (bus 0 bus_irq 9 global_irq 9 high level)
Sep 13 09:05:15 10 kernel: [    0.203807] ACPI: INT_SRC_OVR (bus 0 bus_irq 10 global_irq 10 high level)
Sep 13 09:05:15 10 kernel: [    0.203807] ACPI: INT_SRC_OVR (bus 0 bus_irq 11 global_irq 11 high level)
Sep 13 09:05:15 10 kernel: [    0.203810] ACPI: Using ACPI (MADT) for SMP configuration information
Sep 13 09:05:15 10 kernel: [    0.203811] ACPI: HPET id: 0x8086a201 base: 0xfed00000
Sep 13 09:05:15 10 kernel: [    0.203835] TSC deadline timer available
Sep 13 09:05:15 10 kernel: [    0.203841] smpboot: Allowing 8 CPUs, 0 hotplug CPUs
Sep 13 09:05:15 10 kernel: [    0.203868] kvm-guest: KVM setup pv remote TLB flush
Sep 13 09:05:15 10 kernel: [    0.203874] kvm-guest: setup PV sched yield
Sep 13 09:05:15 10 kernel: [    0.203886] PM: hibernation: Registered nosave memory: [mem 0x00000000-0x00000fff]
Sep 13 09:05:15 10 kernel: [    0.203887] PM: hibernation: Registered nosave memory: [mem 0x000a0000-0x000fffff]
Sep 13 09:05:15 10 kernel: [    0.203888] PM: hibernation: Registered nosave memory: [mem 0x00800000-0x00807fff]
Sep 13 09:05:15 10 kernel: [    0.203888] PM: hibernation: Registered nosave memory: [mem 0x0080b000-0x0080bfff]
Sep 13 09:05:15 10 kernel: [    0.203889] PM: hibernation: Registered nosave memory: [mem 0x00810000-0x008fffff]
Sep 13 09:05:15 10 kernel: [    0.203889] PM: hibernation: Registered nosave memory: [mem 0xbe085000-0xbe085fff]
Sep 13 09:05:15 10 kernel: [    0.203890] PM: hibernation: Registered nosave memory: [mem 0xbe0ac000-0xbe0acfff]
Sep 13 09:05:15 10 kernel: [    0.203890] PM: hibernation: Registered nosave memory: [mem 0xbe0ad000-0xbe0adfff]
Sep 13 09:05:15 10 kernel: [    0.203891] PM: hibernation: Registered nosave memory: [mem 0xbe0b6000-0xbe0b6fff]
Sep 13 09:05:15 10 kernel: [    0.203892] PM: hibernation: Registered nosave memory: [mem 0xbe148000-0xbe150fff]
Sep 13 09:05:15 10 kernel: [    0.203892] PM: hibernation: Registered nosave memory: [mem 0xbeeb5000-0xbef75fff]
Sep 13 09:05:15 10 kernel: [    0.203893] PM: hibernation: Registered nosave memory: [mem 0xbf8ef000-0xbfb6efff]
Sep 13 09:05:15 10 kernel: [    0.203893] PM: hibernation: Registered nosave memory: [mem 0xbfb6f000-0xbfb7efff]
Sep 13 09:05:15 10 kernel: [    0.203893] PM: hibernation: Registered nosave memory: [mem 0xbfb7f000-0xbfbfefff]
Sep 13 09:05:15 10 kernel: [    0.203894] PM: hibernation: Registered nosave memory: [mem 0xbff20000-0xbff3ffff]
Sep 13 09:05:15 10 kernel: [    0.203894] PM: hibernation: Registered nosave memory: [mem 0xbff40000-0xbfffffff]
Sep 13 09:05:15 10 kernel: [    0.203894] PM: hibernation: Registered nosave memory: [mem 0xc0000000-0xffffffff]
Sep 13 09:05:15 10 kernel: [    0.203895] [mem 0xc0000000-0xffffffff] available for PCI devices
Sep 13 09:05:15 10 kernel: [    0.203896] Booting paravirtualized kernel on KVM
Sep 13 09:05:15 10 kernel: [    0.203899] clocksource: refined-jiffies: mask: 0xffffffff max_cycles: 0xffffffff, max_idle_ns: 1910969940391419 ns
Sep 13 09:05:15 10 kernel: [    0.207535] setup_percpu: NR_CPUS:8192 nr_cpumask_bits:8 nr_cpu_ids:8 nr_node_ids:1
Sep 13 09:05:15 10 kernel: [    0.216933] percpu: Embedded 63 pages/cpu s221184 r8192 d28672 u262144
Sep 13 09:05:15 10 kernel: [    0.217039] kvm-guest: PV spinlocks enabled
Sep 13 09:05:15 10 kernel: [    0.217043] PV qspinlock hash table entries: 256 (order: 0, 4096 bytes, linear)
Sep 13 09:05:15 10 kernel: [    0.217051] Kernel command line: BOOT_IMAGE=/vmlinuz-6.4.0-3.0.0.11.oe2309.x86_64 root=UUID=2b9da4ac-db3e-4e65-a7ba-ea94b0754c88 ro console=tty1 console=ttyS0 rootfstype=ext4 quiet oops=panic softlockup_panic=1 nmi_watchdog=1 rd.shell=0 selinux=0 crashkernel=256M panic=3
Sep 13 09:05:15 10 kernel: [    0.217135] Unknown kernel command line parameters "BOOT_IMAGE=/vmlinuz-6.4.0-3.0.0.11.oe2309.x86_64 softlockup_panic=1", will be passed to user space.
Sep 13 09:05:15 10 kernel: [    0.246451] Dentry cache hash table entries: 1048576 (order: 11, 8388608 bytes, linear)
Sep 13 09:05:15 10 kernel: [    0.261364] Inode-cache hash table entries: 524288 (order: 10, 4194304 bytes, linear)
Sep 13 09:05:15 10 kernel: [    0.261545] Fallback order for Node 0: 0 
Sep 13 09:05:15 10 kernel: [    0.261549] Built 1 zonelists, mobility grouping on.  Total pages: 2060909
Sep 13 09:05:15 10 kernel: [    0.261550] Policy zone: Normal
Sep 13 09:05:15 10 kernel: [    0.261551] mem auto-init: stack:off, heap alloc:off, heap free:off
Sep 13 09:05:15 10 kernel: [    0.261564] software IO TLB: area num 8.
Sep 13 09:05:15 10 kernel: [    0.595949] Memory: 2873656K/8382420K available (16384K kernel code, 5507K rwdata, 10620K rodata, 3848K init, 18688K bss, 604644K reserved, 0K cma-reserved)
Sep 13 09:05:15 10 kernel: [    0.596068] SLUB: HWalign=64, Order=0-3, MinObjects=0, CPUs=8, Nodes=1
Sep 13 09:05:15 10 kernel: [    0.596112] ftrace: allocating 44941 entries in 176 pages
Sep 13 09:05:15 10 kernel: [    0.604305] ftrace: allocated 176 pages with 3 groups
Sep 13 09:05:15 10 kernel: [    0.605040] Dynamic Preempt: none
Sep 13 09:05:15 10 kernel: [    0.613329] rcu: Preemptible hierarchical RCU implementation.
Sep 13 09:05:15 10 kernel: [    0.613332] rcu: #011RCU restricting CPUs from NR_CPUS=8192 to nr_cpu_ids=8.
Sep 13 09:05:15 10 kernel: [    0.613335] #011Trampoline variant of Tasks RCU enabled.
Sep 13 09:05:15 10 kernel: [    0.613335] #011Rude variant of Tasks RCU enabled.
Sep 13 09:05:15 10 kernel: [    0.613335] #011Tracing variant of Tasks RCU enabled.
Sep 13 09:05:15 10 kernel: [    0.613336] rcu: RCU calculated value of scheduler-enlistment delay is 100 jiffies.
Sep 13 09:05:15 10 kernel: [    0.613337] rcu: Adjusting geometry for rcu_fanout_leaf=16, nr_cpu_ids=8
Sep 13 09:05:15 10 kernel: [    0.615322] NR_IRQS: 524544, nr_irqs: 488, preallocated irqs: 16
Sep 13 09:05:15 10 kernel: [    0.615598] rcu: srcu_init: Setting srcu_struct sizes based on contention.
Sep 13 09:05:15 10 kernel: [    0.615674] Console: colour dummy device 80x25
Sep 13 09:05:15 10 kernel: [    0.615676] printk: console [tty1] enabled
Sep 13 09:05:15 10 kernel: [    0.615841] printk: console [ttyS0] enabled
Sep 13 09:05:15 10 kernel: [    0.615887] ACPI: Core revision 20230331
Sep 13 09:05:15 10 kernel: [    0.616209] clocksource: hpet: mask: 0xffffffff max_cycles: 0xffffffff, max_idle_ns: 19112604467 ns
Sep 13 09:05:15 10 kernel: [    0.616505] APIC: Switch to symmetric I/O mode setup
Sep 13 09:05:15 10 kernel: [    0.617289] x2apic enabled
Sep 13 09:05:15 10 kernel: [    0.618038] Switched APIC routing to physical x2apic.
Sep 13 09:05:15 10 kernel: [    0.618047] kvm-guest: setup PV IPIs
Sep 13 09:05:15 10 kernel: [    0.620854] ..TIMER: vector=0x30 apic1=0 pin1=2 apic2=-1 pin2=-1
Sep 13 09:05:15 10 kernel: [    0.620928] clocksource: tsc-early: mask: 0xffffffffffffffff max_cycles: 0x314342a944b, max_idle_ns: 440795331192 ns
Sep 13 09:05:15 10 kernel: [    0.620937] Calibrating delay loop (skipped) preset value.. 6835.20 BogoMIPS (lpj=3417602)
Sep 13 09:05:15 10 kernel: [    0.620940] pid_max: default: 32768 minimum: 301
Sep 13 09:05:15 10 kernel: [    0.623468] LSM: initializing lsm=lockdown,capability,yama,apparmor,integrity
Sep 13 09:05:15 10 kernel: [    0.623479] Yama: becoming mindful.
Sep 13 09:05:15 10 kernel: [    0.623515] AppArmor: AppArmor initialized
Sep 13 09:05:15 10 kernel: [    0.623982] Mount-cache hash table entries: 16384 (order: 5, 131072 bytes, linear)
Sep 13 09:05:15 10 kernel: [    0.624032] Mountpoint-cache hash table entries: 16384 (order: 5, 131072 bytes, linear)
Sep 13 09:05:15 10 kernel: [    0.624699] x86/cpu: User Mode Instruction Prevention (UMIP) activated
Sep 13 09:05:15 10 kernel: [    0.624915] Last level iTLB entries: 4KB 0, 2MB 0, 4MB 0
Sep 13 09:05:15 10 kernel: [    0.624916] Last level dTLB entries: 4KB 0, 2MB 0, 4MB 0, 1GB 0
Sep 13 09:05:15 10 kernel: [    0.624929] Spectre V1 : Mitigation: usercopy/swapgs barriers and __user pointer sanitization
Sep 13 09:05:15 10 kernel: [    0.624931] Spectre V2 : WARNING: Unprivileged eBPF is enabled with eIBRS on, data leaks possible via Spectre v2 BHB attacks!
Sep 13 09:05:15 10 kernel: [    0.624971] Spectre V2 : Mitigation: Enhanced / Automatic IBRS
Sep 13 09:05:15 10 kernel: [    0.624972] Spectre V2 : Spectre v2 / SpectreRSB mitigation: Filling RSB on context switch
Sep 13 09:05:15 10 kernel: [    0.624973] Spectre V2 : Spectre v2 / PBRSB-eIBRS: Retire a single CALL on VMEXIT
Sep 13 09:05:15 10 kernel: [    0.624977] Spectre V2 : mitigation: Enabling conditional Indirect Branch Prediction Barrier
Sep 13 09:05:15 10 kernel: [    0.624979] Speculative Store Bypass: Mitigation: Speculative Store Bypass disabled via prctl
Sep 13 09:05:15 10 kernel: [    0.624979] MMIO Stale Data: Unknown: No mitigations
Sep 13 09:05:15 10 kernel: [    0.641490] Freeing SMP alternatives memory: 36K
Sep 13 09:05:15 10 kernel: [    0.641739] smpboot: CPU0: 13th Gen Intel(R) Core(TM) i7-13700K (family: 0x6, model: 0xb7, stepping: 0x1)
Sep 13 09:05:15 10 kernel: [    0.641932] cblist_init_generic: Setting adjustable number of callback queues.
Sep 13 09:05:15 10 kernel: [    0.641932] cblist_init_generic: Setting shift to 3 and lim to 1.
Sep 13 09:05:15 10 kernel: [    0.641932] cblist_init_generic: Setting shift to 3 and lim to 1.
Sep 13 09:05:15 10 kernel: [    0.641932] cblist_init_generic: Setting shift to 3 and lim to 1.
Sep 13 09:05:15 10 kernel: [    0.641932] Performance Events: Alderlake Hybrid events, core PMU driver.
Sep 13 09:05:15 10 kernel: [    0.641932] core: CPUID marked event: 'cpu cycles' unavailable
Sep 13 09:05:15 10 kernel: [    0.641932] core: CPUID marked event: 'instructions' unavailable
Sep 13 09:05:15 10 kernel: [    0.641932] core: CPUID marked event: 'bus cycles' unavailable
Sep 13 09:05:15 10 kernel: [    0.641932] core: CPUID marked event: 'cache references' unavailable
Sep 13 09:05:15 10 kernel: [    0.641932] core: CPUID marked event: 'cache misses' unavailable
Sep 13 09:05:15 10 kernel: [    0.641932] core: CPUID marked event: 'branch instructions' unavailable
Sep 13 09:05:15 10 kernel: [    0.641932] core: CPUID marked event: 'branch misses' unavailable
Sep 13 09:05:15 10 kernel: [    0.641932] core: cpu_core PMU driver: 
Sep 13 09:05:15 10 kernel: [    0.641932] ... version:                1
Sep 13 09:05:15 10 kernel: [    0.641932] ... bit width:              48
Sep 13 09:05:15 10 kernel: [    0.641932] ... generic registers:      6
Sep 13 09:05:15 10 kernel: [    0.641932] ... value mask:             0000ffffffffffff
Sep 13 09:05:15 10 kernel: [    0.641932] ... max period:             000000007fffffff
Sep 13 09:05:15 10 kernel: [    0.641932] ... fixed-purpose events:   0
Sep 13 09:05:15 10 kernel: [    0.641932] ... event mask:             000100080000003f
Sep 13 09:05:15 10 kernel: [    0.641932] rcu: Hierarchical SRCU implementation.
Sep 13 09:05:15 10 kernel: [    0.641932] rcu: #011Max phase no-delay instances is 400.
Sep 13 09:05:15 10 kernel: [    0.642173] NMI watchdog: Perf NMI watchdog permanently disabled
Sep 13 09:05:15 10 kernel: [    0.642375] smp: Bringing up secondary CPUs ...
Sep 13 09:05:15 10 kernel: [    0.642510] x86: Booting SMP configuration:
Sep 13 09:05:15 10 kernel: [    0.642510] .... node  #0, CPUs:      #1 #2 #3 #4 #5 #6 #7
Sep 13 09:05:15 10 kernel: [    0.653181] smp: Brought up 1 node, 8 CPUs
Sep 13 09:05:15 10 kernel: [    0.653186] smpboot: Max logical packages: 1
Sep 13 09:05:15 10 kernel: [    0.653187] smpboot: Total of 8 processors activated (54681.63 BogoMIPS)
Sep 13 09:05:15 10 kernel: [    0.678767] node 0 deferred pages initialised in 12ms
Sep 13 09:05:15 10 kernel: [    0.679326] devtmpfs: initialized
Sep 13 09:05:15 10 kernel: [    0.679326] x86/mm: Memory block size: 128MB
Sep 13 09:05:15 10 kernel: [    0.679984] ACPI: PM: Registering ACPI NVS region [mem 0x00800000-0x00807fff] (32768 bytes)
Sep 13 09:05:15 10 kernel: [    0.679988] ACPI: PM: Registering ACPI NVS region [mem 0x0080b000-0x0080bfff] (4096 bytes)
Sep 13 09:05:15 10 kernel: [    0.679989] ACPI: PM: Registering ACPI NVS region [mem 0x00810000-0x008fffff] (983040 bytes)
Sep 13 09:05:15 10 kernel: [    0.680002] ACPI: PM: Registering ACPI NVS region [mem 0xbfb7f000-0xbfbfefff] (524288 bytes)
Sep 13 09:05:15 10 kernel: [    0.680006] ACPI: PM: Registering ACPI NVS region [mem 0xbff40000-0xbfffffff] (786432 bytes)
Sep 13 09:05:15 10 kernel: [    0.680054] clocksource: jiffies: mask: 0xffffffff max_cycles: 0xffffffff, max_idle_ns: 1911260446275000 ns
Sep 13 09:05:15 10 kernel: [    0.680058] futex hash table entries: 2048 (order: 5, 131072 bytes, linear)
Sep 13 09:05:15 10 kernel: [    0.680131] pinctrl core: initialized pinctrl subsystem
Sep 13 09:05:15 10 kernel: [    0.681526] NET: Registered PF_NETLINK/PF_ROUTE protocol family
Sep 13 09:05:15 10 kernel: [    0.681630] DMA: preallocated 1024 KiB GFP_KERNEL pool for atomic allocations
Sep 13 09:05:15 10 kernel: [    0.681635] DMA: preallocated 1024 KiB GFP_KERNEL|GFP_DMA pool for atomic allocations
Sep 13 09:05:15 10 kernel: [    0.681640] DMA: preallocated 1024 KiB GFP_KERNEL|GFP_DMA32 pool for atomic allocations
Sep 13 09:05:15 10 kernel: [    0.681652] audit: initializing netlink subsys (disabled)
Sep 13 09:05:15 10 kernel: [    0.681678] audit: type=2000 audit(1694595913.799:1): state=initialized audit_enabled=0 res=1
Sep 13 09:05:15 10 kernel: [    0.681678] thermal_sys: Registered thermal governor 'fair_share'
Sep 13 09:05:15 10 kernel: [    0.681678] thermal_sys: Registered thermal governor 'bang_bang'
Sep 13 09:05:15 10 kernel: [    0.681678] thermal_sys: Registered thermal governor 'step_wise'
Sep 13 09:05:15 10 kernel: [    0.681678] thermal_sys: Registered thermal governor 'user_space'
Sep 13 09:05:15 10 kernel: [    0.681678] cpuidle: using governor menu
Sep 13 09:05:15 10 kernel: [    0.682486] acpiphp: ACPI Hot Plug PCI Controller Driver version: 0.5
Sep 13 09:05:15 10 kernel: [    0.682730] PCI: Using configuration type 1 for base access
Sep 13 09:05:15 10 kernel: [    0.682994] kprobes: kprobe jump-optimization is enabled. All kprobes are optimized if possible.
Sep 13 09:05:15 10 kernel: [    0.689958] HugeTLB: registered 1.00 GiB page size, pre-allocated 0 pages
Sep 13 09:05:15 10 kernel: [    0.689962] HugeTLB: 16380 KiB vmemmap can be freed for a 1.00 GiB page
Sep 13 09:05:15 10 kernel: [    0.689963] HugeTLB: registered 2.00 MiB page size, pre-allocated 0 pages
Sep 13 09:05:15 10 kernel: [    0.689964] HugeTLB: 28 KiB vmemmap can be freed for a 2.00 MiB page
Sep 13 09:05:15 10 kernel: [    0.690030] cryptd: max_cpu_qlen set to 1000
Sep 13 09:05:15 10 kernel: [    0.690997] ACPI: Added _OSI(Module Device)
Sep 13 09:05:15 10 kernel: [    0.690998] ACPI: Added _OSI(Processor Device)
Sep 13 09:05:15 10 kernel: [    0.690999] ACPI: Added _OSI(3.0 _SCP Extensions)
Sep 13 09:05:15 10 kernel: [    0.690999] ACPI: Added _OSI(Processor Aggregator Device)
Sep 13 09:05:15 10 kernel: [    0.691339] ACPI: 1 ACPI AML tables successfully acquired and loaded
Sep 13 09:05:15 10 kernel: [    0.691636] ACPI: Interpreter enabled
Sep 13 09:05:15 10 kernel: [    0.691636] ACPI: PM: (supports S0 S3 S4 S5)
Sep 13 09:05:15 10 kernel: [    0.691636] ACPI: Using IOAPIC for interrupt routing
Sep 13 09:05:15 10 kernel: [    0.691636] PCI: Using host bridge windows from ACPI; if necessary, use "pci=nocrs" and report a bug
Sep 13 09:05:15 10 kernel: [    0.691636] PCI: Using E820 reservations for host bridge windows
Sep 13 09:05:15 10 kernel: [    0.691636] ACPI: Enabled 2 GPEs in block 00 to 0F
Sep 13 09:05:15 10 kernel: [    0.692932] ACPI: PCI Root Bridge [PCI0] (domain 0000 [bus 00-ff])
Sep 13 09:05:15 10 kernel: [    0.692932] acpi PNP0A03:00: _OSC: OS supports [ASPM ClockPM Segments MSI HPX-Type3]
Sep 13 09:05:15 10 kernel: [    0.692932] acpi PNP0A03:00: _OSC: not requesting OS control; OS requires [ExtendedConfig ASPM ClockPM MSI]
Sep 13 09:05:15 10 kernel: [    0.692932] acpi PNP0A03:00: fail to add MMCONFIG information, can't access extended configuration space under this bridge
Sep 13 09:05:15 10 kernel: [    0.693071] acpiphp: Slot [3] registered
Sep 13 09:05:15 10 kernel: [    0.693093] acpiphp: Slot [4] registered
Sep 13 09:05:15 10 kernel: [    0.693114] acpiphp: Slot [5] registered
Sep 13 09:05:15 10 kernel: [    0.693134] acpiphp: Slot [6] registered
Sep 13 09:05:15 10 kernel: [    0.693158] acpiphp: Slot [7] registered
Sep 13 09:05:15 10 kernel: [    0.693180] acpiphp: Slot [8] registered
Sep 13 09:05:15 10 kernel: [    0.693199] acpiphp: Slot [9] registered
Sep 13 09:05:15 10 kernel: [    0.693220] acpiphp: Slot [10] registered
Sep 13 09:05:15 10 kernel: [    0.693239] acpiphp: Slot [11] registered
Sep 13 09:05:15 10 kernel: [    0.693259] acpiphp: Slot [12] registered
Sep 13 09:05:15 10 kernel: [    0.693279] acpiphp: Slot [13] registered
Sep 13 09:05:15 10 kernel: [    0.693298] acpiphp: Slot [14] registered
Sep 13 09:05:15 10 kernel: [    0.693320] acpiphp: Slot [15] registered
Sep 13 09:05:15 10 kernel: [    0.693341] acpiphp: Slot [16] registered
Sep 13 09:05:15 10 kernel: [    0.693361] acpiphp: Slot [17] registered
Sep 13 09:05:15 10 kernel: [    0.693381] acpiphp: Slot [18] registered
Sep 13 09:05:15 10 kernel: [    0.693400] acpiphp: Slot [19] registered
Sep 13 09:05:15 10 kernel: [    0.693466] acpiphp: Slot [20] registered
Sep 13 09:05:15 10 kernel: [    0.693487] acpiphp: Slot [21] registered
Sep 13 09:05:15 10 kernel: [    0.693507] acpiphp: Slot [22] registered
Sep 13 09:05:15 10 kernel: [    0.693530] acpiphp: Slot [23] registered
Sep 13 09:05:15 10 kernel: [    0.693551] acpiphp: Slot [24] registered
Sep 13 09:05:15 10 kernel: [    0.693571] acpiphp: Slot [25] registered
Sep 13 09:05:15 10 kernel: [    0.693591] acpiphp: Slot [26] registered
Sep 13 09:05:15 10 kernel: [    0.693611] acpiphp: Slot [27] registered
Sep 13 09:05:15 10 kernel: [    0.693630] acpiphp: Slot [28] registered
Sep 13 09:05:15 10 kernel: [    0.693653] acpiphp: Slot [29] registered
Sep 13 09:05:15 10 kernel: [    0.693674] acpiphp: Slot [30] registered
Sep 13 09:05:15 10 kernel: [    0.693696] acpiphp: Slot [31] registered
Sep 13 09:05:15 10 kernel: [    0.693715] PCI host bridge to bus 0000:00
Sep 13 09:05:15 10 kernel: [    0.693716] pci_bus 0000:00: root bus resource [io  0x0000-0x0cf7 window]
Sep 13 09:05:15 10 kernel: [    0.693718] pci_bus 0000:00: root bus resource [io  0x0d00-0xffff window]
Sep 13 09:05:15 10 kernel: [    0.693719] pci_bus 0000:00: root bus resource [mem 0x000a0000-0x000bffff window]
Sep 13 09:05:15 10 kernel: [    0.693720] pci_bus 0000:00: root bus resource [mem 0xc0000000-0xfebfffff window]
Sep 13 09:05:15 10 kernel: [    0.693721] pci_bus 0000:00: root bus resource [mem 0x800000000-0x87fffffff window]
Sep 13 09:05:15 10 kernel: [    0.693722] pci_bus 0000:00: root bus resource [bus 00-ff]
Sep 13 09:05:15 10 kernel: [    0.693792] pci 0000:00:00.0: [8086:1237] type 00 class 0x060000
Sep 13 09:05:15 10 kernel: [    0.694114] pci 0000:00:01.0: [8086:7000] type 00 class 0x060100
Sep 13 09:05:15 10 kernel: [    0.694932] pci 0000:00:01.1: [8086:7010] type 00 class 0x010180
Sep 13 09:05:15 10 kernel: [    0.696918] pci 0000:00:01.1: reg 0x20: [io  0xc0e0-0xc0ef]
Sep 13 09:05:15 10 kernel: [    0.697706] pci 0000:00:01.1: legacy IDE quirk: reg 0x10: [io  0x01f0-0x01f7]
Sep 13 09:05:15 10 kernel: [    0.697709] pci 0000:00:01.1: legacy IDE quirk: reg 0x14: [io  0x03f6]
Sep 13 09:05:15 10 kernel: [    0.697709] pci 0000:00:01.1: legacy IDE quirk: reg 0x18: [io  0x0170-0x0177]
Sep 13 09:05:15 10 kernel: [    0.697710] pci 0000:00:01.1: legacy IDE quirk: reg 0x1c: [io  0x0376]
Sep 13 09:05:15 10 kernel: [    0.697932] pci 0000:00:01.2: [8086:7020] type 00 class 0x0c0300
Sep 13 09:05:15 10 kernel: [    0.699673] pci 0000:00:01.2: reg 0x20: [io  0xc0c0-0xc0df]
Sep 13 09:05:15 10 kernel: [    0.700932] pci 0000:00:01.3: [8086:7113] type 00 class 0x068000
Sep 13 09:05:15 10 kernel: [    0.700932] pci 0000:00:01.3: quirk: [io  0xb000-0xb03f] claimed by PIIX4 ACPI
Sep 13 09:05:15 10 kernel: [    0.700932] pci 0000:00:01.3: quirk: [io  0xb100-0xb10f] claimed by PIIX4 SMB
Sep 13 09:05:15 10 kernel: [    0.700932] pci 0000:00:02.0: [1af4:1050] type 00 class 0x030000
Sep 13 09:05:15 10 kernel: [    0.701913] pci 0000:00:02.0: reg 0x10: [mem 0xc0000000-0xc07fffff pref]
Sep 13 09:05:15 10 kernel: [    0.703864] pci 0000:00:02.0: reg 0x18: [mem 0x800000000-0x800003fff 64bit pref]
Sep 13 09:05:15 10 kernel: [    0.704815] pci 0000:00:02.0: reg 0x20: [mem 0xc0843000-0xc0843fff]
Sep 13 09:05:15 10 kernel: [    0.706765] pci 0000:00:02.0: reg 0x30: [mem 0xffff0000-0xffffffff pref]
Sep 13 09:05:15 10 kernel: [    0.707334] pci 0000:00:02.0: BAR 0: assigned to efifb
Sep 13 09:05:15 10 kernel: [    0.707417] pci 0000:00:02.0: Video device with shadowed ROM at [mem 0x000c0000-0x000dffff]
Sep 13 09:05:15 10 kernel: [    0.708932] pci 0000:00:03.0: [1af4:1005] type 00 class 0x00ff00
Sep 13 09:05:15 10 kernel: [    0.708941] pci 0000:00:03.0: reg 0x10: [io  0xc0a0-0xc0bf]
Sep 13 09:05:15 10 kernel: [    0.709586] pci 0000:00:03.0: reg 0x14: [mem 0xc0842000-0xc0842fff]
Sep 13 09:05:15 10 kernel: [    0.710945] pci 0000:00:03.0: reg 0x20: [mem 0x800004000-0x800007fff 64bit pref]
Sep 13 09:05:15 10 kernel: [    0.713932] pci 0000:00:04.0: [1af4:1001] type 00 class 0x010000
Sep 13 09:05:15 10 kernel: [    0.713943] pci 0000:00:04.0: reg 0x10: [io  0xc000-0xc07f]
Sep 13 09:05:15 10 kernel: [    0.714521] pci 0000:00:04.0: reg 0x14: [mem 0xc0841000-0xc0841fff]
Sep 13 09:05:15 10 kernel: [    0.715944] pci 0000:00:04.0: reg 0x20: [mem 0x800008000-0x80000bfff 64bit pref]
Sep 13 09:05:15 10 kernel: [    0.716932] pci 0000:00:05.0: [1af4:1000] type 00 class 0x020000
Sep 13 09:05:15 10 kernel: [    0.717910] pci 0000:00:05.0: reg 0x10: [io  0xc080-0xc09f]
Sep 13 09:05:15 10 kernel: [    0.718944] pci 0000:00:05.0: reg 0x14: [mem 0xc0840000-0xc0840fff]
Sep 13 09:05:15 10 kernel: [    0.720909] pci 0000:00:05.0: reg 0x20: [mem 0x80000c000-0x80000ffff 64bit pref]
Sep 13 09:05:15 10 kernel: [    0.721764] pci 0000:00:05.0: reg 0x30: [mem 0xfffc0000-0xffffffff pref]
Sep 13 09:05:15 10 kernel: [    0.722932] pci 0000:00:06.0: [1b36:000d] type 00 class 0x0c0330
Sep 13 09:05:15 10 kernel: [    0.723576] pci 0000:00:06.0: reg 0x10: [mem 0x800010000-0x800013fff 64bit]
Sep 13 09:05:15 10 kernel: [    0.727497] ACPI: PCI: Interrupt link LNKA configured for IRQ 10
Sep 13 09:05:15 10 kernel: [    0.727637] ACPI: PCI: Interrupt link LNKB configured for IRQ 10
Sep 13 09:05:15 10 kernel: [    0.727749] ACPI: PCI: Interrupt link LNKC configured for IRQ 11
Sep 13 09:05:15 10 kernel: [    0.727859] ACPI: PCI: Interrupt link LNKD configured for IRQ 11
Sep 13 09:05:15 10 kernel: [    0.727932] ACPI: PCI: Interrupt link LNKS configured for IRQ 9
Sep 13 09:05:15 10 kernel: [    0.729578] iommu: Default domain type: Passthrough 
Sep 13 09:05:15 10 kernel: [    0.729578] SCSI subsystem initialized
Sep 13 09:05:15 10 kernel: [    0.729655] ACPI: bus type USB registered
Sep 13 09:05:15 10 kernel: [    0.729701] usbcore: registered new interface driver usbfs
Sep 13 09:05:15 10 kernel: [    0.729726] usbcore: registered new interface driver hub
Sep 13 09:05:15 10 kernel: [    0.729731] usbcore: registered new device driver usb
Sep 13 09:05:15 10 kernel: [    0.729775] pps_core: LinuxPPS API ver. 1 registered
Sep 13 09:05:15 10 kernel: [    0.729777] pps_core: Software ver. 5.3.6 - Copyright 2005-2007 Rodolfo Giometti <giometti@linux.it>
Sep 13 09:05:15 10 kernel: [    0.729779] PTP clock support registered
Sep 13 09:05:15 10 kernel: [    0.729987] EDAC MC: Ver: 3.0.0
Sep 13 09:05:15 10 kernel: [    0.730217] efivars: Registered efivars operations
Sep 13 09:05:15 10 kernel: [    0.731914] NetLabel: Initializing
Sep 13 09:05:15 10 kernel: [    0.731916] NetLabel:  domain hash size = 128
Sep 13 09:05:15 10 kernel: [    0.731918] NetLabel:  protocols = UNLABELED CIPSOv4 CALIPSO
Sep 13 09:05:15 10 kernel: [    0.731932] NetLabel:  unlabeled traffic allowed by default
Sep 13 09:05:15 10 kernel: [    0.731932] PCI: Using ACPI for IRQ routing
Sep 13 09:05:15 10 kernel: [    0.732196] pci 0000:00:02.0: vgaarb: setting as boot VGA device
Sep 13 09:05:15 10 kernel: [    0.732196] pci 0000:00:02.0: vgaarb: bridge control possible
Sep 13 09:05:15 10 kernel: [    0.732196] pci 0000:00:02.0: vgaarb: VGA device added: decodes=io+mem,owns=io+mem,locks=none
Sep 13 09:05:15 10 kernel: [    0.732196] vgaarb: loaded
Sep 13 09:05:15 10 kernel: [    0.732255] hpet0: at MMIO 0xfed00000, IRQs 2, 8, 0
Sep 13 09:05:15 10 kernel: [    0.732263] hpet0: 3 comparators, 64-bit 100.000000 MHz counter
Sep 13 09:05:15 10 kernel: [    0.738249] clocksource: Switched to clocksource kvm-clock
Sep 13 09:05:15 10 kernel: [    0.791208] VFS: Disk quotas dquot_6.6.0
Sep 13 09:05:15 10 kernel: [    0.791232] VFS: Dquot-cache hash table entries: 512 (order 0, 4096 bytes)
Sep 13 09:05:15 10 kernel: [    0.791346] AppArmor: AppArmor Filesystem Enabled
Sep 13 09:05:15 10 kernel: [    0.791346] pnp: PnP ACPI init
Sep 13 09:05:15 10 kernel: [    0.791886] pnp: PnP ACPI: found 6 devices
Sep 13 09:05:15 10 kernel: [    0.800520] clocksource: acpi_pm: mask: 0xffffff max_cycles: 0xffffff, max_idle_ns: 2085701024 ns
Sep 13 09:05:15 10 kernel: [    0.800655] NET: Registered PF_INET protocol family
Sep 13 09:05:15 10 kernel: [    0.801222] IP idents hash table entries: 131072 (order: 8, 1048576 bytes, linear)
Sep 13 09:05:15 10 kernel: [    0.802658] tcp_listen_portaddr_hash hash table entries: 4096 (order: 4, 65536 bytes, linear)
Sep 13 09:05:15 10 kernel: [    0.802691] Table-perturb hash table entries: 65536 (order: 6, 262144 bytes, linear)
Sep 13 09:05:15 10 kernel: [    0.802695] TCP established hash table entries: 65536 (order: 7, 524288 bytes, linear)
Sep 13 09:05:15 10 kernel: [    0.810798] TCP bind hash table entries: 65536 (order: 9, 2097152 bytes, linear)
Sep 13 09:05:15 10 kernel: [    0.819432] TCP: Hash tables configured (established 65536 bind 65536)
Sep 13 09:05:15 10 kernel: [    0.819592] UDP hash table entries: 4096 (order: 5, 131072 bytes, linear)
Sep 13 09:05:15 10 kernel: [    0.819639] UDP-Lite hash table entries: 4096 (order: 5, 131072 bytes, linear)
Sep 13 09:05:15 10 kernel: [    0.819765] NET: Registered PF_UNIX/PF_LOCAL protocol family
Sep 13 09:05:15 10 kernel: [    0.819765] NET: Registered PF_XDP protocol family
Sep 13 09:05:15 10 kernel: [    0.819765] pci 0000:00:05.0: can't claim BAR 6 [mem 0xfffc0000-0xffffffff pref]: no compatible bridge window
Sep 13 09:05:15 10 kernel: [    0.819765] pci 0000:00:05.0: BAR 6: assigned [mem 0xc0800000-0xc083ffff pref]
Sep 13 09:05:15 10 kernel: [    0.819765] pci_bus 0000:00: resource 4 [io  0x0000-0x0cf7 window]
Sep 13 09:05:15 10 kernel: [    0.819765] pci_bus 0000:00: resource 5 [io  0x0d00-0xffff window]
Sep 13 09:05:15 10 kernel: [    0.819765] pci_bus 0000:00: resource 6 [mem 0x000a0000-0x000bffff window]
Sep 13 09:05:15 10 kernel: [    0.819765] pci_bus 0000:00: resource 7 [mem 0xc0000000-0xfebfffff window]
Sep 13 09:05:15 10 kernel: [    0.819765] pci_bus 0000:00: resource 8 [mem 0x800000000-0x87fffffff window]
Sep 13 09:05:15 10 kernel: [    0.819765] pci 0000:00:01.0: PIIX3: Enabling Passive Release
Sep 13 09:05:15 10 kernel: [    0.819765] pci 0000:00:00.0: Limiting direct PCI/PCI transfers
Sep 13 09:05:15 10 kernel: [    0.829697] ACPI: \_SB_.LNKD: Enabled at IRQ 11
Sep 13 09:05:15 10 kernel: [    0.841376] pci 0000:00:01.2: quirk_usb_early_handoff+0x0/0x160 took 20775 usecs
Sep 13 09:05:15 10 kernel: [    0.852270] ACPI: \_SB_.LNKB: Enabled at IRQ 10
Sep 13 09:05:15 10 kernel: [    0.870103] pci 0000:00:06.0: quirk_usb_early_handoff+0x0/0x160 took 27923 usecs
Sep 13 09:05:15 10 kernel: [    0.870141] PCI: CLS 0 bytes, default 64
Sep 13 09:05:15 10 kernel: [    0.870184] PCI-DMA: Using software bounce buffering for IO (SWIOTLB)
Sep 13 09:05:15 10 kernel: [    0.870190] software IO TLB: mapped [mem 0x00000000a7000000-0x00000000ab000000] (64MB)
Sep 13 09:05:15 10 kernel: [    0.870325] clocksource: tsc: mask: 0xffffffffffffffff max_cycles: 0x314342a944b, max_idle_ns: 440795331192 ns
Sep 13 09:05:15 10 kernel: [    0.870552] Trying to unpack rootfs image as initramfs...
Sep 13 09:05:15 10 kernel: [    0.917240] Initialise system trusted keyrings
Sep 13 09:05:15 10 kernel: [    0.917281] Key type blacklist registered
Sep 13 09:05:15 10 kernel: [    0.917448] workingset: timestamp_bits=36 max_order=21 bucket_order=0
Sep 13 09:05:15 10 kernel: [    0.917515] zbud: loaded
Sep 13 09:05:15 10 kernel: [    0.918551] integrity: Platform Keyring initialized
Sep 13 09:05:15 10 kernel: [    0.921344] NET: Registered PF_ALG protocol family
Sep 13 09:05:15 10 kernel: [    0.921344] Key type asymmetric registered
Sep 13 09:05:15 10 kernel: [    0.921344] Asymmetric key parser 'x509' registered
Sep 13 09:05:15 10 kernel: [    0.921344] Block layer SCSI generic (bsg) driver version 0.4 loaded (major 247)
Sep 13 09:05:15 10 kernel: [    0.922148] io scheduler mq-deadline registered
Sep 13 09:05:15 10 kernel: [    0.922149] io scheduler kyber registered
Sep 13 09:05:15 10 kernel: [    0.922167] io scheduler bfq registered
Sep 13 09:05:15 10 kernel: [    0.924130] shpchp: Standard Hot Plug PCI Controller Driver version: 0.4
Sep 13 09:05:15 10 kernel: [    0.924344] input: Power Button as /devices/LNXSYSTM:00/LNXPWRBN:00/input/input0
Sep 13 09:05:15 10 kernel: [    0.924559] ACPI: button: Power Button [PWRF]
Sep 13 09:05:15 10 kernel: [    0.948656] ACPI: \_SB_.LNKC: Enabled at IRQ 11
Sep 13 09:05:15 10 kernel: [    0.973867] ACPI: \_SB_.LNKA: Enabled at IRQ 10
Sep 13 09:05:15 10 kernel: [    0.975576] Serial: 8250/16550 driver, 4 ports, IRQ sharing enabled
Sep 13 09:05:15 10 kernel: [    0.975955] 00:04: ttyS0 at I/O 0x3f8 (irq = 4, base_baud = 115200) is a 16550A
Sep 13 09:05:15 10 kernel: [    0.994616] Non-volatile memory driver v1.3
Sep 13 09:05:15 10 kernel: [    1.018892] rdac: device handler registered
Sep 13 09:05:15 10 kernel: [    1.019003] hp_sw: device handler registered
Sep 13 09:05:15 10 kernel: [    1.019004] emc: device handler registered
Sep 13 09:05:15 10 kernel: [    1.019086] alua: device handler registered
Sep 13 09:05:15 10 kernel: [    1.032879] uhci_hcd 0000:00:01.2: UHCI Host Controller
Sep 13 09:05:15 10 kernel: [    1.033009] uhci_hcd 0000:00:01.2: new USB bus registered, assigned bus number 1
Sep 13 09:05:15 10 kernel: [    1.033044] uhci_hcd 0000:00:01.2: detected 2 ports
Sep 13 09:05:15 10 kernel: [    1.033173] uhci_hcd 0000:00:01.2: irq 11, io port 0x0000c0c0
Sep 13 09:05:15 10 kernel: [    1.033570] usb usb1: New USB device found, idVendor=1d6b, idProduct=0001, bcdDevice= 6.04
Sep 13 09:05:15 10 kernel: [    1.033574] usb usb1: New USB device strings: Mfr=3, Product=2, SerialNumber=1
Sep 13 09:05:15 10 kernel: [    1.033575] usb usb1: Product: UHCI Host Controller
Sep 13 09:05:15 10 kernel: [    1.033576] usb usb1: Manufacturer: Linux 6.4.0-3.0.0.11.oe2309.x86_64 uhci_hcd
Sep 13 09:05:15 10 kernel: [    1.033577] usb usb1: SerialNumber: 0000:00:01.2
Sep 13 09:05:15 10 kernel: [    1.033809] hub 1-0:1.0: USB hub found
Sep 13 09:05:15 10 kernel: [    1.033846] hub 1-0:1.0: 2 ports detected
Sep 13 09:05:15 10 kernel: [    1.044485] xhci_hcd 0000:00:06.0: xHCI Host Controller
Sep 13 09:05:15 10 kernel: [    1.046868] xhci_hcd 0000:00:06.0: new USB bus registered, assigned bus number 2
Sep 13 09:05:15 10 kernel: [    1.047609] xhci_hcd 0000:00:06.0: hcc params 0x00087001 hci version 0x100 quirks 0x0000000000000010
Sep 13 09:05:15 10 kernel: [    1.049910] xhci_hcd 0000:00:06.0: xHCI Host Controller
Sep 13 09:05:15 10 kernel: [    1.049988] xhci_hcd 0000:00:06.0: new USB bus registered, assigned bus number 3
Sep 13 09:05:15 10 kernel: [    1.049991] xhci_hcd 0000:00:06.0: Host supports USB 3.0 SuperSpeed
Sep 13 09:05:15 10 kernel: [    1.050317] usb usb2: New USB device found, idVendor=1d6b, idProduct=0002, bcdDevice= 6.04
Sep 13 09:05:15 10 kernel: [    1.050320] usb usb2: New USB device strings: Mfr=3, Product=2, SerialNumber=1
Sep 13 09:05:15 10 kernel: [    1.050321] usb usb2: Product: xHCI Host Controller
Sep 13 09:05:15 10 kernel: [    1.050322] usb usb2: Manufacturer: Linux 6.4.0-3.0.0.11.oe2309.x86_64 xhci-hcd
Sep 13 09:05:15 10 kernel: [    1.050323] usb usb2: SerialNumber: 0000:00:06.0
Sep 13 09:05:15 10 kernel: [    1.050437] hub 2-0:1.0: USB hub found
Sep 13 09:05:15 10 kernel: [    1.050572] hub 2-0:1.0: 4 ports detected
Sep 13 09:05:15 10 kernel: [    1.051438] usb usb3: We don't know the algorithms for LPM for this host, disabling LPM.
Sep 13 09:05:15 10 kernel: [    1.051559] usb usb3: New USB device found, idVendor=1d6b, idProduct=0003, bcdDevice= 6.04
Sep 13 09:05:15 10 kernel: [    1.051561] usb usb3: New USB device strings: Mfr=3, Product=2, SerialNumber=1
Sep 13 09:05:15 10 kernel: [    1.051562] usb usb3: Product: xHCI Host Controller
Sep 13 09:05:15 10 kernel: [    1.051563] usb usb3: Manufacturer: Linux 6.4.0-3.0.0.11.oe2309.x86_64 xhci-hcd
Sep 13 09:05:15 10 kernel: [    1.051564] usb usb3: SerialNumber: 0000:00:06.0
Sep 13 09:05:15 10 kernel: [    1.051750] hub 3-0:1.0: USB hub found
Sep 13 09:05:15 10 kernel: [    1.051831] hub 3-0:1.0: 4 ports detected
Sep 13 09:05:15 10 kernel: [    1.052317] i8042: PNP: PS/2 Controller [PNP0303:KBD,PNP0f13:MOU] at 0x60,0x64 irq 1,12
Sep 13 09:05:15 10 kernel: [    1.053561] serio: i8042 KBD port at 0x60,0x64 irq 1
Sep 13 09:05:15 10 kernel: [    1.053579] serio: i8042 AUX port at 0x60,0x64 irq 12
Sep 13 09:05:15 10 kernel: [    1.054117] mousedev: PS/2 mouse device common for all mice
Sep 13 09:05:15 10 kernel: [    1.054389] rtc_cmos 00:05: RTC can wake from S4
Sep 13 09:05:15 10 kernel: [    1.055598] rtc_cmos 00:05: registered as rtc0
Sep 13 09:05:15 10 kernel: [    1.055697] rtc_cmos 00:05: setting system clock to 2023-09-13T09:05:14 UTC (1694595914)
Sep 13 09:05:15 10 kernel: [    1.055790] rtc_cmos 00:05: alarms up to one day, y3k, 242 bytes nvram
Sep 13 09:05:15 10 kernel: [    1.055806] intel_pstate: CPU model not supported
Sep 13 09:05:15 10 kernel: [    1.056052] efifb: probing for efifb
Sep 13 09:05:15 10 kernel: [    1.056070] efifb: framebuffer at 0xc0000000, using 4000k, total 4000k
Sep 13 09:05:15 10 kernel: [    1.056072] efifb: mode is 1280x800x32, linelength=5120, pages=1
Sep 13 09:05:15 10 kernel: [    1.056072] efifb: scrolling: redraw
Sep 13 09:05:15 10 kernel: [    1.056073] efifb: Truecolor: size=8:8:8:8, shift=24:16:8:0
Sep 13 09:05:15 10 kernel: [    1.056258] input: AT Translated Set 2 keyboard as /devices/platform/i8042/serio0/input/input1
Sep 13 09:05:15 10 kernel: [    1.056321] Console: switching to colour frame buffer device 160x50
Sep 13 09:05:15 10 kernel: [    1.059508] input: VirtualPS/2 VMware VMMouse as /devices/platform/i8042/serio1/input/input4
Sep 13 09:05:15 10 kernel: [    1.060212] input: VirtualPS/2 VMware VMMouse as /devices/platform/i8042/serio1/input/input3
Sep 13 09:05:15 10 kernel: [    1.065360] fb0: EFI VGA frame buffer device
Sep 13 09:05:15 10 kernel: [    1.065408] hid: raw HID events driver (C) Jiri Kosina
Sep 13 09:05:15 10 kernel: [    1.065494] usbcore: registered new interface driver usbhid
Sep 13 09:05:15 10 kernel: [    1.065495] usbhid: USB HID core driver
Sep 13 09:05:15 10 kernel: [    1.065550] drop_monitor: Initializing network drop monitor service
Sep 13 09:05:15 10 kernel: [    1.131771] Initializing XFRM netlink socket
Sep 13 09:05:15 10 kernel: [    1.131843] NET: Registered PF_INET6 protocol family
Sep 13 09:05:15 10 kernel: [    1.132791] Segment Routing with IPv6
Sep 13 09:05:15 10 kernel: [    1.132795] In-situ OAM (IOAM) with IPv6
Sep 13 09:05:15 10 kernel: [    1.132829] NET: Registered PF_PACKET protocol family
Sep 13 09:05:15 10 kernel: [    1.133091] mpls_gso: MPLS GSO support
Sep 13 09:05:15 10 kernel: [    1.143514] IPI shorthand broadcast: enabled
Sep 13 09:05:15 10 kernel: [    1.143551] AVX2 version of gcm_enc/dec engaged.
Sep 13 09:05:15 10 kernel: [    1.144186] AES CTR mode by8 optimization enabled
Sep 13 09:05:15 10 kernel: [    1.144380] sched_clock: Marking stable (1140057300, 3322831)->(1719072397, -575692266)
Sep 13 09:05:15 10 kernel: [    1.145900] registered taskstats version 1
Sep 13 09:05:15 10 kernel: [    1.147370] Loading compiled-in X.509 certificates
Sep 13 09:05:15 10 kernel: [    1.177390] Loaded X.509 cert 'Build time autogenerated kernel key: 0e4b86f0a9f56cfe2694e9b0d00980e42810298d'
Sep 13 09:05:15 10 kernel: [    1.298506] usb 2-1: new high-speed USB device number 2 using xhci_hcd
Sep 13 09:05:15 10 kernel: [    1.352777] Freeing initrd memory: 29508K
Sep 13 09:05:15 10 kernel: [    1.364519] Key type encrypted registered
Sep 13 09:05:15 10 kernel: [    1.364524] AppArmor: AppArmor sha1 policy hashing enabled
Sep 13 09:05:15 10 kernel: [    1.365272] ima: No TPM chip found, activating TPM-bypass!
Sep 13 09:05:15 10 kernel: [    1.365280] ima: Allocated hash algorithm: sha256
Sep 13 09:05:15 10 kernel: [    1.365309] ima: No architecture policies found
Sep 13 09:05:15 10 kernel: [    1.365322] evm: Initialising EVM extended attributes:
Sep 13 09:05:15 10 kernel: [    1.365323] evm: security.selinux
Sep 13 09:05:15 10 kernel: [    1.365323] evm: security.SMACK64 (disabled)
Sep 13 09:05:15 10 kernel: [    1.365324] evm: security.SMACK64EXEC (disabled)
Sep 13 09:05:15 10 kernel: [    1.365324] evm: security.SMACK64TRANSMUTE (disabled)
Sep 13 09:05:15 10 kernel: [    1.365324] evm: security.SMACK64MMAP (disabled)
Sep 13 09:05:15 10 kernel: [    1.365325] evm: security.apparmor
Sep 13 09:05:15 10 kernel: [    1.365325] evm: security.ima
Sep 13 09:05:15 10 kernel: [    1.365325] evm: security.capability
Sep 13 09:05:15 10 kernel: [    1.365326] evm: HMAC attrs: 0x1
Sep 13 09:05:15 10 kernel: [    1.426714] usb 2-1: New USB device found, idVendor=0627, idProduct=0001, bcdDevice= 0.00
Sep 13 09:05:15 10 kernel: [    1.426719] usb 2-1: New USB device strings: Mfr=1, Product=4, SerialNumber=11
Sep 13 09:05:15 10 kernel: [    1.426720] usb 2-1: Product: QEMU USB Keyboard
Sep 13 09:05:15 10 kernel: [    1.426721] usb 2-1: Manufacturer: QEMU
Sep 13 09:05:15 10 kernel: [    1.426721] usb 2-1: SerialNumber: 68284-0000:00:06.0-1
Sep 13 09:05:15 10 kernel: [    1.427755] input: QEMU QEMU USB Keyboard as /devices/pci0000:00/0000:00:06.0/usb2/2-1/2-1:1.0/0003:0627:0001.0001/input/input5
Sep 13 09:05:15 10 kernel: [    1.472287] clk: Disabling unused clocks
Sep 13 09:05:15 10 kernel: [    1.472785] integrity: Unable to open file: /etc/keys/x509_ima.der (-2)
Sep 13 09:05:15 10 kernel: [    1.472788] integrity: Unable to open file: /etc/keys/x509_evm.der (-2)
Sep 13 09:05:15 10 kernel: [    1.477676] Freeing unused decrypted memory: 2036K
Sep 13 09:05:15 10 kernel: [    1.482007] Freeing unused kernel image (initmem) memory: 3848K
Sep 13 09:05:15 10 kernel: [    1.482548] hid-generic 0003:0627:0001.0001: input,hidraw0: USB HID v1.11 Keyboard [QEMU QEMU USB Keyboard] on usb-0000:00:06.0-1/input0
Sep 13 09:05:15 10 kernel: [    1.491284] Write protecting the kernel read-only data: 28672k
Sep 13 09:05:15 10 kernel: [    1.492412] Freeing unused kernel image (rodata/data gap) memory: 1668K
Sep 13 09:05:15 10 kernel: [    1.498835] Run /init as init process
Sep 13 09:05:15 10 systemd[1]: [    1.517353] systemd v253-3.oe2309 running in system mode (+PAM +AUDIT +SELINUX -APPARMOR +IMA -SMACK +SECCOMP +GCRYPT +GNUTLS -OPENSSL +ACL +BLKID -CURL -ELFUTILS -FIDO2 +IDN2 -IDN -IPTC +KMOD -LIBCRYPTSETUP +LIBFDISK +PCRE2 -PWQUALITY +P11KIT -QRENCODE -TPM2 +BZIP2 +LZ4 +XZ +ZLIB -ZSTD -BPF_FRAMEWORK +XKBCOMMON +UTMP +SYSVINIT default-hierarchy=legacy)
Sep 13 09:05:15 10 systemd[1]: [    1.517548] Detected virtualization kvm.
Sep 13 09:05:15 10 systemd[1]: [    1.517553] Detected architecture x86-64.
Sep 13 09:05:15 10 systemd[1]: [    1.517554] Running in initrd.
Sep 13 09:05:15 10 systemd[1]: [    1.540671] No hostname configured, using default hostname.
Sep 13 09:05:15 10 systemd[1]: [    1.540743] Hostname set to <localhost>.
Sep 13 09:05:15 10 systemd[1]: [    1.540851] Initializing machine ID from random generator.
Sep 13 09:05:15 10 kernel: [    1.596599] usb 2-2: new high-speed USB device number 3 using xhci_hcd
Sep 13 09:05:15 10 systemd[1]: [    1.615452] Queued start job for default target Initrd Default Target.
Sep 13 09:05:15 10 systemd[1]: [    1.632419] Started Dispatch Password Requests to Console Directory Watch.
Sep 13 09:05:15 10 systemd[1]: [    1.632448] Reached target Initrd /usr File System.
Sep 13 09:05:15 10 systemd[1]: [    1.632454] Reached target Local File Systems.
Sep 13 09:05:15 10 systemd[1]: [    1.632458] Reached target Path Units.
Sep 13 09:05:15 10 systemd[1]: [    1.632464] Reached target Slice Units.
Sep 13 09:05:15 10 systemd[1]: [    1.632470] Reached target Swaps.
Sep 13 09:05:15 10 systemd[1]: [    1.632474] Reached target Timer Units.
Sep 13 09:05:15 10 systemd[1]: [    1.632525] Listening on Journal Socket (/dev/log).
Sep 13 09:05:15 10 systemd[1]: [    1.632552] Listening on Journal Socket.
Sep 13 09:05:15 10 systemd[1]: [    1.632586] Listening on udev Control Socket.
Sep 13 09:05:15 10 systemd[1]: [    1.632608] Listening on udev Kernel Socket.
Sep 13 09:05:15 10 systemd[1]: [    1.632611] Reached target Socket Units.
Sep 13 09:05:15 10 systemd[1]: [    1.633122] Starting Create List of Static Device Nodes...
Sep 13 09:05:15 10 systemd[1]: [    1.633167] systemd-journald.service: unit configures an IP firewall, but the local system does not support BPF/cgroup firewalling.
Sep 13 09:05:15 10 systemd[1]: [    1.633169] (This warning is only shown for the first unit using IP firewalling.)
Sep 13 09:05:15 10 systemd[1]: [    1.633625] Starting Journal Service...
Sep 13 09:05:15 10 systemd[1]: [    1.633684] Load Kernel Modules was skipped because no trigger condition checks were met.
Sep 13 09:05:15 10 systemd[1]: [    1.634093] Starting Apply Kernel Variables...
Sep 13 09:05:15 10 systemd[1]: [    1.634534] Starting Setup Virtual Console...
Sep 13 09:05:15 10 systemd[1]: [    1.634814] Finished Create List of Static Device Nodes.
Sep 13 09:05:15 10 systemd[1]: [    1.635353] Starting Create Static Device Nodes in /dev...
Sep 13 09:05:15 10 systemd[1]: [    1.662951] Finished Apply Kernel Variables.
Sep 13 09:05:15 10 systemd-journald[264]: [    1.663955] Collecting audit messages is disabled.
Sep 13 09:05:15 10 systemd[1]: [    1.664747] Finished Setup Virtual Console.
Sep 13 09:05:15 10 systemd[1]: [    1.664797] dracut ask for additional cmdline parameters was skipped because no trigger condition checks were met.
Sep 13 09:05:15 10 systemd[1]: [    1.684442] Starting dracut cmdline hook...
Sep 13 09:05:15 10 systemd[1]: [    1.684664] Finished Create Static Device Nodes in /dev.
Sep 13 09:05:15 10 systemd-journald[264]: Journal started
Sep 13 09:05:15 10 systemd-journald[264]: Runtime Journal (/run/log/journal/a1652a6a0fda48b3959435a5107af561) is 8.0M, max 153.3M, 145.3M free.
Sep 13 09:05:15 10 systemd-vconsole-setup[267]: Failed to import credentials, ignoring: No such file or directory
Sep 13 09:05:15 10 dracut-cmdline[277]: dracut-23.09 dracut-059-3.oe2309
Sep 13 09:05:15 10 dracut-cmdline[277]: Using kernel command line parameters:    BOOT_IMAGE=/vmlinuz-6.4.0-3.0.0.11.oe2309.x86_64 root=UUID=2b9da4ac-db3e-4e65-a7ba-ea94b0754c88 ro console=tty1 console=ttyS0 rootfstype=ext4 quiet oops=panic softlockup_panic=1 nmi_watchdog=1 rd.shell=0 selinux=0
Sep 13 09:05:15 10 dracut-cmdline[277]: crashkernel=256M panic=3
Sep 13 09:05:15 10 systemd[1]: [    1.693732] Started Journal Service.
Sep 13 09:05:15 10 systemd[1]: Starting Create Volatile Files and Directories...
Sep 13 09:05:15 10 systemd[1]: Finished dracut cmdline hook.
Sep 13 09:05:15 10 systemd[1]: dracut pre-udev hook was skipped because no trigger condition checks were met.
Sep 13 09:05:15 10 systemd[1]: Starting Rule-based Manager for Device Events and Files...
Sep 13 09:05:15 10 systemd[1]: Finished Create Volatile Files and Directories.
Sep 13 09:05:15 10 systemd-udevd[329]: Using default interface naming scheme 'v253'.
Sep 13 09:05:15 10 systemd-udevd[329]: /usr/lib/udev/rules.d/50-udev-default.rules:46 Unknown group 'sgx', ignoring
Sep 13 09:05:15 10 systemd-udevd[329]: /usr/lib/udev/rules.d/50-udev-default.rules:47 Unknown group 'sgx', ignoring
Sep 13 09:05:15 10 systemd[1]: Started Rule-based Manager for Device Events and Files.
Sep 13 09:05:15 10 systemd[1]: dracut pre-trigger hook was skipped because no trigger condition checks were met.
Sep 13 09:05:15 10 systemd[1]: Starting Coldplug All udev Devices...
Sep 13 09:05:15 10 kernel: [    1.728836] usb 2-2: New USB device found, idVendor=0627, idProduct=0001, bcdDevice= 0.00
Sep 13 09:05:15 10 kernel: [    1.728841] usb 2-2: New USB device strings: Mfr=1, Product=3, SerialNumber=10
Sep 13 09:05:15 10 kernel: [    1.728842] usb 2-2: Product: QEMU USB Tablet
Sep 13 09:05:15 10 kernel: [    1.728847] usb 2-2: Manufacturer: QEMU
Sep 13 09:05:15 10 kernel: [    1.728848] usb 2-2: SerialNumber: 28754-0000:00:06.0-2
Sep 13 09:05:15 10 kernel: [    1.730109] input: QEMU QEMU USB Tablet as /devices/pci0000:00/0000:00:06.0/usb2/2-2/2-2:1.0/0003:0627:0001.0002/input/input6
Sep 13 09:05:15 10 kernel: [    1.730378] hid-generic 0003:0627:0001.0002: input,hidraw1: USB HID v0.01 Mouse [QEMU QEMU USB Tablet] on usb-0000:00:06.0-2/input0
Sep 13 09:05:15 10 systemd[1]: Created slice Slice /system/modprobe.
Sep 13 09:05:15 10 systemd[1]: Starting Load Kernel Module configfs...
Sep 13 09:05:15 10 systemd[1]: Finished Coldplug All udev Devices.
Sep 13 09:05:15 10 systemd[1]: modprobe@configfs.service: Deactivated successfully.
Sep 13 09:05:15 10 systemd[1]: Finished Load Kernel Module configfs.
Sep 13 09:05:15 10 systemd[1]: Mounting Kernel Configuration File System...
Sep 13 09:05:15 10 systemd[1]: dracut initqueue hook was skipped because no trigger condition checks were met.
Sep 13 09:05:15 10 systemd[1]: Reached target Preparation for Remote File Systems.
Sep 13 09:05:15 10 systemd[1]: Reached target Remote File Systems.
Sep 13 09:05:15 10 systemd[1]: Starting dracut pre-mount hook...
Sep 13 09:05:15 10 systemd[1]: Mounted Kernel Configuration File System.
Sep 13 09:05:15 10 systemd[1]: Reached target System Initialization.
Sep 13 09:05:15 10 systemd[1]: Reached target Basic System.
Sep 13 09:05:15 10 systemd[1]: System is tainted: cgroupsv1
Sep 13 09:05:15 10 systemd[1]: Finished dracut pre-mount hook.
Sep 13 09:05:15 10 kernel: [    1.819509] virtio_blk virtio2: 8/0/0 default/read/poll queues
Sep 13 09:05:15 10 kernel: [    1.890045] virtio_blk virtio2: [vda] 83886080 512-byte logical blocks (42.9 GB/40.0 GiB)
Sep 13 09:05:15 10 kernel: [    1.891223]  vda: vda1 vda2
Sep 13 09:05:15 10 kernel: [    1.912641] ACPI: bus type drm_connector registered
Sep 13 09:05:15 10 kernel: [    1.916148] scsi host0: ata_piix
Sep 13 09:05:15 10 kernel: [    1.916478] scsi host1: ata_piix
Sep 13 09:05:15 10 kernel: [    1.916503] ata1: PATA max MWDMA2 cmd 0x1f0 ctl 0x3f6 bmdma 0xc0e0 irq 14
Sep 13 09:05:15 10 kernel: [    1.916505] ata2: PATA max MWDMA2 cmd 0x170 ctl 0x376 bmdma 0xc0e8 irq 15
Sep 13 09:05:15 10 systemd[1]: Found device /dev/disk/by-uuid/2b9da4ac-db3e-4e65-a7ba-ea94b0754c88.
Sep 13 09:05:15 10 systemd[1]: Reached target Initrd Root Device.
Sep 13 09:05:15 10 systemd[1]: Starting File System Check on /dev/disk/by-uuid/2b9da4ac-db3e-4e65-a7ba-ea94b0754c88...
Sep 13 09:05:15 10 systemd-fsck[404]: rootfs: clean, 30339/2490368 files, 550708/9961471 blocks
Sep 13 09:05:15 10 systemd[1]: Finished File System Check on /dev/disk/by-uuid/2b9da4ac-db3e-4e65-a7ba-ea94b0754c88.
Sep 13 09:05:15 10 kernel: [    2.074730] ata2: found unknown device (class 0)
Sep 13 09:05:15 10 kernel: [    2.075239] ata2.00: ATAPI: QEMU DVD-ROM, 2.5+, max UDMA/100
Sep 13 09:05:15 10 kernel: [    2.076623] scsi 1:0:0:0: CD-ROM            QEMU     QEMU DVD-ROM     2.5+ PQ: 0 ANSI: 5
Sep 13 09:05:15 10 kernel: [    2.113628] [drm] pci: virtio-vga detected at 0000:00:02.0
Sep 13 09:05:15 10 kernel: [    2.113769] Console: switching to colour dummy device 80x25
Sep 13 09:05:15 10 kernel: [    2.113805] virtio-pci 0000:00:02.0: vgaarb: deactivate vga console
Sep 13 09:05:15 10 kernel: [    2.113992] [drm] features: -virgl +edid -resource_blob -host_visible
Sep 13 09:05:15 10 kernel: [    2.113993] [drm] features: -context_init
Sep 13 09:05:15 10 kernel: [    2.115164] [drm] number of scanouts: 1
Sep 13 09:05:15 10 kernel: [    2.115178] [drm] number of cap sets: 0
Sep 13 09:05:15 10 kernel: [    2.115591] [drm] Initialized virtio_gpu 0.1.0 0 for 0000:00:02.0 on minor 0
Sep 13 09:05:15 10 kernel: [    2.127085] fbcon: virtio_gpudrmfb (fb0) is primary device
Sep 13 09:05:15 10 kernel: [    2.127232] Console: switching to colour frame buffer device 160x50
Sep 13 09:05:15 10 kernel: [    2.130231] virtio-pci 0000:00:02.0: [drm] fb0: virtio_gpudrmfb frame buffer device
Sep 13 09:05:15 10 kernel: [    2.131014] sr 1:0:0:0: [sr0] scsi3-mmc drive: 4x/4x cd/rw xa/form2 tray
Sep 13 09:05:15 10 kernel: [    2.131020] cdrom: Uniform CD-ROM driver Revision: 3.20
Sep 13 09:05:16 10 systemd[1]: Mounting /sysroot...
Sep 13 09:05:16 10 kernel: [    2.770391] EXT4-fs (vda2): mounted filesystem 2b9da4ac-db3e-4e65-a7ba-ea94b0754c88 ro with ordered data mode. Quota mode: none.
Sep 13 09:05:16 10 systemd[1]: Mounted /sysroot.
Sep 13 09:05:16 10 systemd[1]: Reached target Initrd Root File System.
Sep 13 09:05:16 10 systemd[1]: Starting Mountpoints Configured in the Real Root...
Sep 13 09:05:16 10 systemctl[419]: [systemctl --no-block start initrd-cleanup.service] called by PID 1 (/init)
Sep 13 09:05:16 10 systemd[1]: initrd-parse-etc.service: Deactivated successfully.
Sep 13 09:05:16 10 systemd[1]: Finished Mountpoints Configured in the Real Root.
Sep 13 09:05:16 10 systemd[1]: Reached target Initrd File Systems.
Sep 13 09:05:16 10 systemd[1]: Reached target Initrd Default Target.
Sep 13 09:05:16 10 systemd[1]: dracut mount hook was skipped because no trigger condition checks were met.
Sep 13 09:05:16 10 systemd[1]: dracut pre-pivot and cleanup hook was skipped because no trigger condition checks were met.
Sep 13 09:05:16 10 systemd[1]: Starting Cleaning Up and Shutting Down Daemons...
Sep 13 09:05:16 10 systemctl[421]: [systemctl --no-block isolate initrd-switch-root.target] called by PID 1 (/init)
Sep 13 09:05:16 10 systemd[1]: Stopped target Initrd Default Target.
Sep 13 09:05:16 10 systemd[1]: Stopped target Basic System.
Sep 13 09:05:16 10 systemd[1]: Stopped target Initrd Root Device.
Sep 13 09:05:16 10 systemd[1]: Stopped target Initrd /usr File System.
Sep 13 09:05:16 10 systemd[1]: Stopped target Path Units.
Sep 13 09:05:16 10 systemd[1]: systemd-ask-password-console.path: Deactivated successfully.
Sep 13 09:05:16 10 systemd[1]: Stopped Dispatch Password Requests to Console Directory Watch.
Sep 13 09:05:16 10 systemd[1]: Stopped target Remote File Systems.
Sep 13 09:05:16 10 systemd[1]: Stopped target Preparation for Remote File Systems.
Sep 13 09:05:16 10 systemd[1]: Stopped target Slice Units.
Sep 13 09:05:16 10 systemd[1]: Stopped target Socket Units.
Sep 13 09:05:16 10 systemd[1]: Stopped target System Initialization.
Sep 13 09:05:16 10 systemd[1]: Stopped target Swaps.
Sep 13 09:05:16 10 systemd[1]: Stopped target Timer Units.
Sep 13 09:05:16 10 systemd[1]: dracut-cmdline.service: Deactivated successfully.
Sep 13 09:05:16 10 systemd[1]: Stopped dracut cmdline hook.
Sep 13 09:05:16 10 systemd[1]: dracut-pre-mount.service: Deactivated successfully.
Sep 13 09:05:16 10 systemd[1]: Stopped dracut pre-mount hook.
Sep 13 09:05:16 10 systemd[1]: systemd-sysctl.service: Deactivated successfully.
Sep 13 09:05:16 10 systemd[1]: Stopped Apply Kernel Variables.
Sep 13 09:05:16 10 systemd[1]: systemd-tmpfiles-setup.service: Deactivated successfully.
Sep 13 09:05:16 10 systemd[1]: Stopped Create Volatile Files and Directories.
Sep 13 09:05:16 10 systemd[1]: Stopped target Local File Systems.
Sep 13 09:05:16 10 systemd[1]: systemd-udev-trigger.service: Deactivated successfully.
Sep 13 09:05:16 10 systemd[1]: Stopped Coldplug All udev Devices.
Sep 13 09:05:16 10 systemd[1]: Stopping Rule-based Manager for Device Events and Files...
Sep 13 09:05:16 10 systemd[1]: systemd-vconsole-setup.service: Deactivated successfully.
Sep 13 09:05:16 10 systemd[1]: Stopped Setup Virtual Console.
Sep 13 09:05:16 10 systemd[1]: run-credentials-systemd\x2dtmpfiles\x2dsetup.service.mount: Deactivated successfully.
Sep 13 09:05:16 10 systemd[1]: run-credentials-systemd\x2dvconsole\x2dsetup.service.mount: Deactivated successfully.
Sep 13 09:05:16 10 systemd[1]: run-credentials-systemd\x2dsysctl.service.mount: Deactivated successfully.
Sep 13 09:05:16 10 systemd[1]: initrd-cleanup.service: Deactivated successfully.
Sep 13 09:05:16 10 systemd[1]: Finished Cleaning Up and Shutting Down Daemons.
Sep 13 09:05:16 10 systemd[1]: systemd-udevd.service: Deactivated successfully.
Sep 13 09:05:16 10 systemd[1]: Stopped Rule-based Manager for Device Events and Files.
Sep 13 09:05:16 10 systemd[1]: systemd-udevd-control.socket: Deactivated successfully.
Sep 13 09:05:16 10 systemd[1]: Closed udev Control Socket.
Sep 13 09:05:16 10 systemd[1]: systemd-udevd-kernel.socket: Deactivated successfully.
Sep 13 09:05:16 10 systemd[1]: Closed udev Kernel Socket.
Sep 13 09:05:16 10 systemd[1]: Starting Cleanup udev Database...
Sep 13 09:05:16 10 systemd[1]: systemd-tmpfiles-setup-dev.service: Deactivated successfully.
Sep 13 09:05:16 10 systemd[1]: Stopped Create Static Device Nodes in /dev.
Sep 13 09:05:16 10 systemd[1]: kmod-static-nodes.service: Deactivated successfully.
Sep 13 09:05:16 10 systemd[1]: Stopped Create List of Static Device Nodes.
Sep 13 09:05:16 10 systemd[1]: run-credentials-systemd\x2dtmpfiles\x2dsetup\x2ddev.service.mount: Deactivated successfully.
Sep 13 09:05:16 10 systemd[1]: initrd-udevadm-cleanup-db.service: Deactivated successfully.
Sep 13 09:05:16 10 systemd[1]: Finished Cleanup udev Database.
Sep 13 09:05:16 10 systemd[1]: Reached target Switch Root.
Sep 13 09:05:16 10 systemd[1]: Starting Switch Root...
Sep 13 09:05:16 10 systemctl[431]: [systemctl --no-block switch-root /sysroot] called by PID 1 (/init)
Sep 13 09:05:16 10 kernel: [    2.839208] memfd_create() without MFD_EXEC nor MFD_NOEXEC_SEAL, pid=1 'systemd'
Sep 13 09:05:16 10 systemd[1]: Switching root.
Sep 13 09:05:16 10 systemd-journald[264]: Journal stopped
Sep 13 09:05:16 10 systemd-journald[264]: [    2.885466] Received SIGTERM from PID 1 (systemd).
Sep 13 09:05:16 10 systemd[1]: [    2.924867] systemd v253-3.oe2309 running in system mode (+PAM +AUDIT +SELINUX -APPARMOR +IMA -SMACK +SECCOMP +GCRYPT +GNUTLS -OPENSSL +ACL +BLKID -CURL -ELFUTILS -FIDO2 +IDN2 -IDN -IPTC +KMOD -LIBCRYPTSETUP +LIBFDISK +PCRE2 -PWQUALITY +P11KIT -QRENCODE -TPM2 +BZIP2 +LZ4 +XZ +ZLIB -ZSTD -BPF_FRAMEWORK +XKBCOMMON +UTMP +SYSVINIT default-hierarchy=legacy)
Sep 13 09:05:16 10 systemd[1]: [    2.924930] Detected virtualization kvm.
Sep 13 09:05:16 10 systemd[1]: [    2.924939] Detected architecture x86-64.
Sep 13 09:05:16 10 systemd-rc-local-generator[443]: [    2.943564] /etc/rc.d/rc.local is not marked executable, skipping.
Sep 13 09:05:16 10 systemd[1]: [    2.986272] /usr/lib/systemd/system/dbus.socket:5: ListenStream= references a path below legacy directory /var/run/, updating /var/run/dbus/system_bus_socket  /run/dbus/system_bus_socket; please update the unit file accordingly.
Sep 13 09:05:16 10 systemd[1]: [    3.003542] initrd-switch-root.service: Deactivated successfully.
Sep 13 09:05:16 10 systemd[1]: [    3.003642] Stopped Switch Root.
Sep 13 09:05:16 10 systemd[1]: [    3.003787] systemd-journald.service: Scheduled restart job, restart counter is at 1.
Sep 13 09:05:16 10 systemd[1]: [    3.003987] Created slice Slice /system/getty.
Sep 13 09:05:16 10 systemd[1]: [    3.004159] Created slice Slice /system/serial-getty.
Sep 13 09:05:16 10 systemd[1]: [    3.004399] Created slice Slice /system/sshd-keygen.
Sep 13 09:05:16 10 systemd[1]: [    3.004580] Created slice User and Session Slice.
Sep 13 09:05:16 10 systemd[1]: [    3.004625] Started Dispatch Password Requests to Console Directory Watch.
Sep 13 09:05:16 10 systemd[1]: [    3.004655] Started Forward Password Requests to Wall Directory Watch.
Sep 13 09:05:16 10 systemd[1]: [    3.004803] Set up automount Arbitrary Executable File Formats File System Automount Point.
Sep 13 09:05:16 10 systemd[1]: [    3.004843] Stopped target Switch Root.
Sep 13 09:05:16 10 systemd[1]: [    3.004856] Stopped target Initrd File Systems.
Sep 13 09:05:16 10 systemd[1]: [    3.004863] Stopped target Initrd Root File System.
Sep 13 09:05:16 10 systemd[1]: [    3.004879] Reached target Path Units.
Sep 13 09:05:16 10 systemd[1]: [    3.004889] Reached target Remote File Systems.
Sep 13 09:05:16 10 systemd[1]: [    3.004896] Reached target Slice Units.
Sep 13 09:05:16 10 systemd[1]: [    3.004914] Reached target Swaps.
Sep 13 09:05:16 10 systemd[1]: [    3.005730] Listening on Process Core Dump Socket.
Sep 13 09:05:16 10 systemd[1]: [    3.005767] Listening on initctl Compatibility Named Pipe.
Sep 13 09:05:16 10 systemd[1]: [    3.005846] Listening on udev Control Socket.
Sep 13 09:05:16 10 systemd[1]: [    3.005898] Listening on udev Kernel Socket.
Sep 13 09:05:16 10 systemd[1]: [    3.014072] Mounting Huge Pages File System...
Sep 13 09:05:16 10 systemd[1]: [    3.014841] Mounting POSIX Message Queue File System...
Sep 13 09:05:16 10 systemd[1]: [    3.015528] Mounting Kernel Debug File System...
Sep 13 09:05:16 10 systemd[1]: [    3.016078] Mounting Kernel Trace File System...
Sep 13 09:05:16 10 systemd[1]: [    3.016861] Mounting Temporary Directory /tmp...
Sep 13 09:05:16 10 systemd[1]: [    3.017746] Starting Create List of Static Device Nodes...
Sep 13 09:05:16 10 systemd[1]: [    3.018222] Starting Load Kernel Module configfs...
Sep 13 09:05:16 10 systemd[1]: [    3.018629] Starting Load Kernel Module drm...
Sep 13 09:05:16 10 systemd[1]: [    3.018991] Starting Load Kernel Module fuse...
Sep 13 09:05:16 10 systemd[1]: [    3.019026] systemd-fsck-root.service: Deactivated successfully.
Sep 13 09:05:16 10 systemd[1]: [    3.019059] Stopped File System Check on Root Device.
Sep 13 09:05:16 10 systemd[1]: [    3.019112] Stopped Journal Service.
Sep 13 09:05:16 10 systemd[1]: [    3.019215] Listening on Journal Audit Socket.
Sep 13 09:05:16 10 systemd[1]: [    3.019637] Starting Journal Service...
Sep 13 09:05:16 10 systemd[1]: [    3.020065] Load Kernel Modules was skipped because no trigger condition checks were met.
Sep 13 09:05:16 10 systemd[1]: [    3.021248] Starting Generate network units from Kernel command line...
Sep 13 09:05:16 10 systemd[1]: [    3.022774] Starting Remount Root and Kernel File Systems...
Sep 13 09:05:16 10 systemd[1]: [    3.025038] Starting Apply Kernel Variables...
Sep 13 09:05:16 10 systemd-journald[466]: [    3.025650] Collecting audit messages is enabled.
Sep 13 09:05:16 10 systemd[1]: [    3.026099] Starting Coldplug All udev Devices...
Sep 13 09:05:16 10 kernel: [    3.026473] EXT4-fs (vda2): re-mounted 2b9da4ac-db3e-4e65-a7ba-ea94b0754c88 r/w. Quota mode: none.
Sep 13 09:05:16 10 systemd[1]: [    3.027544] Mounted Huge Pages File System.
Sep 13 09:05:16 10 systemd[1]: [    3.027606] Mounted POSIX Message Queue File System.
Sep 13 09:05:16 10 systemd[1]: [    3.027652] Mounted Kernel Debug File System.
Sep 13 09:05:16 10 systemd[1]: [    3.027692] Mounted Kernel Trace File System.
Sep 13 09:05:16 10 systemd[1]: [    3.027732] Mounted Temporary Directory /tmp.
Sep 13 09:05:16 10 systemd[1]: [    3.027872] Finished Create List of Static Device Nodes.
Sep 13 09:05:16 10 kernel: [    3.028127] audit: type=1130 audit(1694595916.471:2): pid=1 uid=0 auid=4294967295 ses=4294967295 subj=unconfined msg='unit=kmod-static-nodes comm="systemd" exe="/usr/lib/systemd/systemd" hostname=? addr=? terminal=? res=success'
Sep 13 09:05:16 10 systemd[1]: [    3.028208] modprobe@configfs.service: Deactivated successfully.
Sep 13 09:05:16 10 systemd[1]: [    3.028274] Finished Load Kernel Module configfs.
Sep 13 09:05:16 10 kernel: [    3.028368] audit: type=1130 audit(1694595916.471:3): pid=1 uid=0 auid=4294967295 ses=4294967295 subj=unconfined msg='unit=modprobe@configfs comm="systemd" exe="/usr/lib/systemd/systemd" hostname=? addr=? terminal=? res=success'
Sep 13 09:05:16 10 kernel: [    3.028371] audit: type=1131 audit(1694595916.471:4): pid=1 uid=0 auid=4294967295 ses=4294967295 subj=unconfined msg='unit=modprobe@configfs comm="systemd" exe="/usr/lib/systemd/systemd" hostname=? addr=? terminal=? res=success'
Sep 13 09:05:16 10 systemd[1]: [    3.028476] modprobe@drm.service: Deactivated successfully.
Sep 13 09:05:16 10 systemd[1]: [    3.028540] Finished Load Kernel Module drm.
Sep 13 09:05:16 10 kernel: [    3.028628] audit: type=1130 audit(1694595916.472:5): pid=1 uid=0 auid=4294967295 ses=4294967295 subj=unconfined msg='unit=modprobe@drm comm="systemd" exe="/usr/lib/systemd/systemd" hostname=? addr=? terminal=? res=success'
Sep 13 09:05:16 10 kernel: [    3.028631] audit: type=1131 audit(1694595916.472:6): pid=1 uid=0 auid=4294967295 ses=4294967295 subj=unconfined msg='unit=modprobe@drm comm="systemd" exe="/usr/lib/systemd/systemd" hostname=? addr=? terminal=? res=success'
Sep 13 09:05:16 10 systemd[1]: [    3.028665] Finished Generate network units from Kernel command line.
Sep 13 09:05:16 10 kernel: [    3.028740] audit: type=1130 audit(1694595916.472:7): pid=1 uid=0 auid=4294967295 ses=4294967295 subj=unconfined msg='unit=systemd-network-generator comm="systemd" exe="/usr/lib/systemd/systemd" hostname=? addr=? terminal=? res=success'
Sep 13 09:05:16 10 systemd[1]: [    3.028761] Finished Remount Root and Kernel File Systems.
Sep 13 09:05:16 10 kernel: [    3.028807] audit: type=1130 audit(1694595916.472:8): pid=1 uid=0 auid=4294967295 ses=4294967295 subj=unconfined msg='unit=systemd-remount-fs comm="systemd" exe="/usr/lib/systemd/systemd" hostname=? addr=? terminal=? res=success'
Sep 13 09:05:16 10 systemd[1]: [    3.028829] Reached target Preparation for Network.
Sep 13 09:05:16 10 systemd[1]: [    3.030029] Starting Rebuild Hardware Database...
Sep 13 09:05:16 10 systemd[1]: [    3.030470] Starting Load/Save OS Random Seed...
Sep 13 09:05:16 10 systemd[1]: [    3.031184] Starting Create System Users...
Sep 13 09:05:16 10 systemd[1]: [    3.031626] Finished Apply Kernel Variables.
Sep 13 09:05:16 10 kernel: [    3.031684] audit: type=1130 audit(1694595916.475:9): pid=1 uid=0 auid=4294967295 ses=4294967295 subj=unconfined msg='unit=systemd-sysctl comm="systemd" exe="/usr/lib/systemd/systemd" hostname=? addr=? terminal=? res=success'
Sep 13 09:05:16 10 systemd-journald[466]: Journal started
Sep 13 09:05:16 10 systemd-journald[466]: Runtime Journal (/run/log/journal/a4232b47869446fe8a7c40cd1b8288f5) is 8.0M, max 153.3M, 145.3M free.
Sep 13 09:05:16 10 audit[1]: SERVICE_START pid=1 uid=0 auid=4294967295 ses=4294967295 subj=unconfined msg='unit=kmod-static-nodes comm="systemd" exe="/usr/lib/systemd/systemd" hostname=? addr=? terminal=? res=success'
Sep 13 09:05:16 10 audit[1]: SERVICE_START pid=1 uid=0 auid=4294967295 ses=4294967295 subj=unconfined msg='unit=modprobe@configfs comm="systemd" exe="/usr/lib/systemd/systemd" hostname=? addr=? terminal=? res=success'
Sep 13 09:05:16 10 audit[1]: SERVICE_STOP pid=1 uid=0 auid=4294967295 ses=4294967295 subj=unconfined msg='unit=modprobe@configfs comm="systemd" exe="/usr/lib/systemd/systemd" hostname=? addr=? terminal=? res=success'
Sep 13 09:05:16 10 audit[1]: SERVICE_START pid=1 uid=0 auid=4294967295 ses=4294967295 subj=unconfined msg='unit=modprobe@drm comm="systemd" exe="/usr/lib/systemd/systemd" hostname=? addr=? terminal=? res=success'
Sep 13 09:05:16 10 audit[1]: SERVICE_STOP pid=1 uid=0 auid=4294967295 ses=4294967295 subj=unconfined msg='unit=modprobe@drm comm="systemd" exe="/usr/lib/systemd/systemd" hostname=? addr=? terminal=? res=success'
Sep 13 09:05:16 10 audit[1]: SERVICE_START pid=1 uid=0 auid=4294967295 ses=4294967295 subj=unconfined msg='unit=systemd-network-generator comm="systemd" exe="/usr/lib/systemd/systemd" hostname=? addr=? terminal=? res=success'
Sep 13 09:05:16 10 audit[1]: SERVICE_START pid=1 uid=0 auid=4294967295 ses=4294967295 subj=unconfined msg='unit=systemd-remount-fs comm="systemd" exe="/usr/lib/systemd/systemd" hostname=? addr=? terminal=? res=success'
Sep 13 09:05:16 10 audit[1]: SERVICE_START pid=1 uid=0 auid=4294967295 ses=4294967295 subj=unconfined msg='unit=systemd-sysctl comm="systemd" exe="/usr/lib/systemd/systemd" hostname=? addr=? terminal=? res=success'
Sep 13 09:05:16 10 systemd[1]: Queued start job for default target Multi-User System.
Sep 13 09:05:16 10 systemd[1]: systemd-journald.service: unit configures an IP firewall, but the local system does not support BPF/cgroup firewalling.
Sep 13 09:05:16 10 systemd[1]: (This warning is only shown for the first unit using IP firewalling.)
Sep 13 09:05:16 10 systemd[1]: systemd-journald.service: Deactivated successfully.
Sep 13 09:05:16 10 systemd[1]: [    3.061507] Started Journal Service.
Sep 13 09:05:16 10 kernel: [    3.061634] audit: type=1130 audit(1694595916.505:10): pid=1 uid=0 auid=4294967295 ses=4294967295 subj=unconfined msg='unit=systemd-journald comm="systemd" exe="/usr/lib/systemd/systemd" hostname=? addr=? terminal=? res=success'
Sep 13 09:05:16 10 audit[1]: SERVICE_START pid=1 uid=0 auid=4294967295 ses=4294967295 subj=unconfined msg='unit=systemd-journald comm="systemd" exe="/usr/lib/systemd/systemd" hostname=? addr=? terminal=? res=success'
Sep 13 09:05:16 10 systemd[1]: Starting Flush Journal to Persistent Storage...
Sep 13 09:05:16 10 systemd[1]: Finished Load/Save OS Random Seed.
Sep 13 09:05:16 10 audit[1]: SERVICE_START pid=1 uid=0 auid=4294967295 ses=4294967295 subj=unconfined msg='unit=systemd-random-seed comm="systemd" exe="/usr/lib/systemd/systemd" hostname=? addr=? terminal=? res=success'
Sep 13 09:05:16 10 systemd[1]: First Boot Complete was skipped because of an unmet condition check (ConditionFirstBoot=yes).
Sep 13 09:05:16 10 systemd-journald[466]: Runtime Journal (/run/log/journal/a4232b47869446fe8a7c40cd1b8288f5) is 8.0M, max 153.3M, 145.3M free.
Sep 13 09:05:16 10 systemd-journald[466]: [    3.068160] Received client request to flush runtime journal.
Sep 13 09:05:16 10 systemd[1]: Finished Flush Journal to Persistent Storage.
Sep 13 09:05:16 10 audit[1]: SERVICE_START pid=1 uid=0 auid=4294967295 ses=4294967295 subj=unconfined msg='unit=systemd-journal-flush comm="systemd" exe="/usr/lib/systemd/systemd" hostname=? addr=? terminal=? res=success'
Sep 13 09:05:16 10 systemd-sysusers[478]: Creating group 'sgx' with GID 994.
Sep 13 09:05:16 10 kernel: [    3.076427] fuse: init (API version 7.38)
Sep 13 09:05:16 10 systemd[1]: modprobe@fuse.service: Deactivated successfully.
Sep 13 09:05:16 10 audit[1]: SERVICE_START pid=1 uid=0 auid=4294967295 ses=4294967295 subj=unconfined msg='unit=modprobe@fuse comm="systemd" exe="/usr/lib/systemd/systemd" hostname=? addr=? terminal=? res=success'
Sep 13 09:05:16 10 audit[1]: SERVICE_STOP pid=1 uid=0 auid=4294967295 ses=4294967295 subj=unconfined msg='unit=modprobe@fuse comm="systemd" exe="/usr/lib/systemd/systemd" hostname=? addr=? terminal=? res=success'
Sep 13 09:05:16 10 systemd[1]: Finished Load Kernel Module fuse.
Sep 13 09:05:16 10 systemd[1]: Mounting FUSE Control File System...
Sep 13 09:05:16 10 systemd[1]: Mounted FUSE Control File System.
Sep 13 09:05:16 10 systemd[1]: Finished Create System Users.
Sep 13 09:05:16 10 audit[1]: SERVICE_START pid=1 uid=0 auid=4294967295 ses=4294967295 subj=unconfined msg='unit=systemd-sysusers comm="systemd" exe="/usr/lib/systemd/systemd" hostname=? addr=? terminal=? res=success'
Sep 13 09:05:16 10 systemd[1]: Starting Create Static Device Nodes in /dev...
Sep 13 09:05:16 10 systemd-tmpfiles[489]: /usr/lib/tmpfiles.d/dbus.conf:13: Line references path below legacy directory /var/run/, updating /var/run/dbus/containers  /run/dbus/containers; please update the tmpfiles.d/ drop-in file accordingly.
Sep 13 09:05:16 10 audit[1]: SERVICE_START pid=1 uid=0 auid=4294967295 ses=4294967295 subj=unconfined msg='unit=systemd-tmpfiles-setup-dev comm="systemd" exe="/usr/lib/systemd/systemd" hostname=? addr=? terminal=? res=success'
Sep 13 09:05:16 10 systemd[1]: Finished Create Static Device Nodes in /dev.
Sep 13 09:05:16 10 systemd[1]: Reached target Preparation for Local File Systems.
Sep 13 09:05:16 10 systemd[1]: Finished Coldplug All udev Devices.
Sep 13 09:05:16 10 audit[1]: SERVICE_START pid=1 uid=0 auid=4294967295 ses=4294967295 subj=unconfined msg='unit=systemd-udev-trigger comm="systemd" exe="/usr/lib/systemd/systemd" hostname=? addr=? terminal=? res=success'
Sep 13 09:05:17 10 systemd[1]: Finished Rebuild Hardware Database.
Sep 13 09:05:17 10 audit[1]: SERVICE_START pid=1 uid=0 auid=4294967295 ses=4294967295 subj=unconfined msg='unit=systemd-hwdb-update comm="systemd" exe="/usr/lib/systemd/systemd" hostname=? addr=? terminal=? res=success'
Sep 13 09:05:17 10 systemd[1]: Starting Rule-based Manager for Device Events and Files...
Sep 13 09:05:17 10 systemd-udevd[494]: Using default interface naming scheme 'v253'.
Sep 13 09:05:17 10 systemd[1]: Started Rule-based Manager for Device Events and Files.
Sep 13 09:05:17 10 audit[1]: SERVICE_START pid=1 uid=0 auid=4294967295 ses=4294967295 subj=unconfined msg='unit=systemd-udevd comm="systemd" exe="/usr/lib/systemd/systemd" hostname=? addr=? terminal=? res=success'
Sep 13 09:05:17 10 systemd[1]: Starting Load Kernel Module configfs...
Sep 13 09:05:17 10 systemd[1]: modprobe@configfs.service: Deactivated successfully.
Sep 13 09:05:17 10 systemd[1]: Finished Load Kernel Module configfs.
Sep 13 09:05:17 10 audit[1]: SERVICE_START pid=1 uid=0 auid=4294967295 ses=4294967295 subj=unconfined msg='unit=modprobe@configfs comm="systemd" exe="/usr/lib/systemd/systemd" hostname=? addr=? terminal=? res=success'
Sep 13 09:05:17 10 audit[1]: SERVICE_STOP pid=1 uid=0 auid=4294967295 ses=4294967295 subj=unconfined msg='unit=modprobe@configfs comm="systemd" exe="/usr/lib/systemd/systemd" hostname=? addr=? terminal=? res=success'
Sep 13 09:05:17 10 systemd[1]: Condition check resulted in /dev/ttyS0 being skipped.
Sep 13 09:05:17 10 systemd[1]: Condition check resulted in /dev/disk/by-uuid/2257-9D42 being skipped.
Sep 13 09:05:17 10 kernel: [    3.695224] piix4_smbus 0000:00:01.3: SMBus Host Controller at 0xb100, revision 0
Sep 13 09:05:17 10 kernel: [    3.696008] input: PC Speaker as /devices/platform/pcspkr/input/input7
Sep 13 09:05:17 10 kernel: [    3.700626] parport_pc 00:03: reported by Plug and Play ACPI
Sep 13 09:05:17 10 kernel: [    3.700824] parport0: PC-style at 0x378, irq 7 [PCSPP,TRISTATE]
Sep 13 09:05:17 10 kernel: [    3.708192] sr 1:0:0:0: Attached scsi generic sg0 type 5
Sep 13 09:05:17 10 systemd[1]: Mounting /boot...
Sep 13 09:05:17 10 kernel: [    3.744954] RAPL PMU: API unit is 2^-32 Joules, 0 fixed counters, 10737418240 ms ovfl timer
Sep 13 09:05:17 10 kernel: [    3.751724] virtio_net virtio3 ens5: renamed from eth0
Sep 13 09:05:17 10 systemd[1]: Mounted /boot.
Sep 13 09:05:17 10 systemd[1]: Reached target Local File Systems.
Sep 13 09:05:17 10 (udev-worker)[527]: ens5: Network interface 2 is renamed from 'eth0' to 'ens5'
Sep 13 09:05:17 10 systemd[1]: Starting Rebuild Dynamic Linker Cache...
Sep 13 09:05:17 10 systemd[1]: Set Up Additional Binary Formats was skipped because no trigger condition checks were met.
Sep 13 09:05:17 10 systemd[1]: Commit a transient machine-id on disk was skipped because of an unmet condition check (ConditionPathIsMountPoint=/etc/machine-id).
Sep 13 09:05:17 10 systemd[1]: Starting Create Volatile Files and Directories...
Sep 13 09:05:17 10 systemd-tmpfiles[611]: /usr/lib/tmpfiles.d/dbus.conf:13: Line references path below legacy directory /var/run/, updating /var/run/dbus/containers  /run/dbus/containers; please update the tmpfiles.d/ drop-in file accordingly.
Sep 13 09:05:17 10 kernel: [    4.056823] ppdev: user-space parallel port driver
Sep 13 09:05:17 10 kernel: [    4.056830] Error: Driver 'pcspkr' is already registered, aborting...
Sep 13 09:05:17 10 audit[1]: SERVICE_START pid=1 uid=0 auid=4294967295 ses=4294967295 subj=unconfined msg='unit=systemd-tmpfiles-setup comm="systemd" exe="/usr/lib/systemd/systemd" hostname=? addr=? terminal=? res=success'
Sep 13 09:05:17 10 audit[615]: SYSTEM_BOOT pid=615 uid=0 auid=4294967295 ses=4294967295 subj=unconfined msg=' comm="systemd-update-utmp" exe="/usr/lib/systemd/systemd-update-utmp" hostname=? addr=? terminal=? res=success'
Sep 13 09:05:17 10 systemd[1]: Finished Create Volatile Files and Directories.
Sep 13 09:05:17 10 systemd[1]: Starting Rebuild Journal Catalog...
Sep 13 09:05:17 10 systemd[1]: Starting Record System Boot/Shutdown in UTMP...
Sep 13 09:05:17 10 systemd[1]: Finished Record System Boot/Shutdown in UTMP.
Sep 13 09:05:17 10 audit[1]: SERVICE_START pid=1 uid=0 auid=4294967295 ses=4294967295 subj=unconfined msg='unit=systemd-update-utmp comm="systemd" exe="/usr/lib/systemd/systemd" hostname=? addr=? terminal=? res=success'
Sep 13 09:05:17 10 systemd[1]: Finished Rebuild Journal Catalog.
Sep 13 09:05:17 10 audit[1]: SERVICE_START pid=1 uid=0 auid=4294967295 ses=4294967295 subj=unconfined msg='unit=systemd-journal-catalog-update comm="systemd" exe="/usr/lib/systemd/systemd" hostname=? addr=? terminal=? res=success'
Sep 13 09:05:17 10 systemd[1]: Finished Rebuild Dynamic Linker Cache.
Sep 13 09:05:17 10 audit[1]: SERVICE_START pid=1 uid=0 auid=4294967295 ses=4294967295 subj=unconfined msg='unit=ldconfig comm="systemd" exe="/usr/lib/systemd/systemd" hostname=? addr=? terminal=? res=success'
Sep 13 09:05:17 10 systemd[1]: Starting Update is Completed...
Sep 13 09:05:17 10 systemd[1]: Finished Update is Completed.
Sep 13 09:05:17 10 systemd[1]: Reached target System Initialization.
Sep 13 09:05:17 10 systemd[1]: Started dnf makecache --timer.
Sep 13 09:05:17 10 systemd[1]: Started Daily Cleanup of Temporary Directories.
Sep 13 09:05:17 10 systemd[1]: Reached target Timer Units.
Sep 13 09:05:17 10 systemd[1]: Listening on D-Bus System Message Bus Socket.
Sep 13 09:05:17 10 systemd[1]: Reached target Socket Units.
Sep 13 09:05:17 10 systemd[1]: Reached target Basic System.
Sep 13 09:05:17 10 audit[1]: SERVICE_START pid=1 uid=0 auid=4294967295 ses=4294967295 subj=unconfined msg='unit=systemd-update-done comm="systemd" exe="/usr/lib/systemd/systemd" hostname=? addr=? terminal=? res=success'
Sep 13 09:05:17 10 systemd[1]: Starting D-Bus System Message Bus...
Sep 13 09:05:17 10 kernel: [    4.497918] intel_rapl_msr: PL4 support detected.
Sep 13 09:05:17 10 systemd[1]: Starting Restore /run/initramfs on shutdown...
Sep 13 09:05:17 10 systemd[1]: Starting Update RTC With System Clock...
Sep 13 09:05:17 10 systemd[1]: Starting OpenSSH ecdsa Server Key Generation...
Sep 13 09:05:17 10 systemd[1]: Starting OpenSSH ed25519 Server Key Generation...
Sep 13 09:05:17 10 systemd[1]: Starting OpenSSH rsa Server Key Generation...
Sep 13 09:05:17 10 systemd[1]: Starting User Login Management...
Sep 13 09:05:17 10 systemd[1]: Finished Restore /run/initramfs on shutdown.
Sep 13 09:05:17 10 audit[1]: SERVICE_START pid=1 uid=0 auid=4294967295 ses=4294967295 subj=unconfined msg='unit=dracut-shutdown comm="systemd" exe="/usr/lib/systemd/systemd" hostname=? addr=? terminal=? res=success'
Sep 13 09:05:17 10 systemd[1]: Finished Update RTC With System Clock.
Sep 13 09:05:17 10 audit[1]: SERVICE_START pid=1 uid=0 auid=4294967295 ses=4294967295 subj=unconfined msg='unit=hwclock-save comm="systemd" exe="/usr/lib/systemd/systemd" hostname=? addr=? terminal=? res=success'
Sep 13 09:05:17 10 systemd[1]: Started D-Bus System Message Bus.
Sep 13 09:05:17 10 audit[1]: SERVICE_START pid=1 uid=0 auid=4294967295 ses=4294967295 subj=unconfined msg='unit=dbus comm="systemd" exe="/usr/lib/systemd/systemd" hostname=? addr=? terminal=? res=success'
Sep 13 09:05:17 10 audit[1]: SERVICE_START pid=1 uid=0 auid=4294967295 ses=4294967295 subj=unconfined msg='unit=sshd-keygen@ecdsa comm="systemd" exe="/usr/lib/systemd/systemd" hostname=? addr=? terminal=? res=success'
Sep 13 09:05:17 10 audit[1]: SERVICE_STOP pid=1 uid=0 auid=4294967295 ses=4294967295 subj=unconfined msg='unit=sshd-keygen@ecdsa comm="systemd" exe="/usr/lib/systemd/systemd" hostname=? addr=? terminal=? res=success'
Sep 13 09:05:17 10 audit[1]: SERVICE_START pid=1 uid=0 auid=4294967295 ses=4294967295 subj=unconfined msg='unit=sshd-keygen@ed25519 comm="systemd" exe="/usr/lib/systemd/systemd" hostname=? addr=? terminal=? res=success'
Sep 13 09:05:17 10 audit[1]: SERVICE_STOP pid=1 uid=0 auid=4294967295 ses=4294967295 subj=unconfined msg='unit=sshd-keygen@ed25519 comm="systemd" exe="/usr/lib/systemd/systemd" hostname=? addr=? terminal=? res=success'
Sep 13 09:05:17 10 systemd[1]: sshd-keygen@ecdsa.service: Deactivated successfully.
Sep 13 09:05:17 10 systemd[1]: Finished OpenSSH ecdsa Server Key Generation.
Sep 13 09:05:17 10 systemd[1]: sshd-keygen@ed25519.service: Deactivated successfully.
Sep 13 09:05:17 10 systemd[1]: Finished OpenSSH ed25519 Server Key Generation.
Sep 13 09:05:17 10 systemd-logind[650]: New seat seat0.
Sep 13 09:05:17 10 systemd-logind[650]: Watching system buttons on /dev/input/event0 (Power Button)
Sep 13 09:05:17 10 systemd-logind[650]: Watching system buttons on /dev/input/event4 (QEMU QEMU USB Keyboard)
Sep 13 09:05:17 10 systemd-logind[650]: Watching system buttons on /dev/input/event1 (AT Translated Set 2 keyboard)
Sep 13 09:05:18 10 systemd[1]: Starting Network Manager...
Sep 13 09:05:18 10 systemd[1]: Started User Login Management.
Sep 13 09:05:18 10 audit[1]: SERVICE_START pid=1 uid=0 auid=4294967295 ses=4294967295 subj=unconfined msg='unit=systemd-logind comm="systemd" exe="/usr/lib/systemd/systemd" hostname=? addr=? terminal=? res=success'
Sep 13 09:05:18 10 NetworkManager[665]: <info>  [1694595918.0351] NetworkManager (version 1.42.8-3.oe2309) is starting... (boot:3bfd55f6-4bd6-4959-8f1d-750f39accad4)
Sep 13 09:05:18 10 NetworkManager[665]: <info>  [1694595918.0352] Read config: /etc/NetworkManager/NetworkManager.conf
Sep 13 09:05:18 10 systemd[1]: Started Network Manager.
Sep 13 09:05:18 10 NetworkManager[665]: <info>  [1694595918.0372] bus-manager: acquired D-Bus service "org.freedesktop.NetworkManager"
Sep 13 09:05:18 10 audit[1]: SERVICE_START pid=1 uid=0 auid=4294967295 ses=4294967295 subj=unconfined msg='unit=NetworkManager comm="systemd" exe="/usr/lib/systemd/systemd" hostname=? addr=? terminal=? res=success'
Sep 13 09:05:18 10 systemd[1]: Reached target Network.
Sep 13 09:05:18 10 NetworkManager[665]: <info>  [1694595918.0404] manager[0x55bef1a09500]: monitoring kernel firmware directory '/lib/firmware'.
Sep 13 09:05:18 10 dbus-daemon[641]: [system] Activating via systemd: service name='org.freedesktop.hostname1' unit='dbus-org.freedesktop.hostname1.service' requested by ':1.2' (uid=0 pid=665 comm="/usr/sbin/NetworkManager --no-daemon")
Sep 13 09:05:18 10 systemd[1]: Starting Network Manager Wait Online...
Sep 13 09:05:18 10 systemd[1]: Starting Permit User Sessions...
Sep 13 09:05:18 10 systemd[1]: Starting Hostname Service...
Sep 13 09:05:18 10 systemd[1]: Finished Permit User Sessions.
Sep 13 09:05:18 10 audit[1]: SERVICE_START pid=1 uid=0 auid=4294967295 ses=4294967295 subj=unconfined msg='unit=systemd-user-sessions comm="systemd" exe="/usr/lib/systemd/systemd" hostname=? addr=? terminal=? res=success'
Sep 13 09:05:18 10 systemd[1]: Started Command Scheduler.
Sep 13 09:05:18 10 audit[1]: SERVICE_START pid=1 uid=0 auid=4294967295 ses=4294967295 subj=unconfined msg='unit=crond comm="systemd" exe="/usr/lib/systemd/systemd" hostname=? addr=? terminal=? res=success'
Sep 13 09:05:18 10 systemd[1]: Started Getty on tty1.
Sep 13 09:05:18 10 audit[1]: SERVICE_START pid=1 uid=0 auid=4294967295 ses=4294967295 subj=unconfined msg='unit=getty@tty1 comm="systemd" exe="/usr/lib/systemd/systemd" hostname=? addr=? terminal=? res=success'
Sep 13 09:05:18 10 systemd[1]: Started Serial Getty on ttyS0.
Sep 13 09:05:18 10 audit[1]: SERVICE_START pid=1 uid=0 auid=4294967295 ses=4294967295 subj=unconfined msg='unit=serial-getty@ttyS0 comm="systemd" exe="/usr/lib/systemd/systemd" hostname=? addr=? terminal=? res=success'
Sep 13 09:05:18 10 systemd[1]: Reached target Login Prompts.
Sep 13 09:05:18 10 dbus-daemon[641]: [system] Successfully activated service 'org.freedesktop.hostname1'
Sep 13 09:05:18 10 systemd[1]: Started Hostname Service.
Sep 13 09:05:18 10 audit[1]: SERVICE_START pid=1 uid=0 auid=4294967295 ses=4294967295 subj=unconfined msg='unit=systemd-hostnamed comm="systemd" exe="/usr/lib/systemd/systemd" hostname=? addr=? terminal=? res=success'
Sep 13 09:05:18 10 NetworkManager[665]: <info>  [1694595918.0944] hostname: hostname: using hostnamed
Sep 13 09:05:18 10 NetworkManager[665]: <info>  [1694595918.0946] dns-mgr: init: dns=default rc-manager=symlink
Sep 13 09:05:18 10 NetworkManager[665]: <info>  [1694595918.0947] policy: set-hostname: set hostname to 'localhost.localdomain' (no hostname found)
Sep 13 09:05:18 10 systemd-hostnamed[672]: Hostname set to <localhost.localdomain> (transient)
Sep 13 09:05:18 10 NetworkManager[665]: <info>  [1694595918.1185] manager[0x55bef1a09500]: rfkill: Wi-Fi hardware radio set enabled
Sep 13 09:05:18 10 NetworkManager[665]: <info>  [1694595918.1185] manager[0x55bef1a09500]: rfkill: WWAN hardware radio set enabled
Sep 13 09:05:18 10 NetworkManager[665]: <info>  [1694595918.1207] Loaded device plugin: NMOvsFactory (/usr/lib64/NetworkManager/1.42.8-3.oe2309/libnm-device-plugin-ovs.so)
Sep 13 09:05:18 10 NetworkManager[665]: <info>  [1694595918.1209] Loaded device plugin: NMAtmManager (/usr/lib64/NetworkManager/1.42.8-3.oe2309/libnm-device-plugin-adsl.so)
Sep 13 09:05:18 10 NetworkManager[665]: <info>  [1694595918.1211] manager: rfkill: Wi-Fi enabled by radio killswitch; enabled by state file
Sep 13 09:05:18 10 NetworkManager[665]: <info>  [1694595918.1211] manager: rfkill: WWAN enabled by radio killswitch; enabled by state file
Sep 13 09:05:18 10 NetworkManager[665]: <info>  [1694595918.1211] manager: Networking is enabled by state file
Sep 13 09:05:18 10 dbus-daemon[641]: [system] Activating via systemd: service name='org.freedesktop.nm_dispatcher' unit='dbus-org.freedesktop.nm-dispatcher.service' requested by ':1.2' (uid=0 pid=665 comm="/usr/sbin/NetworkManager --no-daemon")
Sep 13 09:05:18 10 NetworkManager[665]: <info>  [1694595918.1214] settings: Loaded settings plugin: ifcfg-rh ("/usr/lib64/NetworkManager/1.42.8-3.oe2309/libnm-settings-plugin-ifcfg-rh.so")
Sep 13 09:05:18 10 NetworkManager[665]: <info>  [1694595918.1214] settings: Loaded settings plugin: keyfile (internal)
Sep 13 09:05:18 10 NetworkManager[665]: <info>  [1694595918.1224] dhcp: init: Using DHCP client 'dhclient'
Sep 13 09:05:18 10 NetworkManager[665]: <info>  [1694595918.1226] manager: (lo): new Loopback device (/org/freedesktop/NetworkManager/Devices/1)
Sep 13 09:05:18 10 NetworkManager[665]: <info>  [1694595918.1244] device (lo): state change: unmanaged -> unavailable (reason 'connection-assumed', sys-iface-state: 'external')
Sep 13 09:05:18 10 NetworkManager[665]: <info>  [1694595918.1247] device (lo): state change: unavailable -> disconnected (reason 'connection-assumed', sys-iface-state: 'external')
Sep 13 09:05:18 10 NetworkManager[665]: <info>  [1694595918.1250] device (lo): Activation: starting connection 'lo' (46fd4f0b-b283-4b68-8357-1d0b0ee6c77a)
Sep 13 09:05:18 10 NetworkManager[665]: <info>  [1694595918.1255] manager: (ens5): new Ethernet device (/org/freedesktop/NetworkManager/Devices/2)
Sep 13 09:05:18 10 NetworkManager[665]: <info>  [1694595918.1259] settings: (ens5): created default wired connection 'Wired connection 1'
Sep 13 09:05:18 10 NetworkManager[665]: <info>  [1694595918.1259] device (ens5): state change: unmanaged -> unavailable (reason 'managed', sys-iface-state: 'external')
Sep 13 09:05:18 10 NetworkManager[665]: <info>  [1694595918.1285] ovsdb: disconnected from ovsdb
Sep 13 09:05:18 10 NetworkManager[665]: <info>  [1694595918.1287] device (lo): state change: disconnected -> prepare (reason 'none', sys-iface-state: 'external')
Sep 13 09:05:18 10 NetworkManager[665]: <info>  [1694595918.1288] device (lo): state change: prepare -> config (reason 'none', sys-iface-state: 'external')
Sep 13 09:05:18 10 NetworkManager[665]: <info>  [1694595918.1289] device (lo): state change: config -> ip-config (reason 'none', sys-iface-state: 'external')
Sep 13 09:05:18 10 NetworkManager[665]: <info>  [1694595918.1290] device (ens5): carrier: link connected
Sep 13 09:05:18 10 NetworkManager[665]: <info>  [1694595918.1291] device (lo): state change: ip-config -> ip-check (reason 'none', sys-iface-state: 'external')
Sep 13 09:05:18 10 systemd[1]: Starting Network Manager Script Dispatcher Service...
Sep 13 09:05:18 10 NetworkManager[665]: <info>  [1694595918.1292] device (ens5): state change: unavailable -> disconnected (reason 'carrier-changed', sys-iface-state: 'managed')
Sep 13 09:05:18 10 NetworkManager[665]: <info>  [1694595918.1293] policy: auto-activating connection 'Wired connection 1' (38d25c01-43dc-3938-b1ca-7729dd5879c0)
Sep 13 09:05:18 10 NetworkManager[665]: <info>  [1694595918.1295] device (ens5): Activation: starting connection 'Wired connection 1' (38d25c01-43dc-3938-b1ca-7729dd5879c0)
Sep 13 09:05:18 10 NetworkManager[665]: <info>  [1694595918.1295] device (ens5): state change: disconnected -> prepare (reason 'none', sys-iface-state: 'managed')
Sep 13 09:05:18 10 NetworkManager[665]: <info>  [1694595918.1296] manager: NetworkManager state is now CONNECTING
Sep 13 09:05:18 10 NetworkManager[665]: <info>  [1694595918.1297] device (ens5): state change: prepare -> config (reason 'none', sys-iface-state: 'managed')
Sep 13 09:05:18 10 NetworkManager[665]: <info>  [1694595918.1308] device (ens5): state change: config -> ip-config (reason 'none', sys-iface-state: 'managed')
Sep 13 09:05:18 10 NetworkManager[665]: <info>  [1694595918.1314] dhcp4 (ens5): activation: beginning transaction (timeout in 45 seconds)
