Oct 06 20:35:26 localhost kernel: Dentry cache hash table entries: 524288 (order: 10, 4194304 bytes, linear)
Oct 06 20:35:26 localhost kernel: Inode-cache hash table entries: 262144 (order: 9, 2097152 bytes, linear)
Oct 06 20:35:26 localhost kernel: Fallback order for Node 0: 0 
Oct 06 20:35:26 localhost kernel: Built 1 zonelists, mobility grouping on.  Total pages: 1028749
Oct 06 20:35:26 localhost kernel: Policy zone: Normal
Oct 06 20:35:26 localhost kernel: mem auto-init: stack:off, heap alloc:off, heap free:off
Oct 06 20:35:26 localhost kernel: software IO TLB: area num 4.
Oct 06 20:35:26 localhost kernel: Memory: 2811744K/4188244K available (16384K kernel code, 5534K rwdata, 10868K rodata, 4032K init, 18344K bss, 532440K reserved, 0K cma-reserved)
Oct 06 20:35:26 localhost kernel: SLUB: HWalign=64, Order=0-3, MinObjects=0, CPUs=4, Nodes=1
Oct 06 20:35:26 localhost kernel: ftrace: allocating 46170 entries in 181 pages
Oct 06 20:35:26 localhost kernel: ftrace: allocated 181 pages with 5 groups
Oct 06 20:35:26 localhost kernel: Dynamic Preempt: none
Oct 06 20:35:26 localhost kernel: rcu: Preemptible hierarchical RCU implementation.
Oct 06 20:35:26 localhost kernel: rcu:         RCU restricting CPUs from NR_CPUS=8192 to nr_cpu_ids=4.
Oct 06 20:35:26 localhost kernel:         Trampoline variant of Tasks RCU enabled.
Oct 06 20:35:26 localhost kernel:         Rude variant of Tasks RCU enabled.
Oct 06 20:35:26 localhost kernel:         Tracing variant of Tasks RCU enabled.
Oct 06 20:35:26 localhost kernel: rcu: RCU calculated value of scheduler-enlistment delay is 100 jiffies.
Oct 06 20:35:26 localhost kernel: rcu: Adjusting geometry for rcu_fanout_leaf=16, nr_cpu_ids=4
Oct 06 20:35:26 localhost kernel: NR_IRQS: 524544, nr_irqs: 456, preallocated irqs: 16
Oct 06 20:35:26 localhost kernel: rcu: srcu_init: Setting srcu_struct sizes based on contention.
Oct 06 20:35:26 localhost kernel: Console: colour dummy device 80x25
Oct 06 20:35:26 localhost kernel: printk: console [tty1] enabled
Oct 06 20:35:26 localhost kernel: printk: console [ttyS0] enabled
Oct 06 20:35:26 localhost kernel: ACPI: Core revision 20230331
Oct 06 20:35:26 localhost kernel: clocksource: hpet: mask: 0xffffffff max_cycles: 0xffffffff, max_idle_ns: 19112604467 ns
Oct 06 20:35:26 localhost kernel: APIC: Switch to symmetric I/O mode setup
Oct 06 20:35:26 localhost kernel: x2apic enabled
Oct 06 20:35:26 localhost kernel: Switched APIC routing to physical x2apic.
Oct 06 20:35:26 localhost kernel: kvm-guest: setup PV IPIs
Oct 06 20:35:26 localhost kernel: ..TIMER: vector=0x30 apic1=0 pin1=2 apic2=-1 pin2=-1
Oct 06 20:35:26 localhost kernel: clocksource: tsc-early: mask: 0xffffffffffffffff max_cycles: 0x314342a944b, max_idle_ns: 440795331192 ns
Oct 06 20:35:26 localhost kernel: Calibrating delay loop (skipped) preset value.. 6835.20 BogoMIPS (lpj=3417602)
Oct 06 20:35:26 localhost kernel: pid_max: default: 32768 minimum: 301
Oct 06 20:35:26 localhost kernel: LSM: initializing lsm=lockdown,capability,yama,apparmor,integrity
Oct 06 20:35:26 localhost kernel: Yama: becoming mindful.
Oct 06 20:35:26 localhost kernel: AppArmor: AppArmor initialized
Oct 06 20:35:26 localhost kernel: Mount-cache hash table entries: 8192 (order: 4, 65536 bytes, linear)
Oct 06 20:35:26 localhost kernel: Mountpoint-cache hash table entries: 8192 (order: 4, 65536 bytes, linear)
Oct 06 20:35:26 localhost kernel: x86/cpu: User Mode Instruction Prevention (UMIP) activated
Oct 06 20:35:26 localhost kernel: Last level iTLB entries: 4KB 0, 2MB 0, 4MB 0
Oct 06 20:35:26 localhost kernel: Last level dTLB entries: 4KB 0, 2MB 0, 4MB 0, 1GB 0
Oct 06 20:35:26 localhost kernel: Spectre V1 : Mitigation: usercopy/swapgs barriers and __user pointer sanitization
Oct 06 20:35:26 localhost kernel: Spectre V2 : WARNING: Unprivileged eBPF is enabled with eIBRS on, data leaks possible via Spectre v2 BHB attacks!
Oct 06 20:35:26 localhost kernel: Spectre V2 : Mitigation: Enhanced / Automatic IBRS
Oct 06 20:35:26 localhost kernel: Spectre V2 : Spectre v2 / SpectreRSB mitigation: Filling RSB on context switch
Oct 06 20:35:26 localhost kernel: Spectre V2 : Spectre v2 / PBRSB-eIBRS: Retire a single CALL on VMEXIT
Oct 06 20:35:26 localhost kernel: Spectre V2 : mitigation: Enabling conditional Indirect Branch Prediction Barrier
Oct 06 20:35:26 localhost kernel: Speculative Store Bypass: Mitigation: Speculative Store Bypass disabled via prctl
Oct 06 20:35:26 localhost kernel: MMIO Stale Data: Unknown: No mitigations
Oct 06 20:35:26 localhost kernel: Freeing SMP alternatives memory: 36K
Oct 06 20:35:26 localhost kernel: smpboot: CPU0: 13th Gen Intel(R) Core(TM) i7-13700K (family: 0x6, model: 0xb7, stepping: 0x1)
Oct 06 20:35:26 localhost kernel: cblist_init_generic: Setting adjustable number of callback queues.
Oct 06 20:35:26 localhost kernel: cblist_init_generic: Setting shift to 2 and lim to 1.
Oct 06 20:35:26 localhost kernel: cblist_init_generic: Setting shift to 2 and lim to 1.
Oct 06 20:35:26 localhost kernel: cblist_init_generic: Setting shift to 2 and lim to 1.
Oct 06 20:35:26 localhost kernel: Performance Events: Alderlake Hybrid events, core PMU driver.
Oct 06 20:35:26 localhost kernel: core: CPUID marked event: 'cpu cycles' unavailable
Oct 06 20:35:26 localhost kernel: core: CPUID marked event: 'instructions' unavailable
Oct 06 20:35:26 localhost kernel: core: CPUID marked event: 'bus cycles' unavailable
Oct 06 20:35:26 localhost kernel: core: CPUID marked event: 'cache references' unavailable
Oct 06 20:35:26 localhost kernel: core: CPUID marked event: 'cache misses' unavailable
Oct 06 20:35:26 localhost kernel: core: CPUID marked event: 'branch instructions' unavailable
Oct 06 20:35:26 localhost kernel: core: CPUID marked event: 'branch misses' unavailable
Oct 06 20:35:26 localhost kernel: core: cpu_core PMU driver: 
Oct 06 20:35:26 localhost kernel: ... version:                1
Oct 06 20:35:26 localhost kernel: ... bit width:              48
Oct 06 20:35:26 localhost kernel: ... generic registers:      6
Oct 06 20:35:26 localhost kernel: ... value mask:             0000ffffffffffff
Oct 06 20:35:26 localhost kernel: ... max period:             000000007fffffff
Oct 06 20:35:26 localhost kernel: ... fixed-purpose events:   0
Oct 06 20:35:26 localhost kernel: ... event mask:             000100080000003f
Oct 06 20:35:26 localhost kernel: rcu: Hierarchical SRCU implementation.
Oct 06 20:35:26 localhost kernel: rcu:         Max phase no-delay instances is 400.
Oct 06 20:35:26 localhost kernel: NMI watchdog: Perf NMI watchdog permanently disabled
Oct 06 20:35:26 localhost kernel: smp: Bringing up secondary CPUs ...
Oct 06 20:35:26 localhost kernel: x86: Booting SMP configuration:
Oct 06 20:35:26 localhost kernel: .... node  #0, CPUs:      #1 #2 #3
Oct 06 20:35:26 localhost kernel: smp: Brought up 1 node, 4 CPUs
Oct 06 20:35:26 localhost kernel: smpboot: Max logical packages: 1
Oct 06 20:35:26 localhost kernel: smpboot: Total of 4 processors activated (27340.81 BogoMIPS)
Oct 06 20:35:26 localhost kernel: node 0 deferred pages initialised in 3ms
Oct 06 20:35:26 localhost kernel: devtmpfs: initialized
Oct 06 20:35:26 localhost kernel: x86/mm: Memory block size: 128MB
Oct 06 20:35:26 localhost kernel: ACPI: PM: Registering ACPI NVS region [mem 0x00800000-0x00807fff] (32768 bytes)
Oct 06 20:35:26 localhost kernel: ACPI: PM: Registering ACPI NVS region [mem 0x0080b000-0x0080bfff] (4096 bytes)
Oct 06 20:35:26 localhost kernel: ACPI: PM: Registering ACPI NVS region [mem 0x00810000-0x008fffff] (983040 bytes)
Oct 06 20:35:26 localhost kernel: ACPI: PM: Registering ACPI NVS region [mem 0xbfb7f000-0xbfbfefff] (524288 bytes)
Oct 06 20:35:26 localhost kernel: ACPI: PM: Registering ACPI NVS region [mem 0xbff60000-0xbfffffff] (655360 bytes)
Oct 06 20:35:26 localhost kernel: clocksource: jiffies: mask: 0xffffffff max_cycles: 0xffffffff, max_idle_ns: 1911260446275000 ns
Oct 06 20:35:26 localhost kernel: futex hash table entries: 1024 (order: 4, 65536 bytes, linear)
Oct 06 20:35:26 localhost kernel: pinctrl core: initialized pinctrl subsystem
Oct 06 20:35:26 localhost kernel: NET: Registered PF_NETLINK/PF_ROUTE protocol family
Oct 06 20:35:26 localhost kernel: DMA: preallocated 512 KiB GFP_KERNEL pool for atomic allocations
Oct 06 20:35:26 localhost kernel: DMA: preallocated 512 KiB GFP_KERNEL|GFP_DMA pool for atomic allocations
Oct 06 20:35:26 localhost kernel: DMA: preallocated 512 KiB GFP_KERNEL|GFP_DMA32 pool for atomic allocations
Oct 06 20:35:26 localhost kernel: audit: initializing netlink subsys (disabled)
Oct 06 20:35:26 localhost kernel: audit: type=2000 audit(1696624526.329:1): state=initialized audit_enabled=0 res=1
Oct 06 20:35:26 localhost kernel: thermal_sys: Registered thermal governor 'fair_share'
Oct 06 20:35:26 localhost kernel: thermal_sys: Registered thermal governor 'bang_bang'
Oct 06 20:35:26 localhost kernel: thermal_sys: Registered thermal governor 'step_wise'
Oct 06 20:35:26 localhost kernel: thermal_sys: Registered thermal governor 'user_space'
Oct 06 20:35:26 localhost kernel: cpuidle: using governor menu
Oct 06 20:35:26 localhost kernel: acpiphp: ACPI Hot Plug PCI Controller Driver version: 0.5
Oct 06 20:35:26 localhost kernel: PCI: Using configuration type 1 for base access
Oct 06 20:35:26 localhost kernel: kprobes: kprobe jump-optimization is enabled. All kprobes are optimized if possible.
Oct 06 20:35:26 localhost kernel: HugeTLB: registered 1.00 GiB page size, pre-allocated 0 pages
Oct 06 20:35:26 localhost kernel: HugeTLB: 16380 KiB vmemmap can be freed for a 1.00 GiB page
Oct 06 20:35:26 localhost kernel: HugeTLB: registered 2.00 MiB page size, pre-allocated 0 pages
Oct 06 20:35:26 localhost kernel: HugeTLB: 28 KiB vmemmap can be freed for a 2.00 MiB page
Oct 06 20:35:26 localhost kernel: cryptd: max_cpu_qlen set to 1000
Oct 06 20:35:26 localhost kernel: ACPI: Added _OSI(Module Device)
Oct 06 20:35:26 localhost kernel: ACPI: Added _OSI(Processor Device)
Oct 06 20:35:26 localhost kernel: ACPI: Added _OSI(3.0 _SCP Extensions)
Oct 06 20:35:26 localhost kernel: ACPI: Added _OSI(Processor Aggregator Device)
Oct 06 20:35:26 localhost kernel: ACPI: 1 ACPI AML tables successfully acquired and loaded
Oct 06 20:35:26 localhost kernel: ACPI: Interpreter enabled
Oct 06 20:35:26 localhost kernel: ACPI: PM: (supports S0 S3 S4 S5)
Oct 06 20:35:26 localhost kernel: ACPI: Using IOAPIC for interrupt routing
Oct 06 20:35:26 localhost kernel: PCI: Using host bridge windows from ACPI; if necessary, use "pci=nocrs" and report a bug
Oct 06 20:35:26 localhost kernel: PCI: Using E820 reservations for host bridge windows
Oct 06 20:35:26 localhost kernel: ACPI: Enabled 2 GPEs in block 00 to 0F
Oct 06 20:35:26 localhost kernel: ACPI: PCI Root Bridge [PCI0] (domain 0000 [bus 00-ff])
Oct 06 20:35:26 localhost kernel: acpi PNP0A03:00: _OSC: OS supports [ASPM ClockPM Segments MSI HPX-Type3]
Oct 06 20:35:26 localhost kernel: acpi PNP0A03:00: _OSC: not requesting OS control; OS requires [ExtendedConfig ASPM ClockPM MSI]
Oct 06 20:35:26 localhost kernel: acpi PNP0A03:00: fail to add MMCONFIG information, can't access extended configuration space under this bridge
Oct 06 20:35:26 localhost kernel: acpiphp: Slot [3] registered
Oct 06 20:35:26 localhost kernel: acpiphp: Slot [4] registered
Oct 06 20:35:26 localhost kernel: acpiphp: Slot [5] registered
Oct 06 20:35:26 localhost kernel: acpiphp: Slot [6] registered
Oct 06 20:35:26 localhost kernel: acpiphp: Slot [7] registered
Oct 06 20:35:26 localhost kernel: acpiphp: Slot [8] registered
Oct 06 20:35:26 localhost kernel: acpiphp: Slot [9] registered
Oct 06 20:35:26 localhost kernel: acpiphp: Slot [10] registered
Oct 06 20:35:26 localhost kernel: acpiphp: Slot [11] registered
Oct 06 20:35:26 localhost kernel: acpiphp: Slot [12] registered
Oct 06 20:35:26 localhost kernel: acpiphp: Slot [13] registered
Oct 06 20:35:26 localhost kernel: acpiphp: Slot [14] registered
Oct 06 20:35:26 localhost kernel: acpiphp: Slot [15] registered
Oct 06 20:35:26 localhost kernel: acpiphp: Slot [16] registered
Oct 06 20:35:26 localhost kernel: acpiphp: Slot [17] registered
Oct 06 20:35:26 localhost kernel: acpiphp: Slot [18] registered
Oct 06 20:35:26 localhost kernel: acpiphp: Slot [19] registered
Oct 06 20:35:26 localhost kernel: acpiphp: Slot [20] registered
Oct 06 20:35:26 localhost kernel: acpiphp: Slot [21] registered
Oct 06 20:35:26 localhost kernel: acpiphp: Slot [22] registered
Oct 06 20:35:26 localhost kernel: acpiphp: Slot [23] registered
Oct 06 20:35:26 localhost kernel: acpiphp: Slot [24] registered
Oct 06 20:35:26 localhost kernel: acpiphp: Slot [25] registered
Oct 06 20:35:26 localhost kernel: acpiphp: Slot [26] registered
Oct 06 20:35:26 localhost kernel: acpiphp: Slot [27] registered
Oct 06 20:35:26 localhost kernel: acpiphp: Slot [28] registered
Oct 06 20:35:26 localhost kernel: acpiphp: Slot [29] registered
Oct 06 20:35:26 localhost kernel: acpiphp: Slot [30] registered
Oct 06 20:35:26 localhost kernel: acpiphp: Slot [31] registered
Oct 06 20:35:26 localhost kernel: PCI host bridge to bus 0000:00
Oct 06 20:35:26 localhost kernel: pci_bus 0000:00: root bus resource [io  0x0000-0x0cf7 window]
Oct 06 20:35:26 localhost kernel: pci_bus 0000:00: root bus resource [io  0x0d00-0xffff window]
Oct 06 20:35:26 localhost kernel: pci_bus 0000:00: root bus resource [mem 0x000a0000-0x000bffff window]
Oct 06 20:35:26 localhost kernel: pci_bus 0000:00: root bus resource [mem 0xc0000000-0xfebfffff window]
Oct 06 20:35:26 localhost kernel: pci_bus 0000:00: root bus resource [mem 0x800000000-0x87fffffff window]
Oct 06 20:35:26 localhost kernel: pci_bus 0000:00: root bus resource [bus 00-ff]
Oct 06 20:35:26 localhost kernel: pci 0000:00:00.0: [8086:1237] type 00 class 0x060000
Oct 06 20:35:26 localhost kernel: pci 0000:00:01.0: [8086:7000] type 00 class 0x060100
Oct 06 20:35:26 localhost kernel: pci 0000:00:01.1: [8086:7010] type 00 class 0x010180
Oct 06 20:35:26 localhost kernel: pci 0000:00:01.1: reg 0x20: [io  0xc0e0-0xc0ef]
Oct 06 20:35:26 localhost kernel: pci 0000:00:01.1: legacy IDE quirk: reg 0x10: [io  0x01f0-0x01f7]
Oct 06 20:35:26 localhost kernel: pci 0000:00:01.1: legacy IDE quirk: reg 0x14: [io  0x03f6]
Oct 06 20:35:26 localhost kernel: pci 0000:00:01.1: legacy IDE quirk: reg 0x18: [io  0x0170-0x0177]
Oct 06 20:35:26 localhost kernel: pci 0000:00:01.1: legacy IDE quirk: reg 0x1c: [io  0x0376]
Oct 06 20:35:26 localhost kernel: pci 0000:00:01.2: [8086:7020] type 00 class 0x0c0300
Oct 06 20:35:26 localhost kernel: pci 0000:00:01.2: reg 0x20: [io  0xc0c0-0xc0df]
Oct 06 20:35:26 localhost kernel: pci 0000:00:01.3: [8086:7113] type 00 class 0x068000
Oct 06 20:35:26 localhost kernel: pci 0000:00:01.3: quirk: [io  0xb000-0xb03f] claimed by PIIX4 ACPI
Oct 06 20:35:26 localhost kernel: pci 0000:00:01.3: quirk: [io  0xb100-0xb10f] claimed by PIIX4 SMB
Oct 06 20:35:26 localhost kernel: pci 0000:00:02.0: [1af4:1050] type 00 class 0x030000
Oct 06 20:35:26 localhost kernel: pci 0000:00:02.0: reg 0x10: [mem 0xc0000000-0xc07fffff pref]
Oct 06 20:35:26 localhost kernel: pci 0000:00:02.0: reg 0x18: [mem 0x800000000-0x800003fff 64bit pref]
Oct 06 20:35:26 localhost kernel: pci 0000:00:02.0: reg 0x20: [mem 0xc0843000-0xc0843fff]
Oct 06 20:35:26 localhost kernel: pci 0000:00:02.0: reg 0x30: [mem 0xffff0000-0xffffffff pref]
Oct 06 20:35:26 localhost kernel: pci 0000:00:02.0: BAR 0: assigned to efifb
Oct 06 20:35:26 localhost kernel: pci 0000:00:02.0: Video device with shadowed ROM at [mem 0x000c0000-0x000dffff]
Oct 06 20:35:26 localhost kernel: pci 0000:00:03.0: [1af4:1005] type 00 class 0x00ff00
Oct 06 20:35:26 localhost kernel: pci 0000:00:03.0: reg 0x10: [io  0xc0a0-0xc0bf]
Oct 06 20:35:26 localhost kernel: pci 0000:00:03.0: reg 0x14: [mem 0xc0842000-0xc0842fff]
Oct 06 20:35:26 localhost kernel: pci 0000:00:03.0: reg 0x20: [mem 0x800004000-0x800007fff 64bit pref]
Oct 06 20:35:26 localhost kernel: pci 0000:00:04.0: [1af4:1001] type 00 class 0x010000
Oct 06 20:35:26 localhost kernel: pci 0000:00:04.0: reg 0x10: [io  0xc000-0xc07f]
Oct 06 20:35:26 localhost kernel: pci 0000:00:04.0: reg 0x14: [mem 0xc0841000-0xc0841fff]
Oct 06 20:35:26 localhost kernel: pci 0000:00:04.0: reg 0x20: [mem 0x800008000-0x80000bfff 64bit pref]
Oct 06 20:35:26 localhost kernel: pci 0000:00:05.0: [1af4:1000] type 00 class 0x020000
Oct 06 20:35:26 localhost kernel: pci 0000:00:05.0: reg 0x10: [io  0xc080-0xc09f]
Oct 06 20:35:26 localhost kernel: pci 0000:00:05.0: reg 0x14: [mem 0xc0840000-0xc0840fff]
Oct 06 20:35:26 localhost kernel: pci 0000:00:05.0: reg 0x20: [mem 0x80000c000-0x80000ffff 64bit pref]
Oct 06 20:35:26 localhost kernel: pci 0000:00:05.0: reg 0x30: [mem 0xfffc0000-0xffffffff pref]
Oct 06 20:35:26 localhost kernel: pci 0000:00:06.0: [1b36:000d] type 00 class 0x0c0330
Oct 06 20:35:26 localhost kernel: pci 0000:00:06.0: reg 0x10: [mem 0x800010000-0x800013fff 64bit]
Oct 06 20:35:26 localhost kernel: ACPI: PCI: Interrupt link LNKA configured for IRQ 10
Oct 06 20:35:26 localhost kernel: ACPI: PCI: Interrupt link LNKB configured for IRQ 10
Oct 06 20:35:26 localhost kernel: ACPI: PCI: Interrupt link LNKC configured for IRQ 11
Oct 06 20:35:26 localhost kernel: ACPI: PCI: Interrupt link LNKD configured for IRQ 11
Oct 06 20:35:26 localhost kernel: ACPI: PCI: Interrupt link LNKS configured for IRQ 9
Oct 06 20:35:26 localhost kernel: iommu: Default domain type: Passthrough 
Oct 06 20:35:26 localhost kernel: SCSI subsystem initialized
Oct 06 20:35:26 localhost kernel: ACPI: bus type USB registered
Oct 06 20:35:26 localhost kernel: usbcore: registered new interface driver usbfs
Oct 06 20:35:26 localhost kernel: usbcore: registered new interface driver hub
Oct 06 20:35:26 localhost kernel: usbcore: registered new device driver usb
Oct 06 20:35:26 localhost kernel: pps_core: LinuxPPS API ver. 1 registered
Oct 06 20:35:26 localhost kernel: pps_core: Software ver. 5.3.6 - Copyright 2005-2007 Rodolfo Giometti <giometti@linux.it>
Oct 06 20:35:26 localhost kernel: PTP clock support registered
Oct 06 20:35:26 localhost kernel: EDAC MC: Ver: 3.0.0
Oct 06 20:35:26 localhost kernel: efivars: Registered efivars operations
Oct 06 20:35:26 localhost kernel: NetLabel: Initializing
Oct 06 20:35:26 localhost kernel: NetLabel:  domain hash size = 128
Oct 06 20:35:26 localhost kernel: NetLabel:  protocols = UNLABELED CIPSOv4 CALIPSO
Oct 06 20:35:26 localhost kernel: NetLabel:  unlabeled traffic allowed by default
Oct 06 20:35:26 localhost kernel: PCI: Using ACPI for IRQ routing
Oct 06 20:35:26 localhost kernel: PCI: pci_cache_line_size set to 64 bytes
Oct 06 20:35:26 localhost kernel: e820: reserve RAM buffer [mem 0x0080b000-0x008fffff]
Oct 06 20:35:26 localhost kernel: e820: reserve RAM buffer [mem 0x00810000-0x008fffff]
Oct 06 20:35:26 localhost kernel: e820: reserve RAM buffer [mem 0xbe0a4018-0xbfffffff]
Oct 06 20:35:26 localhost kernel: e820: reserve RAM buffer [mem 0xbe0cc018-0xbfffffff]
Oct 06 20:35:26 localhost kernel: e820: reserve RAM buffer [mem 0xbe166000-0xbfffffff]
Oct 06 20:35:26 localhost kernel: e820: reserve RAM buffer [mem 0xbeecb000-0xbfffffff]
Oct 06 20:35:26 localhost kernel: e820: reserve RAM buffer [mem 0xbf8ef000-0xbfffffff]
Oct 06 20:35:26 localhost kernel: e820: reserve RAM buffer [mem 0xbff40000-0xbfffffff]
Oct 06 20:35:26 localhost kernel: pci 0000:00:02.0: vgaarb: setting as boot VGA device
Oct 06 20:35:26 localhost kernel: pci 0000:00:02.0: vgaarb: bridge control possible
Oct 06 20:35:26 localhost kernel: pci 0000:00:02.0: vgaarb: VGA device added: decodes=io+mem,owns=io+mem,locks=none
Oct 06 20:35:26 localhost kernel: vgaarb: loaded
Oct 06 20:35:26 localhost kernel: hpet0: at MMIO 0xfed00000, IRQs 2, 8, 0
Oct 06 20:35:26 localhost kernel: hpet0: 3 comparators, 64-bit 100.000000 MHz counter
Oct 06 20:35:26 localhost kernel: clocksource: Switched to clocksource kvm-clock
Oct 06 20:35:26 localhost kernel: VFS: Disk quotas dquot_6.6.0
Oct 06 20:35:26 localhost kernel: VFS: Dquot-cache hash table entries: 512 (order 0, 4096 bytes)
Oct 06 20:35:26 localhost kernel: AppArmor: AppArmor Filesystem Enabled
Oct 06 20:35:26 localhost kernel: pnp: PnP ACPI init
Oct 06 20:35:26 localhost kernel: pnp 00:02: [dma 2]
Oct 06 20:35:26 localhost kernel: pnp: PnP ACPI: found 6 devices
Oct 06 20:35:26 localhost kernel: clocksource: acpi_pm: mask: 0xffffff max_cycles: 0xffffff, max_idle_ns: 2085701024 ns
Oct 06 20:35:26 localhost kernel: NET: Registered PF_INET protocol family
Oct 06 20:35:26 localhost kernel: IP idents hash table entries: 65536 (order: 7, 524288 bytes, linear)
Oct 06 20:35:26 localhost kernel: tcp_listen_portaddr_hash hash table entries: 2048 (order: 3, 32768 bytes, linear)
Oct 06 20:35:26 localhost kernel: Table-perturb hash table entries: 65536 (order: 6, 262144 bytes, linear)
Oct 06 20:35:26 localhost kernel: TCP established hash table entries: 32768 (order: 6, 262144 bytes, linear)
Oct 06 20:35:26 localhost kernel: TCP bind hash table entries: 32768 (order: 8, 1048576 bytes, linear)
Oct 06 20:35:26 localhost kernel: TCP: Hash tables configured (established 32768 bind 32768)
Oct 06 20:35:26 localhost kernel: UDP hash table entries: 2048 (order: 4, 65536 bytes, linear)
Oct 06 20:35:26 localhost kernel: UDP-Lite hash table entries: 2048 (order: 4, 65536 bytes, linear)
Oct 06 20:35:26 localhost kernel: NET: Registered PF_UNIX/PF_LOCAL protocol family
Oct 06 20:35:26 localhost kernel: NET: Registered PF_XDP protocol family
Oct 06 20:35:26 localhost kernel: pci 0000:00:05.0: can't claim BAR 6 [mem 0xfffc0000-0xffffffff pref]: no compatible bridge window
Oct 06 20:35:26 localhost kernel: pci 0000:00:05.0: BAR 6: assigned [mem 0xc0800000-0xc083ffff pref]
Oct 06 20:35:26 localhost kernel: pci_bus 0000:00: resource 4 [io  0x0000-0x0cf7 window]
Oct 06 20:35:26 localhost kernel: pci_bus 0000:00: resource 5 [io  0x0d00-0xffff window]
Oct 06 20:35:26 localhost kernel: pci_bus 0000:00: resource 6 [mem 0x000a0000-0x000bffff window]
Oct 06 20:35:26 localhost kernel: pci_bus 0000:00: resource 7 [mem 0xc0000000-0xfebfffff window]
Oct 06 20:35:26 localhost kernel: pci_bus 0000:00: resource 8 [mem 0x800000000-0x87fffffff window]
Oct 06 20:35:26 localhost kernel: pci 0000:00:01.0: PIIX3: Enabling Passive Release
Oct 06 20:35:26 localhost kernel: pci 0000:00:00.0: Limiting direct PCI/PCI transfers
Oct 06 20:35:26 localhost kernel: ACPI: \_SB_.LNKD: Enabled at IRQ 11
Oct 06 20:35:26 localhost kernel: pci 0000:00:01.2: quirk_usb_early_handoff+0x0/0x160 took 17473 usecs
Oct 06 20:35:26 localhost kernel: ACPI: \_SB_.LNKB: Enabled at IRQ 10
Oct 06 20:35:26 localhost kernel: pci 0000:00:06.0: quirk_usb_early_handoff+0x0/0x160 took 18876 usecs
Oct 06 20:35:26 localhost kernel: PCI: CLS 0 bytes, default 64
Oct 06 20:35:26 localhost kernel: PCI-DMA: Using software bounce buffering for IO (SWIOTLB)
Oct 06 20:35:26 localhost kernel: software IO TLB: mapped [mem 0x00000000a7000000-0x00000000ab000000] (64MB)
Oct 06 20:35:26 localhost kernel: clocksource: tsc: mask: 0xffffffffffffffff max_cycles: 0x314342a944b, max_idle_ns: 440795331192 ns
Oct 06 20:35:26 localhost kernel: Trying to unpack rootfs image as initramfs...
Oct 06 20:35:26 localhost kernel: Initialise system trusted keyrings
Oct 06 20:35:26 localhost kernel: Key type blacklist registered
Oct 06 20:35:26 localhost kernel: workingset: timestamp_bits=36 max_order=20 bucket_order=0
Oct 06 20:35:26 localhost kernel: zbud: loaded
Oct 06 20:35:26 localhost kernel: integrity: Platform Keyring initialized
Oct 06 20:35:26 localhost kernel: NET: Registered PF_ALG protocol family
Oct 06 20:35:26 localhost kernel: Key type asymmetric registered
Oct 06 20:35:26 localhost kernel: Asymmetric key parser 'x509' registered
Oct 06 20:35:26 localhost kernel: Asymmetric key parser 'pgp' registered
Oct 06 20:35:26 localhost kernel: Block layer SCSI generic (bsg) driver version 0.4 loaded (major 247)
Oct 06 20:35:26 localhost kernel: io scheduler mq-deadline registered
Oct 06 20:35:26 localhost kernel: io scheduler kyber registered
Oct 06 20:35:26 localhost kernel: io scheduler bfq registered
Oct 06 20:35:26 localhost kernel: shpchp: Standard Hot Plug PCI Controller Driver version: 0.4
Oct 06 20:35:26 localhost kernel: input: Power Button as /devices/LNXSYSTM:00/LNXPWRBN:00/input/input0
Oct 06 20:35:26 localhost kernel: ACPI: button: Power Button [PWRF]
Oct 06 20:35:26 localhost kernel: ACPI: \_SB_.LNKC: Enabled at IRQ 11
Oct 06 20:35:26 localhost kernel: ACPI: \_SB_.LNKA: Enabled at IRQ 10
Oct 06 20:35:26 localhost kernel: Serial: 8250/16550 driver, 4 ports, IRQ sharing enabled
Oct 06 20:35:26 localhost kernel: 00:04: ttyS0 at I/O 0x3f8 (irq = 4, base_baud = 115200) is a 16550A
Oct 06 20:35:26 localhost kernel: Non-volatile memory driver v1.3
Oct 06 20:35:26 localhost kernel: rdac: device handler registered
Oct 06 20:35:26 localhost kernel: hp_sw: device handler registered
Oct 06 20:35:26 localhost kernel: emc: device handler registered
Oct 06 20:35:26 localhost kernel: alua: device handler registered
Oct 06 20:35:26 localhost kernel: uhci_hcd 0000:00:01.2: UHCI Host Controller
Oct 06 20:35:26 localhost kernel: uhci_hcd 0000:00:01.2: new USB bus registered, assigned bus number 1
Oct 06 20:35:26 localhost kernel: uhci_hcd 0000:00:01.2: detected 2 ports
Oct 06 20:35:26 localhost kernel: uhci_hcd 0000:00:01.2: irq 11, io port 0x0000c0c0
Oct 06 20:35:26 localhost kernel: usb usb1: New USB device found, idVendor=1d6b, idProduct=0001, bcdDevice= 6.04
Oct 06 20:35:26 localhost kernel: usb usb1: New USB device strings: Mfr=3, Product=2, SerialNumber=1
Oct 06 20:35:26 localhost kernel: usb usb1: Product: UHCI Host Controller
Oct 06 20:35:26 localhost kernel: usb usb1: Manufacturer: Linux 6.4.0-10.1.0.20.oe2309.x86_64 uhci_hcd
Oct 06 20:35:26 localhost kernel: usb usb1: SerialNumber: 0000:00:01.2
Oct 06 20:35:26 localhost kernel: hub 1-0:1.0: USB hub found
Oct 06 20:35:26 localhost kernel: hub 1-0:1.0: 2 ports detected
Oct 06 20:35:26 localhost kernel: xhci_hcd 0000:00:06.0: xHCI Host Controller
Oct 06 20:35:26 localhost kernel: xhci_hcd 0000:00:06.0: new USB bus registered, assigned bus number 2
Oct 06 20:35:26 localhost kernel: xhci_hcd 0000:00:06.0: hcc params 0x00087001 hci version 0x100 quirks 0x0000000000000010
Oct 06 20:35:26 localhost kernel: xhci_hcd 0000:00:06.0: xHCI Host Controller
Oct 06 20:35:26 localhost kernel: xhci_hcd 0000:00:06.0: new USB bus registered, assigned bus number 3
Oct 06 20:35:26 localhost kernel: xhci_hcd 0000:00:06.0: Host supports USB 3.0 SuperSpeed
Oct 06 20:35:26 localhost kernel: usb usb2: New USB device found, idVendor=1d6b, idProduct=0002, bcdDevice= 6.04
Oct 06 20:35:26 localhost kernel: usb usb2: New USB device strings: Mfr=3, Product=2, SerialNumber=1
Oct 06 20:35:26 localhost kernel: usb usb2: Product: xHCI Host Controller
Oct 06 20:35:26 localhost kernel: usb usb2: Manufacturer: Linux 6.4.0-10.1.0.20.oe2309.x86_64 xhci-hcd
Oct 06 20:35:26 localhost kernel: usb usb2: SerialNumber: 0000:00:06.0
Oct 06 20:35:26 localhost kernel: hub 2-0:1.0: USB hub found
Oct 06 20:35:26 localhost kernel: hub 2-0:1.0: 4 ports detected
Oct 06 20:35:26 localhost kernel: usb usb3: We don't know the algorithms for LPM for this host, disabling LPM.
Oct 06 20:35:26 localhost kernel: usb usb3: New USB device found, idVendor=1d6b, idProduct=0003, bcdDevice= 6.04
Oct 06 20:35:26 localhost kernel: usb usb3: New USB device strings: Mfr=3, Product=2, SerialNumber=1
Oct 06 20:35:26 localhost kernel: usb usb3: Product: xHCI Host Controller
Oct 06 20:35:26 localhost kernel: usb usb3: Manufacturer: Linux 6.4.0-10.1.0.20.oe2309.x86_64 xhci-hcd
Oct 06 20:35:26 localhost kernel: usb usb3: SerialNumber: 0000:00:06.0
Oct 06 20:35:26 localhost kernel: hub 3-0:1.0: USB hub found
Oct 06 20:35:26 localhost kernel: hub 3-0:1.0: 4 ports detected
Oct 06 20:35:26 localhost kernel: i8042: PNP: PS/2 Controller [PNP0303:KBD,PNP0f13:MOU] at 0x60,0x64 irq 1,12
Oct 06 20:35:26 localhost kernel: serio: i8042 KBD port at 0x60,0x64 irq 1
Oct 06 20:35:26 localhost kernel: serio: i8042 AUX port at 0x60,0x64 irq 12
Oct 06 20:35:26 localhost kernel: mousedev: PS/2 mouse device common for all mice
Oct 06 20:35:26 localhost kernel: rtc_cmos 00:05: RTC can wake from S4
Oct 06 20:35:26 localhost kernel: rtc_cmos 00:05: registered as rtc0
Oct 06 20:35:26 localhost kernel: rtc_cmos 00:05: setting system clock to 2023-10-06T20:35:26 UTC (1696624526)
Oct 06 20:35:26 localhost kernel: rtc_cmos 00:05: alarms up to one day, y3k, 242 bytes nvram
Oct 06 20:35:26 localhost kernel: input: AT Translated Set 2 keyboard as /devices/platform/i8042/serio0/input/input1
Oct 06 20:35:26 localhost kernel: intel_pstate: CPU model not supported
Oct 06 20:35:26 localhost kernel: ledtrig-cpu: registered to indicate activity on CPUs
Oct 06 20:35:26 localhost kernel: efifb: probing for efifb
Oct 06 20:35:26 localhost kernel: efifb: framebuffer at 0xc0000000, using 4000k, total 4000k
Oct 06 20:35:26 localhost kernel: efifb: mode is 1280x800x32, linelength=5120, pages=1
Oct 06 20:35:26 localhost kernel: efifb: scrolling: redraw
Oct 06 20:35:26 localhost kernel: efifb: Truecolor: size=8:8:8:8, shift=24:16:8:0
Oct 06 20:35:26 localhost kernel: Console: switching to colour frame buffer device 160x50
Oct 06 20:35:26 localhost kernel: input: VirtualPS/2 VMware VMMouse as /devices/platform/i8042/serio1/input/input4
Oct 06 20:35:26 localhost kernel: input: VirtualPS/2 VMware VMMouse as /devices/platform/i8042/serio1/input/input3
Oct 06 20:35:26 localhost kernel: fb0: EFI VGA frame buffer device
Oct 06 20:35:26 localhost kernel: hid: raw HID events driver (C) Jiri Kosina
Oct 06 20:35:26 localhost kernel: usbcore: registered new interface driver usbhid
Oct 06 20:35:26 localhost kernel: usbhid: USB HID core driver
Oct 06 20:35:26 localhost kernel: drop_monitor: Initializing network drop monitor service
Oct 06 20:35:26 localhost kernel: Initializing XFRM netlink socket
Oct 06 20:35:26 localhost kernel: NET: Registered PF_INET6 protocol family
Oct 06 20:35:26 localhost kernel: Segment Routing with IPv6
Oct 06 20:35:26 localhost kernel: In-situ OAM (IOAM) with IPv6
Oct 06 20:35:26 localhost kernel: NET: Registered PF_PACKET protocol family
Oct 06 20:35:26 localhost kernel: mpls_gso: MPLS GSO support
Oct 06 20:35:26 localhost kernel: IPI shorthand broadcast: enabled
Oct 06 20:35:26 localhost kernel: AVX2 version of gcm_enc/dec engaged.
Oct 06 20:35:26 localhost kernel: AES CTR mode by8 optimization enabled
Oct 06 20:35:26 localhost kernel: sched_clock: Marking stable (297233215, 2051737)->(349354270, -50069318)
Oct 06 20:35:26 localhost kernel: registered taskstats version 1
Oct 06 20:35:26 localhost kernel: Loading compiled-in X.509 certificates
Oct 06 20:35:26 localhost kernel: Loaded X.509 cert 'Build time autogenerated kernel key: c2c175c17be3383e7534cb43ad09ef6fd1c851c5'
Oct 06 20:35:26 localhost kernel: Load PGP public keys
Oct 06 20:35:26 localhost kernel: Loaded PGP key 'openeuler <openeuler@compass-ci.com> fb37bc6f'
Oct 06 20:35:26 localhost kernel: Freeing initrd memory: 37332K
Oct 06 20:35:26 localhost kernel: Key type encrypted registered
Oct 06 20:35:26 localhost kernel: AppArmor: AppArmor sha1 policy hashing enabled
Oct 06 20:35:26 localhost kernel: ima: No TPM chip found, activating TPM-bypass!
Oct 06 20:35:26 localhost kernel: ima: Allocated hash algorithm: sha256
Oct 06 20:35:26 localhost kernel: ima: No architecture policies found
Oct 06 20:35:26 localhost kernel: evm: Initialising EVM extended attributes:
Oct 06 20:35:26 localhost kernel: evm: security.selinux
Oct 06 20:35:26 localhost kernel: evm: security.SMACK64 (disabled)
Oct 06 20:35:26 localhost kernel: evm: security.SMACK64EXEC (disabled)
Oct 06 20:35:26 localhost kernel: evm: security.SMACK64TRANSMUTE (disabled)
Oct 06 20:35:26 localhost kernel: evm: security.SMACK64MMAP (disabled)
Oct 06 20:35:26 localhost kernel: evm: security.apparmor
Oct 06 20:35:26 localhost kernel: evm: security.ima
Oct 06 20:35:26 localhost kernel: evm: security.capability
Oct 06 20:35:26 localhost kernel: evm: HMAC attrs: 0x1
Oct 06 20:35:26 localhost kernel: clk: Disabling unused clocks
Oct 06 20:35:26 localhost kernel: integrity: Unable to open file: /etc/keys/x509_ima.der (-2)
Oct 06 20:35:26 localhost kernel: integrity: Unable to open file: /etc/keys/x509_evm.der (-2)
Oct 06 20:35:26 localhost kernel: Freeing unused decrypted memory: 2036K
Oct 06 20:35:26 localhost kernel: Freeing unused kernel image (initmem) memory: 4032K
Oct 06 20:35:26 localhost kernel: Write protecting the kernel read-only data: 28672k
Oct 06 20:35:26 localhost kernel: Freeing unused kernel image (rodata/data gap) memory: 1420K
Oct 06 20:35:26 localhost kernel: Run /init as init process
Oct 06 20:35:26 localhost kernel:   with arguments:
Oct 06 20:35:26 localhost kernel:     /init
Oct 06 20:35:26 localhost kernel:   with environment:
Oct 06 20:35:26 localhost kernel:     HOME=/
Oct 06 20:35:26 localhost kernel:     TERM=linux
Oct 06 20:35:26 localhost kernel:     BOOT_IMAGE=/vmlinuz-6.4.0-10.1.0.20.oe2309.x86_64
Oct 06 20:35:26 localhost kernel:     softlockup_panic=1
Oct 06 20:35:26 localhost systemd[1]: systemd v253-5.oe2309 running in system mode (+PAM +AUDIT +SELINUX -APPARMOR +IMA -SMACK +SECCOMP +GCRYPT +GNUTLS -OPENSSL +ACL +BLKID -CURL -ELFUTILS -FIDO2 +IDN2 -IDN -IPTC +KMOD -LIBCRYPTSETUP +LIBFDISK +PCRE2 -PWQUALITY +P11KIT -QRENCODE -TPM2 +BZIP2 +LZ4 +XZ +ZLIB -ZSTD -BPF_FRAMEWORK +XKBCOMMON +UTMP +SYSVINIT default-hierarchy=legacy)
Oct 06 20:35:26 localhost systemd[1]: Detected virtualization kvm.
Oct 06 20:35:26 localhost systemd[1]: Detected architecture x86-64.
Oct 06 20:35:26 localhost systemd[1]: Running in initrd.
Oct 06 20:35:26 localhost systemd[1]: No hostname configured, using default hostname.
Oct 06 20:35:26 localhost systemd[1]: Hostname set to <localhost>.
Oct 06 20:35:26 localhost systemd[1]: Initializing machine ID from random generator.
Oct 06 20:35:26 localhost kernel: usb 2-1: new high-speed USB device number 2 using xhci_hcd
Oct 06 20:35:26 localhost systemd[1]: Queued start job for default target Initrd Default Target.
Oct 06 20:35:26 localhost systemd[1]: Started Dispatch Password Requests to Console Directory Watch.
Oct 06 20:35:26 localhost systemd[1]: Reached target Initrd /usr File System.
Oct 06 20:35:26 localhost systemd[1]: Reached target Local File Systems.
Oct 06 20:35:26 localhost systemd[1]: Reached target Path Units.
Oct 06 20:35:26 localhost systemd[1]: Reached target Slice Units.
Oct 06 20:35:26 localhost systemd[1]: Reached target Swaps.
Oct 06 20:35:26 localhost systemd[1]: Reached target Timer Units.
Oct 06 20:35:26 localhost systemd[1]: Listening on Journal Socket (/dev/log).
Oct 06 20:35:26 localhost systemd[1]: Listening on Journal Socket.
Oct 06 20:35:26 localhost systemd[1]: Listening on udev Control Socket.
Oct 06 20:35:26 localhost systemd[1]: Listening on udev Kernel Socket.
Oct 06 20:35:26 localhost systemd[1]: Reached target Socket Units.
Oct 06 20:35:26 localhost systemd[1]: Starting Create List of Static Device Nodes...
Oct 06 20:35:26 localhost systemd[1]: systemd-journald.service: unit configures an IP firewall, but the local system does not support BPF/cgroup firewalling.
Oct 06 20:35:26 localhost systemd[1]: (This warning is only shown for the first unit using IP firewalling.)
Oct 06 20:35:26 localhost systemd[1]: Starting Journal Service...
Oct 06 20:35:26 localhost systemd[1]: Load Kernel Modules was skipped because no trigger condition checks were met.
Oct 06 20:35:26 localhost systemd[1]: Starting Apply Kernel Variables...
Oct 06 20:35:26 localhost systemd[1]: Starting Setup Virtual Console...
Oct 06 20:35:26 localhost systemd[1]: Finished Create List of Static Device Nodes.
Oct 06 20:35:26 localhost systemd[1]: Starting Create Static Device Nodes in /dev...
Oct 06 20:35:26 localhost systemd[1]: Finished Apply Kernel Variables.
Oct 06 20:35:26 localhost systemd[1]: Finished Create Static Device Nodes in /dev.
Oct 06 20:35:26 localhost systemd-journald[229]: Collecting audit messages is disabled.
Oct 06 20:35:26 localhost systemd[1]: Finished Setup Virtual Console.
Oct 06 20:35:26 localhost systemd[1]: dracut ask for additional cmdline parameters was skipped because no trigger condition checks were met.
Oct 06 20:35:26 localhost systemd[1]: Starting dracut cmdline hook...
Oct 06 20:35:26 localhost systemd-journald[229]: Journal started
░░ Subject: The journal has been started
░░ Defined-By: systemd
░░ Support: https://lists.freedesktop.org/mailman/listinfo/systemd-devel
░░ 
░░ The system journal process has started up, opened the journal
░░ files for writing and is now ready to process requests.
Oct 06 20:35:26 localhost systemd-journald[229]: Runtime Journal (/run/log/journal/a977eb0d055e43dcb3c67afa01c642b5) is 8.0M, max 72.8M, 64.8M free.
░░ Subject: Disk space used by the journal
░░ Defined-By: systemd
░░ Support: https://lists.freedesktop.org/mailman/listinfo/systemd-devel
░░ 
░░ Runtime Journal (/run/log/journal/a977eb0d055e43dcb3c67afa01c642b5) is currently using 8.0M.
░░ Maximum allowed usage is set to 72.8M.
░░ Leaving at least 36.4M free (of currently available 720.8M of disk space).
░░ Enforced usage limit is thus 72.8M, of which 64.8M are still available.
░░ 
░░ The limits controlling how much disk space is used by the journal may
░░ be configured with SystemMaxUse=, SystemKeepFree=, SystemMaxFileSize=,
░░ RuntimeMaxUse=, RuntimeKeepFree=, RuntimeMaxFileSize= settings in
░░ /etc/systemd/journald.conf. See journald.conf(5) for details.
Oct 06 20:35:26 localhost systemd-vconsole-setup[234]: Failed to import credentials, ignoring: No such file or directory
Oct 06 20:35:26 localhost systemd[1]: Starting Create Volatile Files and Directories...
░░ Subject: A start job for unit systemd-tmpfiles-setup.service has begun execution
░░ Defined-By: systemd
░░ Support: https://lists.freedesktop.org/mailman/listinfo/systemd-devel
░░ 
░░ A start job for unit systemd-tmpfiles-setup.service has begun execution.
░░ 
░░ The job identifier is 25.
Oct 06 20:35:26 localhost systemd[1]: Started Journal Service.
Oct 06 20:35:26 localhost dracut-cmdline[243]: dracut-23.09 dracut-059-3.oe2309
Oct 06 20:35:26 localhost dracut-cmdline[243]: Using kernel command line parameters:    BOOT_IMAGE=/vmlinuz-6.4.0-10.1.0.20.oe2309.x86_64 root=UUID=7f720054-e39b-448f-a65c-17d6290c4079 ro console=tty1 console=ttyS0 rootfstype=ext4 quiet oops=panic softlockup_panic=1 nmi_watchdog=1 rd.shell=0 selinux=0 crashkernel=256M panic=3
Oct 06 20:35:26 localhost systemd[1]: Finished Create Volatile Files and Directories.
░░ Subject: A start job for unit systemd-tmpfiles-setup.service has finished successfully
░░ Defined-By: systemd
░░ Support: https://lists.freedesktop.org/mailman/listinfo/systemd-devel
░░ 
░░ A start job for unit systemd-tmpfiles-setup.service has finished successfully.
░░ 
░░ The job identifier is 25.
Oct 06 20:35:26 localhost systemd[1]: Finished dracut cmdline hook.
░░ Subject: A start job for unit dracut-cmdline.service has finished successfully
░░ Defined-By: systemd
░░ Support: https://lists.freedesktop.org/mailman/listinfo/systemd-devel
░░ 
░░ A start job for unit dracut-cmdline.service has finished successfully.
░░ 
░░ The job identifier is 37.
Oct 06 20:35:26 localhost systemd[1]: dracut pre-udev hook was skipped because no trigger condition checks were met.
░░ Subject: A start job for unit dracut-pre-udev.service has finished successfully
░░ Defined-By: systemd
░░ Support: https://lists.freedesktop.org/mailman/listinfo/systemd-devel
░░ 
░░ A start job for unit dracut-pre-udev.service has finished successfully.
░░ 
░░ The job identifier is 36.
Oct 06 20:35:26 localhost systemd[1]: Starting Rule-based Manager for Device Events and Files...
░░ Subject: A start job for unit systemd-udevd.service has begun execution
░░ Defined-By: systemd
░░ Support: https://lists.freedesktop.org/mailman/listinfo/systemd-devel
░░ 
░░ A start job for unit systemd-udevd.service has begun execution.
░░ 
░░ The job identifier is 4.
Oct 06 20:35:26 localhost systemd-udevd[296]: Using default interface naming scheme 'v253'.
Oct 06 20:35:26 localhost systemd-udevd[296]: /usr/lib/udev/rules.d/50-udev-default.rules:46 Unknown group 'sgx', ignoring
Oct 06 20:35:26 localhost systemd-udevd[296]: /usr/lib/udev/rules.d/50-udev-default.rules:47 Unknown group 'sgx', ignoring
Oct 06 20:35:26 localhost systemd[1]: Started Rule-based Manager for Device Events and Files.
░░ Subject: A start job for unit systemd-udevd.service has finished successfully
░░ Defined-By: systemd
░░ Support: https://lists.freedesktop.org/mailman/listinfo/systemd-devel
░░ 
░░ A start job for unit systemd-udevd.service has finished successfully.
░░ 
░░ The job identifier is 4.
Oct 06 20:35:26 localhost systemd[1]: dracut pre-trigger hook was skipped because no trigger condition checks were met.
░░ Subject: A start job for unit dracut-pre-trigger.service has finished successfully
░░ Defined-By: systemd
░░ Support: https://lists.freedesktop.org/mailman/listinfo/systemd-devel
░░ 
░░ A start job for unit dracut-pre-trigger.service has finished successfully.
░░ 
░░ The job identifier is 35.
Oct 06 20:35:26 localhost systemd[1]: Starting Coldplug All udev Devices...
░░ Subject: A start job for unit systemd-udev-trigger.service has begun execution
░░ Defined-By: systemd
░░ Support: https://lists.freedesktop.org/mailman/listinfo/systemd-devel
░░ 
░░ A start job for unit systemd-udev-trigger.service has begun execution.
░░ 
░░ The job identifier is 22.
Oct 06 20:35:26 localhost systemd[1]: Created slice Slice /system/modprobe.
░░ Subject: A start job for unit system-modprobe.slice has finished successfully
░░ Defined-By: systemd
░░ Support: https://lists.freedesktop.org/mailman/listinfo/systemd-devel
░░ 
░░ A start job for unit system-modprobe.slice has finished successfully.
░░ 
░░ The job identifier is 52.
Oct 06 20:35:26 localhost kernel: usb 2-1: New USB device found, idVendor=0627, idProduct=0001, bcdDevice= 0.00
Oct 06 20:35:26 localhost kernel: usb 2-1: New USB device strings: Mfr=1, Product=4, SerialNumber=11
Oct 06 20:35:26 localhost kernel: usb 2-1: Product: QEMU USB Keyboard
Oct 06 20:35:26 localhost kernel: usb 2-1: Manufacturer: QEMU
Oct 06 20:35:26 localhost kernel: usb 2-1: SerialNumber: 68284-0000:00:06.0-1
Oct 06 20:35:26 localhost kernel: input: QEMU QEMU USB Keyboard as /devices/pci0000:00/0000:00:06.0/usb2/2-1/2-1:1.0/0003:0627:0001.0001/input/input5
Oct 06 20:35:26 localhost systemd[1]: Starting Load Kernel Module configfs...
░░ Subject: A start job for unit modprobe@configfs.service has begun execution
░░ Defined-By: systemd
░░ Support: https://lists.freedesktop.org/mailman/listinfo/systemd-devel
░░ 
░░ A start job for unit modprobe@configfs.service has begun execution.
░░ 
░░ The job identifier is 51.
Oct 06 20:35:26 localhost systemd[1]: Finished Coldplug All udev Devices.
░░ Subject: A start job for unit systemd-udev-trigger.service has finished successfully
░░ Defined-By: systemd
░░ Support: https://lists.freedesktop.org/mailman/listinfo/systemd-devel
░░ 
░░ A start job for unit systemd-udev-trigger.service has finished successfully.
░░ 
░░ The job identifier is 22.
Oct 06 20:35:26 localhost systemd[1]: modprobe@configfs.service: Deactivated successfully.
░░ Subject: Unit succeeded
░░ Defined-By: systemd
░░ Support: https://lists.freedesktop.org/mailman/listinfo/systemd-devel
░░ 
░░ The unit modprobe@configfs.service has successfully entered the 'dead' state.
Oct 06 20:35:26 localhost systemd[1]: Finished Load Kernel Module configfs.
░░ Subject: A start job for unit modprobe@configfs.service has finished successfully
░░ Defined-By: systemd
░░ Support: https://lists.freedesktop.org/mailman/listinfo/systemd-devel
░░ 
░░ A start job for unit modprobe@configfs.service has finished successfully.
░░ 
░░ The job identifier is 51.
Oct 06 20:35:26 localhost systemd[1]: dracut initqueue hook was skipped because no trigger condition checks were met.
░░ Subject: A start job for unit dracut-initqueue.service has finished successfully
░░ Defined-By: systemd
░░ Support: https://lists.freedesktop.org/mailman/listinfo/systemd-devel
░░ 
░░ A start job for unit dracut-initqueue.service has finished successfully.
░░ 
░░ The job identifier is 30.
Oct 06 20:35:26 localhost systemd[1]: Reached target Preparation for Remote File Systems.
░░ Subject: A start job for unit remote-fs-pre.target has finished successfully
░░ Defined-By: systemd
░░ Support: https://lists.freedesktop.org/mailman/listinfo/systemd-devel
░░ 
░░ A start job for unit remote-fs-pre.target has finished successfully.
░░ 
░░ The job identifier is 31.
Oct 06 20:35:26 localhost systemd[1]: Reached target Remote File Systems.
░░ Subject: A start job for unit remote-fs.target has finished successfully
░░ Defined-By: systemd
░░ Support: https://lists.freedesktop.org/mailman/listinfo/systemd-devel
░░ 
░░ A start job for unit remote-fs.target has finished successfully.
░░ 
░░ The job identifier is 39.
Oct 06 20:35:26 localhost systemd[1]: Starting dracut pre-mount hook...
░░ Subject: A start job for unit dracut-pre-mount.service has begun execution
░░ Defined-By: systemd
░░ Support: https://lists.freedesktop.org/mailman/listinfo/systemd-devel
░░ 
░░ A start job for unit dracut-pre-mount.service has begun execution.
░░ 
░░ The job identifier is 40.
Oct 06 20:35:26 localhost systemd[1]: Finished dracut pre-mount hook.
░░ Subject: A start job for unit dracut-pre-mount.service has finished successfully
░░ Defined-By: systemd
░░ Support: https://lists.freedesktop.org/mailman/listinfo/systemd-devel
░░ 
░░ A start job for unit dracut-pre-mount.service has finished successfully.
░░ 
░░ The job identifier is 40.
Oct 06 20:35:26 localhost kernel: Floppy drive(s): fd0 is 2.88M AMI BIOS
Oct 06 20:35:26 localhost kernel: virtio_blk virtio2: 4/0/0 default/read/poll queues
Oct 06 20:35:26 localhost kernel: virtio_blk virtio2: [vda] 83886080 512-byte logical blocks (42.9 GB/40.0 GiB)
Oct 06 20:35:26 localhost kernel: FDC 0 is a S82078B
Oct 06 20:35:26 localhost kernel:  vda: vda1 vda2
Oct 06 20:35:26 localhost kernel: libata version 3.00 loaded.
Oct 06 20:35:26 localhost kernel: ata_piix 0000:00:01.1: version 2.13
Oct 06 20:35:26 localhost kernel: scsi host0: ata_piix
Oct 06 20:35:26 localhost kernel: scsi host1: ata_piix
Oct 06 20:35:26 localhost kernel: ata1: PATA max MWDMA2 cmd 0x1f0 ctl 0x3f6 bmdma 0xc0e0 irq 14
Oct 06 20:35:26 localhost kernel: ata2: PATA max MWDMA2 cmd 0x170 ctl 0x376 bmdma 0xc0e8 irq 15
Oct 06 20:35:26 localhost kernel: hid-generic 0003:0627:0001.0001: input,hidraw0: USB HID v1.11 Keyboard [QEMU QEMU USB Keyboard] on usb-0000:00:06.0-1/input0
Oct 06 20:35:26 localhost systemd[1]: Found device /dev/disk/by-uuid/7f720054-e39b-448f-a65c-17d6290c4079.
░░ Subject: A start job for unit dev-disk-by\x2duuid-7f720054\x2de39b\x2d448f\x2da65c\x2d17d6290c4079.device has finished successfully
░░ Defined-By: systemd
░░ Support: https://lists.freedesktop.org/mailman/listinfo/systemd-devel
░░ 
░░ A start job for unit dev-disk-by\x2duuid-7f720054\x2de39b\x2d448f\x2da65c\x2d17d6290c4079.device has finished successfully.
░░ 
░░ The job identifier is 34.
Oct 06 20:35:26 localhost systemd[1]: Reached target Initrd Root Device.
░░ Subject: A start job for unit initrd-root-device.target has finished successfully
░░ Defined-By: systemd
░░ Support: https://lists.freedesktop.org/mailman/listinfo/systemd-devel
░░ 
░░ A start job for unit initrd-root-device.target has finished successfully.
░░ 
░░ The job identifier is 33.
Oct 06 20:35:26 localhost kernel: ACPI: bus type drm_connector registered
Oct 06 20:35:26 localhost systemd[1]: Starting File System Check on /dev/disk/by-uuid/7f720054-e39b-448f-a65c-17d6290c4079...
░░ Subject: A start job for unit systemd-fsck-root.service has begun execution
░░ Defined-By: systemd
░░ Support: https://lists.freedesktop.org/mailman/listinfo/systemd-devel
░░ 
░░ A start job for unit systemd-fsck-root.service has begun execution.
░░ 
░░ The job identifier is 43.
Oct 06 20:35:26 localhost systemd-fsck[360]: rootfs: clean, 54883/2490368 files, 1291712/9961471 blocks
Oct 06 20:35:26 localhost systemd[1]: Finished File System Check on /dev/disk/by-uuid/7f720054-e39b-448f-a65c-17d6290c4079.
░░ Subject: A start job for unit systemd-fsck-root.service has finished successfully
░░ Defined-By: systemd
░░ Support: https://lists.freedesktop.org/mailman/listinfo/systemd-devel
░░ 
░░ A start job for unit systemd-fsck-root.service has finished successfully.
░░ 
░░ The job identifier is 43.
Oct 06 20:35:27 localhost kernel: usb 2-2: new high-speed USB device number 3 using xhci_hcd
Oct 06 20:35:27 localhost kernel: ata2: found unknown device (class 0)
Oct 06 20:35:27 localhost kernel: ata2.00: ATAPI: QEMU DVD-ROM, 2.5+, max UDMA/100
Oct 06 20:35:27 localhost kernel: scsi 1:0:0:0: CD-ROM            QEMU     QEMU DVD-ROM     2.5+ PQ: 0 ANSI: 5
Oct 06 20:35:27 localhost kernel: [drm] pci: virtio-vga detected at 0000:00:02.0
Oct 06 20:35:27 localhost kernel: Console: switching to colour dummy device 80x25
Oct 06 20:35:27 localhost kernel: virtio-pci 0000:00:02.0: vgaarb: deactivate vga console
Oct 06 20:35:27 localhost kernel: [drm] features: -virgl +edid -resource_blob -host_visible
Oct 06 20:35:27 localhost kernel: [drm] features: -context_init
Oct 06 20:35:27 localhost kernel: [drm] number of scanouts: 1
Oct 06 20:35:27 localhost kernel: [drm] number of cap sets: 0
Oct 06 20:35:27 localhost kernel: [drm] Initialized virtio_gpu 0.1.0 0 for 0000:00:02.0 on minor 0
Oct 06 20:35:27 localhost kernel: sr 1:0:0:0: [sr0] scsi3-mmc drive: 4x/4x cd/rw xa/form2 tray
Oct 06 20:35:27 localhost kernel: cdrom: Uniform CD-ROM driver Revision: 3.20
Oct 06 20:35:27 localhost kernel: fbcon: virtio_gpudrmfb (fb0) is primary device
Oct 06 20:35:27 localhost kernel: Console: switching to colour frame buffer device 160x50
Oct 06 20:35:27 localhost kernel: virtio-pci 0000:00:02.0: [drm] fb0: virtio_gpudrmfb frame buffer device
Oct 06 20:35:27 localhost kernel: sr 1:0:0:0: Attached scsi CD-ROM sr0
Oct 06 20:35:27 localhost kernel: usb 2-2: New USB device found, idVendor=0627, idProduct=0001, bcdDevice= 0.00
Oct 06 20:35:27 localhost kernel: usb 2-2: New USB device strings: Mfr=1, Product=3, SerialNumber=10
Oct 06 20:35:27 localhost kernel: usb 2-2: Product: QEMU USB Tablet
Oct 06 20:35:27 localhost kernel: usb 2-2: Manufacturer: QEMU
Oct 06 20:35:27 localhost kernel: usb 2-2: SerialNumber: 28754-0000:00:06.0-2
Oct 06 20:35:27 localhost kernel: input: QEMU QEMU USB Tablet as /devices/pci0000:00/0000:00:06.0/usb2/2-2/2-2:1.0/0003:0627:0001.0002/input/input6
Oct 06 20:35:27 localhost kernel: hid-generic 0003:0627:0001.0002: input,hidraw1: USB HID v0.01 Mouse [QEMU QEMU USB Tablet] on usb-0000:00:06.0-2/input0
Oct 06 20:35:27 localhost systemd[1]: Mounting Kernel Configuration File System...
░░ Subject: A start job for unit sys-kernel-config.mount has begun execution
░░ Defined-By: systemd
░░ Support: https://lists.freedesktop.org/mailman/listinfo/systemd-devel
░░ 
░░ A start job for unit sys-kernel-config.mount has begun execution.
░░ 
░░ The job identifier is 50.
Oct 06 20:35:27 localhost systemd[1]: Mounting /sysroot...
░░ Subject: A start job for unit sysroot.mount has begun execution
░░ Defined-By: systemd
░░ Support: https://lists.freedesktop.org/mailman/listinfo/systemd-devel
░░ 
░░ A start job for unit sysroot.mount has begun execution.
░░ 
░░ The job identifier is 42.
Oct 06 20:35:27 localhost systemd[1]: Mounted Kernel Configuration File System.
░░ Subject: A start job for unit sys-kernel-config.mount has finished successfully
░░ Defined-By: systemd
░░ Support: https://lists.freedesktop.org/mailman/listinfo/systemd-devel
░░ 
░░ A start job for unit sys-kernel-config.mount has finished successfully.
░░ 
░░ The job identifier is 50.
Oct 06 20:35:27 localhost systemd[1]: Reached target System Initialization.
░░ Subject: A start job for unit sysinit.target has finished successfully
░░ Defined-By: systemd
░░ Support: https://lists.freedesktop.org/mailman/listinfo/systemd-devel
░░ 
░░ A start job for unit sysinit.target has finished successfully.
░░ 
░░ The job identifier is 3.
Oct 06 20:35:27 localhost systemd[1]: Reached target Basic System.
░░ Subject: A start job for unit basic.target has finished successfully
░░ Defined-By: systemd
░░ Support: https://lists.freedesktop.org/mailman/listinfo/systemd-devel
░░ 
░░ A start job for unit basic.target has finished successfully.
░░ 
░░ The job identifier is 2.
Oct 06 20:35:27 localhost systemd[1]: System is tainted: cgroupsv1
░░ Subject: The system is configured in a way that might cause problems
░░ Defined-By: systemd
░░ Support: https://lists.freedesktop.org/mailman/listinfo/systemd-devel
░░ 
░░ The following "tags" are possible:
░░ - "split-usr" — /usr is a separate file system and was not mounted when systemd
░░   was booted
░░ - "cgroups-missing" — the kernel was compiled without cgroup support or access
░░   to expected interface files is restricted
░░ - "var-run-bad" — /var/run is not a symlink to /run
░░ - "overflowuid-not-65534" — the kernel user ID used for "unknown" users (with
░░   NFS or user namespaces) is not 65534
░░ - "overflowgid-not-65534" — the kernel group ID used for "unknown" users (with
░░   NFS or user namespaces) is not 65534
░░ Current system is tagged as cgroupsv1.
Oct 06 20:35:27 localhost kernel: EXT4-fs (vda2): mounted filesystem 7f720054-e39b-448f-a65c-17d6290c4079 ro with ordered data mode. Quota mode: none.
Oct 06 20:35:27 localhost systemd[1]: Mounted /sysroot.
░░ Subject: A start job for unit sysroot.mount has finished successfully
░░ Defined-By: systemd
░░ Support: https://lists.freedesktop.org/mailman/listinfo/systemd-devel
░░ 
░░ A start job for unit sysroot.mount has finished successfully.
░░ 
░░ The job identifier is 42.
Oct 06 20:35:27 localhost systemd[1]: Reached target Initrd Root File System.
░░ Subject: A start job for unit initrd-root-fs.target has finished successfully
░░ Defined-By: systemd
░░ Support: https://lists.freedesktop.org/mailman/listinfo/systemd-devel
░░ 
░░ A start job for unit initrd-root-fs.target has finished successfully.
░░ 
░░ The job identifier is 48.
Oct 06 20:35:27 localhost systemd[1]: Starting Mountpoints Configured in the Real Root...
░░ Subject: A start job for unit initrd-parse-etc.service has begun execution
░░ Defined-By: systemd
░░ Support: https://lists.freedesktop.org/mailman/listinfo/systemd-devel
░░ 
░░ A start job for unit initrd-parse-etc.service has begun execution.
░░ 
░░ The job identifier is 49.
Oct 06 20:35:27 localhost systemctl[382]: [systemctl --no-block start initrd-cleanup.service] called by PID 1 (/init)
Oct 06 20:35:27 localhost systemd[1]: initrd-parse-etc.service: Deactivated successfully.
░░ Subject: Unit succeeded
░░ Defined-By: systemd
░░ Support: https://lists.freedesktop.org/mailman/listinfo/systemd-devel
░░ 
░░ The unit initrd-parse-etc.service has successfully entered the 'dead' state.
Oct 06 20:35:27 localhost systemd[1]: Finished Mountpoints Configured in the Real Root.
░░ Subject: A start job for unit initrd-parse-etc.service has finished successfully
░░ Defined-By: systemd
░░ Support: https://lists.freedesktop.org/mailman/listinfo/systemd-devel
░░ 
░░ A start job for unit initrd-parse-etc.service has finished successfully.
░░ 
░░ The job identifier is 49.
Oct 06 20:35:27 localhost systemd[1]: Reached target Initrd File Systems.
░░ Subject: A start job for unit initrd-fs.target has finished successfully
░░ Defined-By: systemd
░░ Support: https://lists.freedesktop.org/mailman/listinfo/systemd-devel
░░ 
░░ A start job for unit initrd-fs.target has finished successfully.
░░ 
░░ The job identifier is 32.
Oct 06 20:35:27 localhost systemd[1]: Reached target Initrd Default Target.
░░ Subject: A start job for unit initrd.target has finished successfully
░░ Defined-By: systemd
░░ Support: https://lists.freedesktop.org/mailman/listinfo/systemd-devel
░░ 
░░ A start job for unit initrd.target has finished successfully.
░░ 
░░ The job identifier is 1.
Oct 06 20:35:27 localhost systemd[1]: dracut mount hook was skipped because no trigger condition checks were met.
░░ Subject: A start job for unit dracut-mount.service has finished successfully
░░ Defined-By: systemd
░░ Support: https://lists.freedesktop.org/mailman/listinfo/systemd-devel
░░ 
░░ A start job for unit dracut-mount.service has finished successfully.
░░ 
░░ The job identifier is 47.
Oct 06 20:35:27 localhost systemd[1]: dracut pre-pivot and cleanup hook was skipped because no trigger condition checks were met.
░░ Subject: A start job for unit dracut-pre-pivot.service has finished successfully
░░ Defined-By: systemd
░░ Support: https://lists.freedesktop.org/mailman/listinfo/systemd-devel
░░ 
░░ A start job for unit dracut-pre-pivot.service has finished successfully.
░░ 
░░ The job identifier is 38.
Oct 06 20:35:27 localhost systemd[1]: Starting Cleaning Up and Shutting Down Daemons...
░░ Subject: A start job for unit initrd-cleanup.service has begun execution
░░ Defined-By: systemd
░░ Support: https://lists.freedesktop.org/mailman/listinfo/systemd-devel
░░ 
░░ A start job for unit initrd-cleanup.service has begun execution.
░░ 
░░ The job identifier is 64.
Oct 06 20:35:27 localhost systemctl[384]: [systemctl --no-block isolate initrd-switch-root.target] called by PID 1 (/init)
Oct 06 20:35:27 localhost systemd[1]: Stopped target Initrd Default Target.
░░ Subject: A stop job for unit initrd.target has finished
░░ Defined-By: systemd
░░ Support: https://lists.freedesktop.org/mailman/listinfo/systemd-devel
░░ 
░░ A stop job for unit initrd.target has finished.
░░ 
░░ The job identifier is 100 and the job result is done.
Oct 06 20:35:27 localhost systemd[1]: Stopped target Basic System.
░░ Subject: A stop job for unit basic.target has finished
░░ Defined-By: systemd
░░ Support: https://lists.freedesktop.org/mailman/listinfo/systemd-devel
░░ 
░░ A stop job for unit basic.target has finished.
░░ 
░░ The job identifier is 109 and the job result is done.
Oct 06 20:35:27 localhost systemd[1]: Stopped target Initrd Root Device.
░░ Subject: A stop job for unit initrd-root-device.target has finished
░░ Defined-By: systemd
░░ Support: https://lists.freedesktop.org/mailman/listinfo/systemd-devel
░░ 
░░ A stop job for unit initrd-root-device.target has finished.
░░ 
░░ The job identifier is 115 and the job result is done.
Oct 06 20:35:27 localhost systemd[1]: Stopped target Initrd /usr File System.
░░ Subject: A stop job for unit initrd-usr-fs.target has finished
░░ Defined-By: systemd
░░ Support: https://lists.freedesktop.org/mailman/listinfo/systemd-devel
░░ 
░░ A stop job for unit initrd-usr-fs.target has finished.
░░ 
░░ The job identifier is 102 and the job result is done.
Oct 06 20:35:27 localhost systemd[1]: Stopped target Path Units.
░░ Subject: A stop job for unit paths.target has finished
░░ Defined-By: systemd
░░ Support: https://lists.freedesktop.org/mailman/listinfo/systemd-devel
░░ 
░░ A stop job for unit paths.target has finished.
░░ 
░░ The job identifier is 104 and the job result is done.
Oct 06 20:35:27 localhost systemd[1]: systemd-ask-password-console.path: Deactivated successfully.
░░ Subject: Unit succeeded
░░ Defined-By: systemd
░░ Support: https://lists.freedesktop.org/mailman/listinfo/systemd-devel
░░ 
░░ The unit systemd-ask-password-console.path has successfully entered the 'dead' state.
Oct 06 20:35:27 localhost systemd[1]: Stopped Dispatch Password Requests to Console Directory Watch.
░░ Subject: A stop job for unit systemd-ask-password-console.path has finished
░░ Defined-By: systemd
░░ Support: https://lists.freedesktop.org/mailman/listinfo/systemd-devel
░░ 
░░ A stop job for unit systemd-ask-password-console.path has finished.
░░ 
░░ The job identifier is 114 and the job result is done.
Oct 06 20:35:27 localhost systemd[1]: Stopped target Remote File Systems.
░░ Subject: A stop job for unit remote-fs.target has finished
░░ Defined-By: systemd
░░ Support: https://lists.freedesktop.org/mailman/listinfo/systemd-devel
░░ 
░░ A stop job for unit remote-fs.target has finished.
░░ 
░░ The job identifier is 98 and the job result is done.
Oct 06 20:35:27 localhost systemd[1]: Stopped target Preparation for Remote File Systems.
░░ Subject: A stop job for unit remote-fs-pre.target has finished
░░ Defined-By: systemd
░░ Support: https://lists.freedesktop.org/mailman/listinfo/systemd-devel
░░ 
░░ A stop job for unit remote-fs-pre.target has finished.
░░ 
░░ The job identifier is 117 and the job result is done.
Oct 06 20:35:27 localhost systemd[1]: Stopped target Slice Units.
░░ Subject: A stop job for unit slices.target has finished
░░ Defined-By: systemd
░░ Support: https://lists.freedesktop.org/mailman/listinfo/systemd-devel
░░ 
░░ A stop job for unit slices.target has finished.
░░ 
░░ The job identifier is 108 and the job result is done.
Oct 06 20:35:27 localhost systemd[1]: Stopped target Socket Units.
░░ Subject: A stop job for unit sockets.target has finished
░░ Defined-By: systemd
░░ Support: https://lists.freedesktop.org/mailman/listinfo/systemd-devel
░░ 
░░ A stop job for unit sockets.target has finished.
░░ 
░░ The job identifier is 103 and the job result is done.
Oct 06 20:35:27 localhost systemd[1]: Stopped target System Initialization.
░░ Subject: A stop job for unit sysinit.target has finished
░░ Defined-By: systemd
░░ Support: https://lists.freedesktop.org/mailman/listinfo/systemd-devel
░░ 
░░ A stop job for unit sysinit.target has finished.
░░ 
░░ The job identifier is 112 and the job result is done.
Oct 06 20:35:27 localhost systemd[1]: Stopped target Swaps.
░░ Subject: A stop job for unit swap.target has finished
░░ Defined-By: systemd
░░ Support: https://lists.freedesktop.org/mailman/listinfo/systemd-devel
░░ 
░░ A stop job for unit swap.target has finished.
░░ 
░░ The job identifier is 101 and the job result is done.
Oct 06 20:35:27 localhost systemd[1]: Stopped target Timer Units.
░░ Subject: A stop job for unit timers.target has finished
░░ Defined-By: systemd
░░ Support: https://lists.freedesktop.org/mailman/listinfo/systemd-devel
░░ 
░░ A stop job for unit timers.target has finished.
░░ 
░░ The job identifier is 107 and the job result is done.
Oct 06 20:35:27 localhost systemd[1]: dracut-cmdline.service: Deactivated successfully.
░░ Subject: Unit succeeded
░░ Defined-By: systemd
░░ Support: https://lists.freedesktop.org/mailman/listinfo/systemd-devel
░░ 
░░ The unit dracut-cmdline.service has successfully entered the 'dead' state.
Oct 06 20:35:27 localhost systemd[1]: Stopped dracut cmdline hook.
░░ Subject: A stop job for unit dracut-cmdline.service has finished
░░ Defined-By: systemd
░░ Support: https://lists.freedesktop.org/mailman/listinfo/systemd-devel
░░ 
░░ A stop job for unit dracut-cmdline.service has finished.
░░ 
░░ The job identifier is 99 and the job result is done.
Oct 06 20:35:27 localhost systemd[1]: dracut-pre-mount.service: Deactivated successfully.
░░ Subject: Unit succeeded
░░ Defined-By: systemd
░░ Support: https://lists.freedesktop.org/mailman/listinfo/systemd-devel
░░ 
░░ The unit dracut-pre-mount.service has successfully entered the 'dead' state.
Oct 06 20:35:27 localhost systemd[1]: Stopped dracut pre-mount hook.
░░ Subject: A stop job for unit dracut-pre-mount.service has finished
░░ Defined-By: systemd
░░ Support: https://lists.freedesktop.org/mailman/listinfo/systemd-devel
░░ 
░░ A stop job for unit dracut-pre-mount.service has finished.
░░ 
░░ The job identifier is 111 and the job result is done.
Oct 06 20:35:27 localhost systemd[1]: systemd-sysctl.service: Deactivated successfully.
░░ Subject: Unit succeeded
░░ Defined-By: systemd
░░ Support: https://lists.freedesktop.org/mailman/listinfo/systemd-devel
░░ 
░░ The unit systemd-sysctl.service has successfully entered the 'dead' state.
Oct 06 20:35:27 localhost systemd[1]: Stopped Apply Kernel Variables.
░░ Subject: A stop job for unit systemd-sysctl.service has finished
░░ Defined-By: systemd
░░ Support: https://lists.freedesktop.org/mailman/listinfo/systemd-devel
░░ 
░░ A stop job for unit systemd-sysctl.service has finished.
░░ 
░░ The job identifier is 106 and the job result is done.
Oct 06 20:35:27 localhost systemd[1]: systemd-tmpfiles-setup.service: Deactivated successfully.
░░ Subject: Unit succeeded
░░ Defined-By: systemd
░░ Support: https://lists.freedesktop.org/mailman/listinfo/systemd-devel
░░ 
░░ The unit systemd-tmpfiles-setup.service has successfully entered the 'dead' state.
Oct 06 20:35:27 localhost systemd[1]: Stopped Create Volatile Files and Directories.
░░ Subject: A stop job for unit systemd-tmpfiles-setup.service has finished
░░ Defined-By: systemd
░░ Support: https://lists.freedesktop.org/mailman/listinfo/systemd-devel
░░ 
░░ A stop job for unit systemd-tmpfiles-setup.service has finished.
░░ 
░░ The job identifier is 95 and the job result is done.
Oct 06 20:35:27 localhost systemd[1]: Stopped target Local File Systems.
░░ Subject: A stop job for unit local-fs.target has finished
░░ Defined-By: systemd
░░ Support: https://lists.freedesktop.org/mailman/listinfo/systemd-devel
░░ 
░░ A stop job for unit local-fs.target has finished.
░░ 
░░ The job identifier is 116 and the job result is done.
Oct 06 20:35:27 localhost systemd[1]: systemd-udev-trigger.service: Deactivated successfully.
░░ Subject: Unit succeeded
░░ Defined-By: systemd
░░ Support: https://lists.freedesktop.org/mailman/listinfo/systemd-devel
░░ 
░░ The unit systemd-udev-trigger.service has successfully entered the 'dead' state.
Oct 06 20:35:27 localhost systemd[1]: Stopped Coldplug All udev Devices.
░░ Subject: A stop job for unit systemd-udev-trigger.service has finished
░░ Defined-By: systemd
░░ Support: https://lists.freedesktop.org/mailman/listinfo/systemd-devel
░░ 
░░ A stop job for unit systemd-udev-trigger.service has finished.
░░ 
░░ The job identifier is 93 and the job result is done.
Oct 06 20:35:27 localhost systemd[1]: Stopping Rule-based Manager for Device Events and Files...
░░ Subject: A stop job for unit systemd-udevd.service has begun execution
░░ Defined-By: systemd
░░ Support: https://lists.freedesktop.org/mailman/listinfo/systemd-devel
░░ 
░░ A stop job for unit systemd-udevd.service has begun execution.
░░ 
░░ The job identifier is 91.
Oct 06 20:35:27 localhost systemd[1]: systemd-vconsole-setup.service: Deactivated successfully.
░░ Subject: Unit succeeded
░░ Defined-By: systemd
░░ Support: https://lists.freedesktop.org/mailman/listinfo/systemd-devel
░░ 
░░ The unit systemd-vconsole-setup.service has successfully entered the 'dead' state.
Oct 06 20:35:27 localhost systemd[1]: Stopped Setup Virtual Console.
░░ Subject: A stop job for unit systemd-vconsole-setup.service has finished
░░ Defined-By: systemd
░░ Support: https://lists.freedesktop.org/mailman/listinfo/systemd-devel
░░ 
░░ A stop job for unit systemd-vconsole-setup.service has finished.
░░ 
░░ The job identifier is 105 and the job result is done.
Oct 06 20:35:27 localhost systemd[1]: run-credentials-systemd\x2dtmpfiles\x2dsetup.service.mount: Deactivated successfully.
░░ Subject: Unit succeeded
░░ Defined-By: systemd
░░ Support: https://lists.freedesktop.org/mailman/listinfo/systemd-devel
░░ 
░░ The unit run-credentials-systemd\x2dtmpfiles\x2dsetup.service.mount has successfully entered the 'dead' state.
Oct 06 20:35:27 localhost systemd[1]: run-credentials-systemd\x2dvconsole\x2dsetup.service.mount: Deactivated successfully.
░░ Subject: Unit succeeded
░░ Defined-By: systemd
░░ Support: https://lists.freedesktop.org/mailman/listinfo/systemd-devel
░░ 
░░ The unit run-credentials-systemd\x2dvconsole\x2dsetup.service.mount has successfully entered the 'dead' state.
Oct 06 20:35:27 localhost systemd[1]: run-credentials-systemd\x2dsysctl.service.mount: Deactivated successfully.
░░ Subject: Unit succeeded
░░ Defined-By: systemd
░░ Support: https://lists.freedesktop.org/mailman/listinfo/systemd-devel
░░ 
░░ The unit run-credentials-systemd\x2dsysctl.service.mount has successfully entered the 'dead' state.
Oct 06 20:35:27 localhost systemd[1]: initrd-cleanup.service: Deactivated successfully.
░░ Subject: Unit succeeded
░░ Defined-By: systemd
░░ Support: https://lists.freedesktop.org/mailman/listinfo/systemd-devel
░░ 
░░ The unit initrd-cleanup.service has successfully entered the 'dead' state.
Oct 06 20:35:27 localhost systemd[1]: Finished Cleaning Up and Shutting Down Daemons.
░░ Subject: A start job for unit initrd-cleanup.service has finished successfully
░░ Defined-By: systemd
░░ Support: https://lists.freedesktop.org/mailman/listinfo/systemd-devel
░░ 
░░ A start job for unit initrd-cleanup.service has finished successfully.
░░ 
░░ The job identifier is 64.
Oct 06 20:35:27 localhost systemd[1]: systemd-udevd.service: Deactivated successfully.
░░ Subject: Unit succeeded
░░ Defined-By: systemd
░░ Support: https://lists.freedesktop.org/mailman/listinfo/systemd-devel
░░ 
░░ The unit systemd-udevd.service has successfully entered the 'dead' state.
Oct 06 20:35:27 localhost systemd[1]: Stopped Rule-based Manager for Device Events and Files.
░░ Subject: A stop job for unit systemd-udevd.service has finished
░░ Defined-By: systemd
░░ Support: https://lists.freedesktop.org/mailman/listinfo/systemd-devel
░░ 
░░ A stop job for unit systemd-udevd.service has finished.
░░ 
░░ The job identifier is 91 and the job result is done.
Oct 06 20:35:27 localhost systemd[1]: systemd-udevd-control.socket: Deactivated successfully.
░░ Subject: Unit succeeded
░░ Defined-By: systemd
░░ Support: https://lists.freedesktop.org/mailman/listinfo/systemd-devel
░░ 
░░ The unit systemd-udevd-control.socket has successfully entered the 'dead' state.
Oct 06 20:35:27 localhost systemd[1]: Closed udev Control Socket.
░░ Subject: A stop job for unit systemd-udevd-control.socket has finished
░░ Defined-By: systemd
░░ Support: https://lists.freedesktop.org/mailman/listinfo/systemd-devel
░░ 
░░ A stop job for unit systemd-udevd-control.socket has finished.
░░ 
░░ The job identifier is 92 and the job result is done.
Oct 06 20:35:27 localhost systemd[1]: systemd-udevd-kernel.socket: Deactivated successfully.
░░ Subject: Unit succeeded
░░ Defined-By: systemd
░░ Support: https://lists.freedesktop.org/mailman/listinfo/systemd-devel
░░ 
░░ The unit systemd-udevd-kernel.socket has successfully entered the 'dead' state.
Oct 06 20:35:27 localhost systemd[1]: Closed udev Kernel Socket.
░░ Subject: A stop job for unit systemd-udevd-kernel.socket has finished
░░ Defined-By: systemd
░░ Support: https://lists.freedesktop.org/mailman/listinfo/systemd-devel
░░ 
░░ A stop job for unit systemd-udevd-kernel.socket has finished.
░░ 
░░ The job identifier is 89 and the job result is done.
Oct 06 20:35:27 localhost systemd[1]: Starting Cleanup udev Database...
░░ Subject: A start job for unit initrd-udevadm-cleanup-db.service has begun execution
░░ Defined-By: systemd
░░ Support: https://lists.freedesktop.org/mailman/listinfo/systemd-devel
░░ 
░░ A start job for unit initrd-udevadm-cleanup-db.service has begun execution.
░░ 
░░ The job identifier is 88.
Oct 06 20:35:27 localhost systemd[1]: systemd-tmpfiles-setup-dev.service: Deactivated successfully.
░░ Subject: Unit succeeded
░░ Defined-By: systemd
░░ Support: https://lists.freedesktop.org/mailman/listinfo/systemd-devel
░░ 
░░ The unit systemd-tmpfiles-setup-dev.service has successfully entered the 'dead' state.
Oct 06 20:35:27 localhost systemd[1]: Stopped Create Static Device Nodes in /dev.
░░ Subject: A stop job for unit systemd-tmpfiles-setup-dev.service has finished
░░ Defined-By: systemd
░░ Support: https://lists.freedesktop.org/mailman/listinfo/systemd-devel
░░ 
░░ A stop job for unit systemd-tmpfiles-setup-dev.service has finished.
░░ 
░░ The job identifier is 96 and the job result is done.
Oct 06 20:35:27 localhost systemd[1]: kmod-static-nodes.service: Deactivated successfully.
░░ Subject: Unit succeeded
░░ Defined-By: systemd
░░ Support: https://lists.freedesktop.org/mailman/listinfo/systemd-devel
░░ 
░░ The unit kmod-static-nodes.service has successfully entered the 'dead' state.
Oct 06 20:35:27 localhost systemd[1]: Stopped Create List of Static Device Nodes.
░░ Subject: A stop job for unit kmod-static-nodes.service has finished
░░ Defined-By: systemd
░░ Support: https://lists.freedesktop.org/mailman/listinfo/systemd-devel
░░ 
░░ A stop job for unit kmod-static-nodes.service has finished.
░░ 
░░ The job identifier is 110 and the job result is done.
Oct 06 20:35:27 localhost systemd[1]: run-credentials-systemd\x2dtmpfiles\x2dsetup\x2ddev.service.mount: Deactivated successfully.
░░ Subject: Unit succeeded
░░ Defined-By: systemd
░░ Support: https://lists.freedesktop.org/mailman/listinfo/systemd-devel
░░ 
░░ The unit run-credentials-systemd\x2dtmpfiles\x2dsetup\x2ddev.service.mount has successfully entered the 'dead' state.
Oct 06 20:35:27 localhost systemd[1]: initrd-udevadm-cleanup-db.service: Deactivated successfully.
░░ Subject: Unit succeeded
░░ Defined-By: systemd
░░ Support: https://lists.freedesktop.org/mailman/listinfo/systemd-devel
░░ 
░░ The unit initrd-udevadm-cleanup-db.service has successfully entered the 'dead' state.
Oct 06 20:35:27 localhost systemd[1]: Finished Cleanup udev Database.
░░ Subject: A start job for unit initrd-udevadm-cleanup-db.service has finished successfully
░░ Defined-By: systemd
░░ Support: https://lists.freedesktop.org/mailman/listinfo/systemd-devel
░░ 
░░ A start job for unit initrd-udevadm-cleanup-db.service has finished successfully.
░░ 
░░ The job identifier is 88.
Oct 06 20:35:27 localhost systemd[1]: Reached target Switch Root.
░░ Subject: A start job for unit initrd-switch-root.target has finished successfully
░░ Defined-By: systemd
░░ Support: https://lists.freedesktop.org/mailman/listinfo/systemd-devel
░░ 
░░ A start job for unit initrd-switch-root.target has finished successfully.
░░ 
░░ The job identifier is 67.
Oct 06 20:35:27 localhost systemd[1]: Starting Switch Root...
░░ Subject: A start job for unit initrd-switch-root.service has begun execution
░░ Defined-By: systemd
░░ Support: https://lists.freedesktop.org/mailman/listinfo/systemd-devel
░░ 
░░ A start job for unit initrd-switch-root.service has begun execution.
░░ 
░░ The job identifier is 94.
Oct 06 20:35:27 localhost systemctl[390]: [systemctl --no-block switch-root /sysroot] called by PID 1 (/init)
Oct 06 20:35:27 localhost kernel: memfd_create() without MFD_EXEC nor MFD_NOEXEC_SEAL, pid=1 'systemd'
Oct 06 20:35:27 localhost systemd[1]: Switching root.
Oct 06 20:35:27 localhost systemd-journald[229]: Journal stopped
░░ Subject: The journal has been stopped
░░ Defined-By: systemd
░░ Support: https://lists.freedesktop.org/mailman/listinfo/systemd-devel
░░ 
░░ The system journal process has shut down and closed all currently
░░ active journal files.
Oct 06 20:35:28 localhost systemd-journald[229]: Received SIGTERM from PID 1 (systemd).
Oct 06 20:35:28 localhost systemd[1]: systemd v253-5.oe2309 running in system mode (+PAM +AUDIT +SELINUX -APPARMOR +IMA -SMACK +SECCOMP +GCRYPT +GNUTLS -OPENSSL +ACL +BLKID -CURL -ELFUTILS -FIDO2 +IDN2 -IDN -IPTC +KMOD -LIBCRYPTSETUP +LIBFDISK +PCRE2 -PWQUALITY +P11KIT -QRENCODE -TPM2 +BZIP2 +LZ4 +XZ +ZLIB -ZSTD -BPF_FRAMEWORK +XKBCOMMON +UTMP +SYSVINIT default-hierarchy=legacy)
Oct 06 20:35:28 localhost systemd[1]: Detected virtualization kvm.
Oct 06 20:35:28 localhost systemd[1]: Detected architecture x86-64.
Oct 06 20:35:28 localhost systemd-rc-local-generator[401]: /etc/rc.d/rc.local is not marked executable, skipping.
Oct 06 20:35:28 localhost systemd[1]: /usr/lib/systemd/system/dbus.socket:5: ListenStream= references a path below legacy directory /var/run/, updating /var/run/dbus/system_bus_socket → /run/dbus/system_bus_socket; please update the unit file accordingly.
Oct 06 20:35:28 localhost systemd[1]: initrd-switch-root.service: Deactivated successfully.
Oct 06 20:35:28 localhost systemd[1]: Stopped Switch Root.
Oct 06 20:35:28 localhost systemd[1]: systemd-journald.service: Scheduled restart job, restart counter is at 1.
Oct 06 20:35:28 localhost systemd[1]: Created slice Slice /system/getty.
Oct 06 20:35:28 localhost systemd[1]: Created slice Slice /system/serial-getty.
Oct 06 20:35:28 localhost systemd[1]: Created slice Slice /system/sshd-keygen.
Oct 06 20:35:28 localhost systemd[1]: Created slice User and Session Slice.
Oct 06 20:35:28 localhost systemd[1]: Started Dispatch Password Requests to Console Directory Watch.
Oct 06 20:35:28 localhost systemd[1]: Started Forward Password Requests to Wall Directory Watch.
Oct 06 20:35:28 localhost systemd[1]: Set up automount Arbitrary Executable File Formats File System Automount Point.
Oct 06 20:35:28 localhost systemd[1]: Stopped target Switch Root.
Oct 06 20:35:28 localhost systemd[1]: Stopped target Initrd File Systems.
Oct 06 20:35:28 localhost systemd[1]: Stopped target Initrd Root File System.
Oct 06 20:35:28 localhost systemd[1]: Reached target Path Units.
Oct 06 20:35:28 localhost systemd[1]: Reached target Remote File Systems.
Oct 06 20:35:28 localhost systemd[1]: Reached target Slice Units.
Oct 06 20:35:28 localhost systemd[1]: Reached target Swaps.
Oct 06 20:35:28 localhost systemd[1]: Listening on Process Core Dump Socket.
Oct 06 20:35:28 localhost systemd[1]: Listening on initctl Compatibility Named Pipe.
Oct 06 20:35:28 localhost systemd[1]: Listening on udev Control Socket.
Oct 06 20:35:28 localhost systemd[1]: Listening on udev Kernel Socket.
Oct 06 20:35:28 localhost systemd[1]: Mounting Huge Pages File System...
Oct 06 20:35:28 localhost systemd[1]: Mounting POSIX Message Queue File System...
Oct 06 20:35:28 localhost systemd[1]: Mounting Kernel Debug File System...
Oct 06 20:35:28 localhost systemd[1]: Mounting Kernel Trace File System...
Oct 06 20:35:28 localhost systemd[1]: Mounting Temporary Directory /tmp...
Oct 06 20:35:28 localhost systemd[1]: Starting Create List of Static Device Nodes...
Oct 06 20:35:28 localhost systemd[1]: Starting Load Kernel Module configfs...
Oct 06 20:35:28 localhost systemd[1]: Starting Load Kernel Module drm...
Oct 06 20:35:28 localhost systemd[1]: Starting Load Kernel Module fuse...
Oct 06 20:35:28 localhost systemd[1]: systemd-fsck-root.service: Deactivated successfully.
Oct 06 20:35:28 localhost systemd[1]: Stopped File System Check on Root Device.
Oct 06 20:35:28 localhost systemd[1]: Stopped Journal Service.
Oct 06 20:35:28 localhost systemd[1]: Starting Journal Service...
Oct 06 20:35:28 localhost systemd[1]: Load Kernel Modules was skipped because no trigger condition checks were met.
Oct 06 20:35:28 localhost systemd[1]: Starting Generate network units from Kernel command line...
Oct 06 20:35:28 localhost systemd[1]: Starting Remount Root and Kernel File Systems...
Oct 06 20:35:28 localhost systemd[1]: Starting Apply Kernel Variables...
Oct 06 20:35:28 localhost systemd[1]: Starting Coldplug All udev Devices...
Oct 06 20:35:28 localhost systemd[1]: Mounted Huge Pages File System.
Oct 06 20:35:28 localhost systemd[1]: Mounted POSIX Message Queue File System.
Oct 06 20:35:28 localhost systemd[1]: Mounted Kernel Debug File System.
Oct 06 20:35:28 localhost systemd[1]: Mounted Kernel Trace File System.
Oct 06 20:35:28 localhost systemd[1]: Mounted Temporary Directory /tmp.
Oct 06 20:35:28 localhost systemd[1]: Finished Create List of Static Device Nodes.
Oct 06 20:35:28 localhost systemd[1]: modprobe@configfs.service: Deactivated successfully.
Oct 06 20:35:28 localhost systemd[1]: Finished Load Kernel Module configfs.
Oct 06 20:35:28 localhost systemd[1]: modprobe@drm.service: Deactivated successfully.
Oct 06 20:35:28 localhost systemd[1]: Finished Load Kernel Module drm.
Oct 06 20:35:28 localhost systemd[1]: Finished Generate network units from Kernel command line.
Oct 06 20:35:28 localhost systemd[1]: Reached target Preparation for Network.
Oct 06 20:35:28 localhost systemd-journald[422]: Collecting audit messages is disabled.
Oct 06 20:35:28 localhost systemd-journald[422]: Journal started
░░ Subject: The journal has been started
░░ Defined-By: systemd
░░ Support: https://lists.freedesktop.org/mailman/listinfo/systemd-devel
░░ 
░░ The system journal process has started up, opened the journal
░░ files for writing and is now ready to process requests.
Oct 06 20:35:28 localhost systemd-journald[422]: Runtime Journal (/run/log/journal/d29b1621ebc344bab8182f548eaf9b0f) is 8.0M, max 72.8M, 64.8M free.
░░ Subject: Disk space used by the journal
░░ Defined-By: systemd
░░ Support: https://lists.freedesktop.org/mailman/listinfo/systemd-devel
░░ 
░░ Runtime Journal (/run/log/journal/d29b1621ebc344bab8182f548eaf9b0f) is currently using 8.0M.
░░ Maximum allowed usage is set to 72.8M.
░░ Leaving at least 36.4M free (of currently available 712.8M of disk space).
░░ Enforced usage limit is thus 72.8M, of which 64.8M are still available.
░░ 
░░ The limits controlling how much disk space is used by the journal may
░░ be configured with SystemMaxUse=, SystemKeepFree=, SystemMaxFileSize=,
░░ RuntimeMaxUse=, RuntimeKeepFree=, RuntimeMaxFileSize= settings in
░░ /etc/systemd/journald.conf. See journald.conf(5) for details.
Oct 06 20:35:28 localhost systemd[1]: Queued start job for default target Multi-User System.
Oct 06 20:35:28 localhost systemd[1]: systemd-journald.service: unit configures an IP firewall, but the local system does not support BPF/cgroup firewalling.
Oct 06 20:35:28 localhost systemd[1]: (This warning is only shown for the first unit using IP firewalling.)
Oct 06 20:35:28 localhost systemd[1]: systemd-journald.service: Deactivated successfully.
░░ Subject: Unit succeeded
░░ Defined-By: systemd
░░ Support: https://lists.freedesktop.org/mailman/listinfo/systemd-devel
░░ 
░░ The unit systemd-journald.service has successfully entered the 'dead' state.
Oct 06 20:35:28 localhost systemd[1]: Started Journal Service.
Oct 06 20:35:28 localhost kernel: fuse: init (API version 7.38)
Oct 06 20:35:28 localhost kernel: EXT4-fs (vda2): re-mounted 7f720054-e39b-448f-a65c-17d6290c4079 r/w. Quota mode: none.
Oct 06 20:35:28 localhost systemd[1]: modprobe@fuse.service: Deactivated successfully.
░░ Subject: Unit succeeded
░░ Defined-By: systemd
░░ Support: https://lists.freedesktop.org/mailman/listinfo/systemd-devel
░░ 
░░ The unit modprobe@fuse.service has successfully entered the 'dead' state.
Oct 06 20:35:28 localhost systemd[1]: Finished Load Kernel Module fuse.
░░ Subject: A start job for unit modprobe@fuse.service has finished successfully
░░ Defined-By: systemd
░░ Support: https://lists.freedesktop.org/mailman/listinfo/systemd-devel
░░ 
░░ A start job for unit modprobe@fuse.service has finished successfully.
░░ 
░░ The job identifier is 155.
Oct 06 20:35:28 localhost systemd[1]: Finished Remount Root and Kernel File Systems.
░░ Subject: A start job for unit systemd-remount-fs.service has finished successfully
░░ Defined-By: systemd
░░ Support: https://lists.freedesktop.org/mailman/listinfo/systemd-devel
░░ 
░░ A start job for unit systemd-remount-fs.service has finished successfully.
░░ 
░░ The job identifier is 134.
Oct 06 20:35:28 localhost systemd[1]: Mounting FUSE Control File System...
░░ Subject: A start job for unit sys-fs-fuse-connections.mount has begun execution
░░ Defined-By: systemd
░░ Support: https://lists.freedesktop.org/mailman/listinfo/systemd-devel
░░ 
░░ A start job for unit sys-fs-fuse-connections.mount has begun execution.
░░ 
░░ The job identifier is 154.
Oct 06 20:35:28 localhost systemd[1]: Rebuild Hardware Database was skipped because of an unmet condition check (ConditionNeedsUpdate=/etc).
░░ Subject: A start job for unit systemd-hwdb-update.service has finished successfully
░░ Defined-By: systemd
░░ Support: https://lists.freedesktop.org/mailman/listinfo/systemd-devel
░░ 
░░ A start job for unit systemd-hwdb-update.service has finished successfully.
░░ 
░░ The job identifier is 159.
Oct 06 20:35:28 localhost systemd[1]: Starting Flush Journal to Persistent Storage...
░░ Subject: A start job for unit systemd-journal-flush.service has begun execution
░░ Defined-By: systemd
░░ Support: https://lists.freedesktop.org/mailman/listinfo/systemd-devel
░░ 
░░ A start job for unit systemd-journal-flush.service has begun execution.
░░ 
░░ The job identifier is 138.
Oct 06 20:35:28 localhost systemd[1]: Starting Load/Save OS Random Seed...
░░ Subject: A start job for unit systemd-random-seed.service has begun execution
░░ Defined-By: systemd
░░ Support: https://lists.freedesktop.org/mailman/listinfo/systemd-devel
░░ 
░░ A start job for unit systemd-random-seed.service has begun execution.
░░ 
░░ The job identifier is 123.
Oct 06 20:35:28 localhost systemd[1]: Create System Users was skipped because no trigger condition checks were met.
░░ Subject: A start job for unit systemd-sysusers.service has finished successfully
░░ Defined-By: systemd
░░ Support: https://lists.freedesktop.org/mailman/listinfo/systemd-devel
░░ 
░░ A start job for unit systemd-sysusers.service has finished successfully.
░░ 
░░ The job identifier is 162.
Oct 06 20:35:28 localhost systemd[1]: Starting Create Static Device Nodes in /dev...
░░ Subject: A start job for unit systemd-tmpfiles-setup-dev.service has begun execution
░░ Defined-By: systemd
░░ Support: https://lists.freedesktop.org/mailman/listinfo/systemd-devel
░░ 
░░ A start job for unit systemd-tmpfiles-setup-dev.service has begun execution.
░░ 
░░ The job identifier is 173.
Oct 06 20:35:28 localhost systemd-journald[422]: Runtime Journal (/run/log/journal/d29b1621ebc344bab8182f548eaf9b0f) is 8.0M, max 72.8M, 64.8M free.
░░ Subject: Disk space used by the journal
░░ Defined-By: systemd
░░ Support: https://lists.freedesktop.org/mailman/listinfo/systemd-devel
░░ 
░░ Runtime Journal (/run/log/journal/d29b1621ebc344bab8182f548eaf9b0f) is currently using 8.0M.
░░ Maximum allowed usage is set to 72.8M.
░░ Leaving at least 36.4M free (of currently available 712.8M of disk space).
░░ Enforced usage limit is thus 72.8M, of which 64.8M are still available.
░░ 
░░ The limits controlling how much disk space is used by the journal may
░░ be configured with SystemMaxUse=, SystemKeepFree=, SystemMaxFileSize=,
░░ RuntimeMaxUse=, RuntimeKeepFree=, RuntimeMaxFileSize= settings in
░░ /etc/systemd/journald.conf. See journald.conf(5) for details.
Oct 06 20:35:28 localhost systemd-journald[422]: Received client request to flush runtime journal.
Oct 06 20:35:28 localhost systemd[1]: Mounted FUSE Control File System.
░░ Subject: A start job for unit sys-fs-fuse-connections.mount has finished successfully
░░ Defined-By: systemd
░░ Support: https://lists.freedesktop.org/mailman/listinfo/systemd-devel
░░ 
░░ A start job for unit sys-fs-fuse-connections.mount has finished successfully.
░░ 
░░ The job identifier is 154.
Oct 06 20:35:28 localhost systemd[1]: Finished Flush Journal to Persistent Storage.
░░ Subject: A start job for unit systemd-journal-flush.service has finished successfully
░░ Defined-By: systemd
░░ Support: https://lists.freedesktop.org/mailman/listinfo/systemd-devel
░░ 
░░ A start job for unit systemd-journal-flush.service has finished successfully.
░░ 
░░ The job identifier is 138.
Oct 06 20:35:28 localhost systemd-tmpfiles[441]: /usr/lib/tmpfiles.d/dbus.conf:13: Line references path below legacy directory /var/run/, updating /var/run/dbus/containers → /run/dbus/containers; please update the tmpfiles.d/ drop-in file accordingly.
Oct 06 20:35:28 localhost systemd[1]: Finished Load/Save OS Random Seed.
░░ Subject: A start job for unit systemd-random-seed.service has finished successfully
░░ Defined-By: systemd
░░ Support: https://lists.freedesktop.org/mailman/listinfo/systemd-devel
░░ 
░░ A start job for unit systemd-random-seed.service has finished successfully.
░░ 
░░ The job identifier is 123.
Oct 06 20:35:28 localhost systemd[1]: First Boot Complete was skipped because of an unmet condition check (ConditionFirstBoot=yes).
░░ Subject: A start job for unit first-boot-complete.target has finished successfully
░░ Defined-By: systemd
░░ Support: https://lists.freedesktop.org/mailman/listinfo/systemd-devel
░░ 
░░ A start job for unit first-boot-complete.target has finished successfully.
░░ 
░░ The job identifier is 125.
Oct 06 20:35:28 localhost systemd[1]: Finished Create Static Device Nodes in /dev.
░░ Subject: A start job for unit systemd-tmpfiles-setup-dev.service has finished successfully
░░ Defined-By: systemd
░░ Support: https://lists.freedesktop.org/mailman/listinfo/systemd-devel
░░ 
░░ A start job for unit systemd-tmpfiles-setup-dev.service has finished successfully.
░░ 
░░ The job identifier is 173.
Oct 06 20:35:28 localhost systemd[1]: Reached target Preparation for Local File Systems.
░░ Subject: A start job for unit local-fs-pre.target has finished successfully
░░ Defined-By: systemd
░░ Support: https://lists.freedesktop.org/mailman/listinfo/systemd-devel
░░ 
░░ A start job for unit local-fs-pre.target has finished successfully.
░░ 
░░ The job identifier is 135.
Oct 06 20:35:28 localhost systemd[1]: Starting Rule-based Manager for Device Events and Files...
░░ Subject: A start job for unit systemd-udevd.service has begun execution
░░ Defined-By: systemd
░░ Support: https://lists.freedesktop.org/mailman/listinfo/systemd-devel
░░ 
░░ A start job for unit systemd-udevd.service has begun execution.
░░ 
░░ The job identifier is 143.
Oct 06 20:35:28 localhost systemd[1]: Finished Coldplug All udev Devices.
░░ Subject: A start job for unit systemd-udev-trigger.service has finished successfully
░░ Defined-By: systemd
░░ Support: https://lists.freedesktop.org/mailman/listinfo/systemd-devel
░░ 
░░ A start job for unit systemd-udev-trigger.service has finished successfully.
░░ 
░░ The job identifier is 174.
Oct 06 20:35:28 localhost systemd-udevd[446]: Using default interface naming scheme 'v253'.
Oct 06 20:35:28 localhost systemd[1]: Started Rule-based Manager for Device Events and Files.
░░ Subject: A start job for unit systemd-udevd.service has finished successfully
░░ Defined-By: systemd
░░ Support: https://lists.freedesktop.org/mailman/listinfo/systemd-devel
░░ 
░░ A start job for unit systemd-udevd.service has finished successfully.
░░ 
░░ The job identifier is 143.
Oct 06 20:35:28 localhost systemd[1]: Starting Load Kernel Module configfs...
░░ Subject: A start job for unit modprobe@configfs.service has begun execution
░░ Defined-By: systemd
░░ Support: https://lists.freedesktop.org/mailman/listinfo/systemd-devel
░░ 
░░ A start job for unit modprobe@configfs.service has begun execution.
░░ 
░░ The job identifier is 228.
Oct 06 20:35:28 localhost systemd[1]: Finished Apply Kernel Variables.
░░ Subject: A start job for unit systemd-sysctl.service has finished successfully
░░ Defined-By: systemd
░░ Support: https://lists.freedesktop.org/mailman/listinfo/systemd-devel
░░ 
░░ A start job for unit systemd-sysctl.service has finished successfully.
░░ 
░░ The job identifier is 150.
Oct 06 20:35:28 localhost systemd[1]: Condition check resulted in /dev/ttyS0 being skipped.
░░ Subject: A start job for unit dev-ttyS0.device has finished successfully
░░ Defined-By: systemd
░░ Support: https://lists.freedesktop.org/mailman/listinfo/systemd-devel
░░ 
░░ A start job for unit dev-ttyS0.device has finished successfully.
░░ 
░░ The job identifier is 209.
Oct 06 20:35:28 localhost systemd[1]: modprobe@configfs.service: Deactivated successfully.
░░ Subject: Unit succeeded
░░ Defined-By: systemd
░░ Support: https://lists.freedesktop.org/mailman/listinfo/systemd-devel
░░ 
░░ The unit modprobe@configfs.service has successfully entered the 'dead' state.
Oct 06 20:35:28 localhost systemd[1]: Finished Load Kernel Module configfs.
░░ Subject: A start job for unit modprobe@configfs.service has finished successfully
░░ Defined-By: systemd
░░ Support: https://lists.freedesktop.org/mailman/listinfo/systemd-devel
░░ 
░░ A start job for unit modprobe@configfs.service has finished successfully.
░░ 
░░ The job identifier is 228.
Oct 06 20:35:28 localhost systemd[1]: Condition check resulted in /dev/disk/by-uuid/C6B8-791B being skipped.
░░ Subject: A start job for unit dev-disk-by\x2duuid-C6B8\x2d791B.device has finished successfully
░░ Defined-By: systemd
░░ Support: https://lists.freedesktop.org/mailman/listinfo/systemd-devel
░░ 
░░ A start job for unit dev-disk-by\x2duuid-C6B8\x2d791B.device has finished successfully.
░░ 
░░ The job identifier is 132.
Oct 06 20:35:28 localhost systemd[1]: Mounting /boot...
░░ Subject: A start job for unit boot.mount has begun execution
░░ Defined-By: systemd
░░ Support: https://lists.freedesktop.org/mailman/listinfo/systemd-devel
░░ 
░░ A start job for unit boot.mount has begun execution.
░░ 
░░ The job identifier is 131.
Oct 06 20:35:28 localhost kernel: piix4_smbus 0000:00:01.3: SMBus Host Controller at 0xb100, revision 0
Oct 06 20:35:28 localhost kernel: sr 1:0:0:0: Attached scsi generic sg0 type 5
Oct 06 20:35:28 localhost kernel: input: PC Speaker as /devices/platform/pcspkr/input/input7
Oct 06 20:35:28 localhost systemd[1]: Mounted /boot.
░░ Subject: A start job for unit boot.mount has finished successfully
░░ Defined-By: systemd
░░ Support: https://lists.freedesktop.org/mailman/listinfo/systemd-devel
░░ 
░░ A start job for unit boot.mount has finished successfully.
░░ 
░░ The job identifier is 131.
Oct 06 20:35:28 localhost systemd[1]: Reached target Local File Systems.
░░ Subject: A start job for unit local-fs.target has finished successfully
░░ Defined-By: systemd
░░ Support: https://lists.freedesktop.org/mailman/listinfo/systemd-devel
░░ 
░░ A start job for unit local-fs.target has finished successfully.
░░ 
░░ The job identifier is 130.
Oct 06 20:35:28 localhost systemd[1]: Rebuild Dynamic Linker Cache was skipped because no trigger condition checks were met.
░░ Subject: A start job for unit ldconfig.service has finished successfully
░░ Defined-By: systemd
░░ Support: https://lists.freedesktop.org/mailman/listinfo/systemd-devel
░░ 
░░ A start job for unit ldconfig.service has finished successfully.
░░ 
░░ The job identifier is 161.
Oct 06 20:35:28 localhost systemd[1]: Set Up Additional Binary Formats was skipped because no trigger condition checks were met.
░░ Subject: A start job for unit systemd-binfmt.service has finished successfully
░░ Defined-By: systemd
░░ Support: https://lists.freedesktop.org/mailman/listinfo/systemd-devel
░░ 
░░ A start job for unit systemd-binfmt.service has finished successfully.
░░ 
░░ The job identifier is 163.
Oct 06 20:35:28 localhost systemd[1]: Commit a transient machine-id on disk was skipped because of an unmet condition check (ConditionPathIsMountPoint=/etc/machine-id).
░░ Subject: A start job for unit systemd-machine-id-commit.service has finished successfully
░░ Defined-By: systemd
░░ Support: https://lists.freedesktop.org/mailman/listinfo/systemd-devel
░░ 
░░ A start job for unit systemd-machine-id-commit.service has finished successfully.
░░ 
░░ The job identifier is 142.
Oct 06 20:35:28 localhost systemd[1]: Starting Create Volatile Files and Directories...
░░ Subject: A start job for unit systemd-tmpfiles-setup.service has begun execution
░░ Defined-By: systemd
░░ Support: https://lists.freedesktop.org/mailman/listinfo/systemd-devel
░░ 
░░ A start job for unit systemd-tmpfiles-setup.service has begun execution.
░░ 
░░ The job identifier is 156.
Oct 06 20:35:28 localhost systemd-tmpfiles[518]: /usr/lib/tmpfiles.d/dbus.conf:13: Line references path below legacy directory /var/run/, updating /var/run/dbus/containers → /run/dbus/containers; please update the tmpfiles.d/ drop-in file accordingly.
Oct 06 20:35:28 localhost kernel: parport_pc 00:03: reported by Plug and Play ACPI
Oct 06 20:35:28 localhost kernel: parport0: PC-style at 0x378, irq 7 [PCSPP,TRISTATE]
Oct 06 20:35:28 localhost systemd[1]: Finished Create Volatile Files and Directories.
░░ Subject: A start job for unit systemd-tmpfiles-setup.service has finished successfully
░░ Defined-By: systemd
░░ Support: https://lists.freedesktop.org/mailman/listinfo/systemd-devel
░░ 
░░ A start job for unit systemd-tmpfiles-setup.service has finished successfully.
░░ 
░░ The job identifier is 156.
Oct 06 20:35:28 localhost systemd[1]: Rebuild Journal Catalog was skipped because of an unmet condition check (ConditionNeedsUpdate=/var).
░░ Subject: A start job for unit systemd-journal-catalog-update.service has finished successfully
░░ Defined-By: systemd
░░ Support: https://lists.freedesktop.org/mailman/listinfo/systemd-devel
░░ 
░░ A start job for unit systemd-journal-catalog-update.service has finished successfully.
░░ 
░░ The job identifier is 169.
Oct 06 20:35:28 localhost systemd[1]: Update is Completed was skipped because no trigger condition checks were met.
░░ Subject: A start job for unit systemd-update-done.service has finished successfully
░░ Defined-By: systemd
░░ Support: https://lists.freedesktop.org/mailman/listinfo/systemd-devel
░░ 
░░ A start job for unit systemd-update-done.service has finished successfully.
░░ 
░░ The job identifier is 158.
Oct 06 20:35:28 localhost systemd[1]: Starting Record System Boot/Shutdown in UTMP...
░░ Subject: A start job for unit systemd-update-utmp.service has begun execution
░░ Defined-By: systemd
░░ Support: https://lists.freedesktop.org/mailman/listinfo/systemd-devel
░░ 
░░ A start job for unit systemd-update-utmp.service has begun execution.
░░ 
░░ The job identifier is 190.
Oct 06 20:35:28 localhost kernel: RAPL PMU: API unit is 2^-32 Joules, 0 fixed counters, 10737418240 ms ovfl timer
Oct 06 20:35:28 localhost kernel: virtio_net virtio3 ens5: renamed from eth0
Oct 06 20:35:28 localhost systemd[1]: Finished Record System Boot/Shutdown in UTMP.
░░ Subject: A start job for unit systemd-update-utmp.service has finished successfully
░░ Defined-By: systemd
░░ Support: https://lists.freedesktop.org/mailman/listinfo/systemd-devel
░░ 
░░ A start job for unit systemd-update-utmp.service has finished successfully.
░░ 
░░ The job identifier is 190.
Oct 06 20:35:28 localhost systemd[1]: Reached target System Initialization.
░░ Subject: A start job for unit sysinit.target has finished successfully
░░ Defined-By: systemd
░░ Support: https://lists.freedesktop.org/mailman/listinfo/systemd-devel
░░ 
░░ A start job for unit sysinit.target has finished successfully.
░░ 
░░ The job identifier is 122.
Oct 06 20:35:28 localhost systemd[1]: Started dnf makecache --timer.
░░ Subject: A start job for unit dnf-makecache.timer has finished successfully
░░ Defined-By: systemd
░░ Support: https://lists.freedesktop.org/mailman/listinfo/systemd-devel
░░ 
░░ A start job for unit dnf-makecache.timer has finished successfully.
░░ 
░░ The job identifier is 177.
Oct 06 20:35:28 localhost systemd[1]: Started Daily Cleanup of Temporary Directories.
░░ Subject: A start job for unit systemd-tmpfiles-clean.timer has finished successfully
░░ Defined-By: systemd
░░ Support: https://lists.freedesktop.org/mailman/listinfo/systemd-devel
░░ 
░░ A start job for unit systemd-tmpfiles-clean.timer has finished successfully.
░░ 
░░ The job identifier is 176.
Oct 06 20:35:28 localhost systemd[1]: Reached target Timer Units.
░░ Subject: A start job for unit timers.target has finished successfully
░░ Defined-By: systemd
░░ Support: https://lists.freedesktop.org/mailman/listinfo/systemd-devel
░░ 
░░ A start job for unit timers.target has finished successfully.
░░ 
░░ The job identifier is 175.
Oct 06 20:35:28 localhost systemd[1]: Listening on D-Bus System Message Bus Socket.
░░ Subject: A start job for unit dbus.socket has finished successfully
░░ Defined-By: systemd
░░ Support: https://lists.freedesktop.org/mailman/listinfo/systemd-devel
░░ 
░░ A start job for unit dbus.socket has finished successfully.
░░ 
░░ The job identifier is 181.
Oct 06 20:35:28 localhost systemd[1]: Reached target Socket Units.
░░ Subject: A start job for unit sockets.target has finished successfully
░░ Defined-By: systemd
