Oct 19 23:24:31 openeuler kernel: Linux version 6.4.0-10.1.0.20.oe2309.riscv64 (abuild@ubuntu) (gcc_old (GCC) 12.3.1 (openEuler 12.3.1-16.oe2309), GNU ld (GNU Binutils) 2.40) #1 SMP Sat Oct  7 06:19:28 UTC 2023
Oct 19 23:24:31 openeuler kernel: random: crng init done
Oct 19 23:24:31 openeuler kernel: Machine model: riscv-virtio,qemu
Oct 19 23:24:31 openeuler kernel: earlycon: ns16550a0 at MMIO 0x0000000010000000 (options '')
Oct 19 23:24:31 openeuler kernel: printk: bootconsole [ns16550a0] enabled
Oct 19 23:24:31 openeuler kernel: Disabled 4-level and 5-level paging
Oct 19 23:24:31 openeuler kernel: efi: UEFI not found.
Oct 19 23:24:31 openeuler kernel: OF: reserved mem: 0x0000000080000000..0x000000008003ffff (256 KiB) map non-reusable mmode_resv0@80000000
Oct 19 23:24:31 openeuler kernel: cma: Reserved 64 MiB at 0x00000000fb600000
Oct 19 23:24:31 openeuler kernel: NUMA: No NUMA configuration found
Oct 19 23:24:31 openeuler kernel: NUMA: Faking a node at [mem 0x0000000080000000-0x000000017fffffff]
Oct 19 23:24:31 openeuler kernel: NUMA: NODE_DATA [mem 0x17ffed340-0x17fff1fff]
Oct 19 23:24:31 openeuler kernel: Zone ranges:
Oct 19 23:24:31 openeuler kernel:   DMA32    [mem 0x0000000080000000-0x00000000ffffffff]
Oct 19 23:24:31 openeuler kernel:   Normal   [mem 0x0000000100000000-0x000000017fffffff]
Oct 19 23:24:31 openeuler kernel: Movable zone start for each node
Oct 19 23:24:31 openeuler kernel: Early memory node ranges
Oct 19 23:24:31 openeuler kernel:   node   0: [mem 0x0000000080000000-0x000000017fffffff]
Oct 19 23:24:31 openeuler kernel: Initmem setup node 0 [mem 0x0000000080000000-0x000000017fffffff]
Oct 19 23:24:31 openeuler kernel: SBI specification v1.0 detected
Oct 19 23:24:31 openeuler kernel: SBI implementation ID=0x1 Version=0x10002
Oct 19 23:24:31 openeuler kernel: SBI TIME extension detected
Oct 19 23:24:31 openeuler kernel: SBI IPI extension detected
Oct 19 23:24:31 openeuler kernel: SBI RFENCE extension detected
Oct 19 23:24:31 openeuler kernel: SBI SRST extension detected
Oct 19 23:24:31 openeuler kernel: SBI HSM extension detected
Oct 19 23:24:31 openeuler kernel: riscv: base ISA extensions acdfhim
Oct 19 23:24:31 openeuler kernel: riscv: ELF capabilities acdfim
Oct 19 23:24:31 openeuler kernel: percpu: cpu 0 has no node -1 or node-local memory
Oct 19 23:24:31 openeuler kernel: percpu: Embedded 30 pages/cpu s82152 r8192 d32536 u122880
Oct 19 23:24:31 openeuler kernel: pcpu-alloc: s82152 r8192 d32536 u122880 alloc=30*4096
Oct 19 23:24:31 openeuler kernel: pcpu-alloc: [0] 0 [0] 1 [0] 2 [0] 3 
Oct 19 23:24:31 openeuler kernel: Kernel command line: root=/dev/vda2 rw console=ttyS0 systemd.default_timeout_start_sec=600 selinux=0 highres=off earlycon no4lvl
Oct 19 23:24:31 openeuler kernel: Dentry cache hash table entries: 524288 (order: 10, 4194304 bytes, linear)
Oct 19 23:24:31 openeuler kernel: Inode-cache hash table entries: 262144 (order: 9, 2097152 bytes, linear)
Oct 19 23:24:31 openeuler kernel: Fallback order for Node 0: 0 
Oct 19 23:24:31 openeuler kernel: Built 1 zonelists, mobility grouping on.  Total pages: 1032192
Oct 19 23:24:31 openeuler kernel: Policy zone: Normal
Oct 19 23:24:31 openeuler kernel: mem auto-init: stack:off, heap alloc:off, heap free:off
Oct 19 23:24:31 openeuler kernel: stackdepot: allocating hash table via alloc_large_system_hash
Oct 19 23:24:31 openeuler kernel: stackdepot hash table entries: 262144 (order: 9, 2097152 bytes, linear)
Oct 19 23:24:31 openeuler kernel: software IO TLB: area num 4.
Oct 19 23:24:31 openeuler kernel: software IO TLB: mapped [mem 0x00000000f7600000-0x00000000fb600000] (64MB)
Oct 19 23:24:31 openeuler kernel: Virtual kernel memory layout:
Oct 19 23:24:31 openeuler kernel:       fixmap : 0xffffffc6fea00000 - 0xffffffc6ff000000   (6144 kB)
Oct 19 23:24:31 openeuler kernel:       pci io : 0xffffffc6ff000000 - 0xffffffc700000000   (  16 MB)
Oct 19 23:24:31 openeuler kernel:      vmemmap : 0xffffffc700000000 - 0xffffffc800000000   (4096 MB)
Oct 19 23:24:31 openeuler kernel:      vmalloc : 0xffffffc800000000 - 0xffffffd800000000   (  64 GB)
Oct 19 23:24:31 openeuler kernel:      modules : 0xffffffff0259d000 - 0xffffffff80000000   (2010 MB)
Oct 19 23:24:31 openeuler kernel:       lowmem : 0xffffffd800000000 - 0xffffffd900000000   (4096 MB)
Oct 19 23:24:31 openeuler kernel:       kernel : 0xffffffff80000000 - 0xffffffffffffffff   (2047 MB)
Oct 19 23:24:31 openeuler kernel: Memory: 3932480K/4194304K available (11986K kernel code, 8843K rwdata, 10240K rodata, 2687K init, 4455K bss, 196288K reserved, 65536K cma-reserved)
Oct 19 23:24:31 openeuler kernel: SLUB: HWalign=64, Order=0-3, MinObjects=0, CPUs=4, Nodes=1
Oct 19 23:24:31 openeuler kernel: ftrace: allocating 44076 entries in 173 pages
Oct 19 23:24:31 openeuler kernel: ftrace: allocated 173 pages with 5 groups
Oct 19 23:24:31 openeuler kernel: trace event string verifier disabled
Oct 19 23:24:31 openeuler kernel: rcu: Hierarchical RCU implementation.
Oct 19 23:24:31 openeuler kernel: rcu:         RCU restricting CPUs from NR_CPUS=512 to nr_cpu_ids=4.
Oct 19 23:24:31 openeuler kernel:         Rude variant of Tasks RCU enabled.
Oct 19 23:24:31 openeuler kernel:         Tracing variant of Tasks RCU enabled.
Oct 19 23:24:31 openeuler kernel: rcu: RCU calculated value of scheduler-enlistment delay is 25 jiffies.
Oct 19 23:24:31 openeuler kernel: rcu: Adjusting geometry for rcu_fanout_leaf=16, nr_cpu_ids=4
Oct 19 23:24:31 openeuler kernel: NR_IRQS: 64, nr_irqs: 64, preallocated irqs: 0
Oct 19 23:24:31 openeuler kernel: riscv-intc: 64 local interrupts mapped
Oct 19 23:24:31 openeuler kernel: plic: plic@c000000: mapped 95 interrupts with 4 handlers for 8 contexts.
Oct 19 23:24:31 openeuler kernel: riscv: providing IPIs using SBI IPI extension
Oct 19 23:24:31 openeuler kernel: rcu: srcu_init: Setting srcu_struct sizes based on contention.
Oct 19 23:24:31 openeuler kernel: riscv-timer: riscv_timer_init_dt: Registering clocksource cpuid [0] hartid [2]
Oct 19 23:24:31 openeuler kernel: clocksource: riscv_clocksource: mask: 0xffffffffffffffff max_cycles: 0x24e6a1710, max_idle_ns: 440795202120 ns
Oct 19 23:24:31 openeuler kernel: sched_clock: 64 bits at 10MHz, resolution 100ns, wraps every 4398046511100ns
Oct 19 23:24:31 openeuler kernel: riscv-timer: Timer interrupt in S-mode is available via sstc extension
Oct 19 23:24:31 openeuler kernel: Console: colour dummy device 80x25
Oct 19 23:24:31 openeuler kernel: Calibrating delay loop (skipped), value calculated using timer frequency.. 20.00 BogoMIPS (lpj=40000)
Oct 19 23:24:31 openeuler kernel: pid_max: default: 32768 minimum: 301
Oct 19 23:24:31 openeuler kernel: LSM: initializing lsm=lockdown,capability,yama,apparmor,integrity
Oct 19 23:24:31 openeuler kernel: Yama: becoming mindful.
Oct 19 23:24:31 openeuler kernel: AppArmor: AppArmor initialized
Oct 19 23:24:31 openeuler kernel: Mount-cache hash table entries: 8192 (order: 4, 65536 bytes, linear)
Oct 19 23:24:31 openeuler kernel: Mountpoint-cache hash table entries: 8192 (order: 4, 65536 bytes, linear)
Oct 19 23:24:31 openeuler kernel: cblist_init_generic: Setting adjustable number of callback queues.
Oct 19 23:24:31 openeuler kernel: cblist_init_generic: Setting shift to 2 and lim to 1.
Oct 19 23:24:31 openeuler kernel: cblist_init_generic: Setting shift to 2 and lim to 1.
Oct 19 23:24:31 openeuler kernel: riscv: ELF compat mode supported
Oct 19 23:24:31 openeuler kernel: ASID allocator using 16 bits (65536 entries)
Oct 19 23:24:31 openeuler kernel: rcu: Hierarchical SRCU implementation.
Oct 19 23:24:31 openeuler kernel: rcu:         Max phase no-delay instances is 1000.
Oct 19 23:24:31 openeuler kernel: EFI services will not be available.
Oct 19 23:24:31 openeuler kernel: smp: Bringing up secondary CPUs ...
Oct 19 23:24:31 openeuler kernel: smp: Brought up 1 node, 4 CPUs
Oct 19 23:24:31 openeuler kernel: devtmpfs: initialized
Oct 19 23:24:31 openeuler kernel: clocksource: jiffies: mask: 0xffffffff max_cycles: 0xffffffff, max_idle_ns: 7645041785100000 ns
Oct 19 23:24:31 openeuler kernel: futex hash table entries: 1024 (order: 4, 65536 bytes, linear)
Oct 19 23:24:31 openeuler kernel: pinctrl core: initialized pinctrl subsystem
Oct 19 23:24:31 openeuler kernel: NET: Registered PF_NETLINK/PF_ROUTE protocol family
Oct 19 23:24:31 openeuler kernel: DMA: preallocated 512 KiB GFP_KERNEL pool for atomic allocations
Oct 19 23:24:31 openeuler kernel: DMA: preallocated 512 KiB GFP_KERNEL|GFP_DMA32 pool for atomic allocations
Oct 19 23:24:31 openeuler kernel: audit: initializing netlink subsys (disabled)
Oct 19 23:24:31 openeuler kernel: audit: type=2000 audit(0.164:1): state=initialized audit_enabled=0 res=1
Oct 19 23:24:31 openeuler kernel: thermal_sys: Registered thermal governor 'fair_share'
Oct 19 23:24:31 openeuler kernel: thermal_sys: Registered thermal governor 'step_wise'
Oct 19 23:24:31 openeuler kernel: thermal_sys: Registered thermal governor 'user_space'
Oct 19 23:24:31 openeuler kernel: cpuidle: using governor menu
Oct 19 23:24:31 openeuler kernel: HugeTLB: registered 1.00 GiB page size, pre-allocated 0 pages
Oct 19 23:24:31 openeuler kernel: HugeTLB: 16380 KiB vmemmap can be freed for a 1.00 GiB page
Oct 19 23:24:31 openeuler kernel: HugeTLB: registered 2.00 MiB page size, pre-allocated 0 pages
Oct 19 23:24:31 openeuler kernel: HugeTLB: 28 KiB vmemmap can be freed for a 2.00 MiB page
Oct 19 23:24:31 openeuler kernel: iommu: Default domain type: Translated 
Oct 19 23:24:31 openeuler kernel: iommu: DMA domain TLB invalidation policy: strict mode 
Oct 19 23:24:31 openeuler kernel: SCSI subsystem initialized
Oct 19 23:24:31 openeuler kernel: libata version 3.00 loaded.
Oct 19 23:24:31 openeuler kernel: usbcore: registered new interface driver usbfs
Oct 19 23:24:31 openeuler kernel: usbcore: registered new interface driver hub
Oct 19 23:24:31 openeuler kernel: usbcore: registered new device driver usb
Oct 19 23:24:31 openeuler kernel: pps_core: LinuxPPS API ver. 1 registered
Oct 19 23:24:31 openeuler kernel: pps_core: Software ver. 5.3.6 - Copyright 2005-2007 Rodolfo Giometti <giometti@linux.it>
Oct 19 23:24:31 openeuler kernel: PTP clock support registered
Oct 19 23:24:31 openeuler kernel: EDAC MC: Ver: 3.0.0
Oct 19 23:24:31 openeuler kernel: NetLabel: Initializing
Oct 19 23:24:31 openeuler kernel: NetLabel:  domain hash size = 128
Oct 19 23:24:31 openeuler kernel: NetLabel:  protocols = UNLABELED CIPSOv4 CALIPSO
Oct 19 23:24:31 openeuler kernel: NetLabel:  unlabeled traffic allowed by default
Oct 19 23:24:31 openeuler kernel: vgaarb: loaded
Oct 19 23:24:31 openeuler kernel: clocksource: Switched to clocksource riscv_clocksource
Oct 19 23:24:31 openeuler kernel: VFS: Disk quotas dquot_6.6.0
Oct 19 23:24:31 openeuler kernel: VFS: Dquot-cache hash table entries: 512 (order 0, 4096 bytes)
Oct 19 23:24:31 openeuler kernel: AppArmor: AppArmor Filesystem Enabled
Oct 19 23:24:31 openeuler kernel: NET: Registered PF_INET protocol family
Oct 19 23:24:31 openeuler kernel: IP idents hash table entries: 65536 (order: 7, 524288 bytes, linear)
Oct 19 23:24:31 openeuler kernel: tcp_listen_portaddr_hash hash table entries: 2048 (order: 3, 32768 bytes, linear)
Oct 19 23:24:31 openeuler kernel: Table-perturb hash table entries: 65536 (order: 6, 262144 bytes, linear)
Oct 19 23:24:31 openeuler kernel: TCP established hash table entries: 32768 (order: 6, 262144 bytes, linear)
Oct 19 23:24:31 openeuler kernel: TCP bind hash table entries: 32768 (order: 8, 1048576 bytes, linear)
Oct 19 23:24:31 openeuler kernel: TCP: Hash tables configured (established 32768 bind 32768)
Oct 19 23:24:31 openeuler kernel: UDP hash table entries: 2048 (order: 4, 65536 bytes, linear)
Oct 19 23:24:31 openeuler kernel: UDP-Lite hash table entries: 2048 (order: 4, 65536 bytes, linear)
Oct 19 23:24:31 openeuler kernel: NET: Registered PF_UNIX/PF_LOCAL protocol family
Oct 19 23:24:31 openeuler kernel: RPC: Registered named UNIX socket transport module.
Oct 19 23:24:31 openeuler kernel: RPC: Registered udp transport module.
Oct 19 23:24:31 openeuler kernel: RPC: Registered tcp transport module.
Oct 19 23:24:31 openeuler kernel: RPC: Registered tcp NFSv4.1 backchannel transport module.
Oct 19 23:24:31 openeuler kernel: PCI: CLS 0 bytes, default 64
Oct 19 23:24:31 openeuler kernel: Initialise system trusted keyrings
Oct 19 23:24:31 openeuler kernel: Key type blacklist registered
Oct 19 23:24:31 openeuler kernel: workingset: timestamp_bits=39 max_order=20 bucket_order=0
Oct 19 23:24:31 openeuler kernel: zbud: loaded
Oct 19 23:24:31 openeuler kernel: NFS: Registering the id_resolver key type
Oct 19 23:24:31 openeuler kernel: Key type id_resolver registered
Oct 19 23:24:31 openeuler kernel: Key type id_legacy registered
Oct 19 23:24:31 openeuler kernel: nfs4filelayout_init: NFSv4 File Layout Driver Registering...
Oct 19 23:24:31 openeuler kernel: 9p: Installing v9fs 9p2000 file system support
Oct 19 23:24:31 openeuler kernel: integrity: Platform Keyring initialized
Oct 19 23:24:31 openeuler kernel: NET: Registered PF_ALG protocol family
Oct 19 23:24:31 openeuler kernel: Key type asymmetric registered
Oct 19 23:24:31 openeuler kernel: Asymmetric key parser 'x509' registered
Oct 19 23:24:31 openeuler kernel: Block layer SCSI generic (bsg) driver version 0.4 loaded (major 245)
Oct 19 23:24:31 openeuler kernel: io scheduler mq-deadline registered
Oct 19 23:24:31 openeuler kernel: io scheduler kyber registered
Oct 19 23:24:31 openeuler kernel: io scheduler bfq registered
Oct 19 23:24:31 openeuler kernel: shpchp: Standard Hot Plug PCI Controller Driver version: 0.4
Oct 19 23:24:31 openeuler kernel: pci-host-generic 30000000.pci: host bridge /soc/pci@30000000 ranges:
Oct 19 23:24:31 openeuler kernel: pci-host-generic 30000000.pci:       IO 0x0003000000..0x000300ffff -> 0x0000000000
Oct 19 23:24:31 openeuler kernel: pci-host-generic 30000000.pci:      MEM 0x0040000000..0x007fffffff -> 0x0040000000
Oct 19 23:24:31 openeuler kernel: pci-host-generic 30000000.pci:      MEM 0x0400000000..0x07ffffffff -> 0x0400000000
Oct 19 23:24:31 openeuler kernel: pci-host-generic 30000000.pci: Memory resource size exceeds max for 32 bits
Oct 19 23:24:31 openeuler kernel: pci-host-generic 30000000.pci: ECAM at [mem 0x30000000-0x3fffffff] for [bus 00-ff]
Oct 19 23:24:31 openeuler kernel: pci-host-generic 30000000.pci: PCI host bridge to bus 0000:00
Oct 19 23:24:31 openeuler kernel: pci_bus 0000:00: root bus resource [bus 00-ff]
Oct 19 23:24:31 openeuler kernel: pci_bus 0000:00: root bus resource [io  0x0000-0xffff]
Oct 19 23:24:31 openeuler kernel: pci_bus 0000:00: root bus resource [mem 0x40000000-0x7fffffff]
Oct 19 23:24:31 openeuler kernel: pci_bus 0000:00: root bus resource [mem 0x400000000-0x7ffffffff]
Oct 19 23:24:32 openeuler kernel: pci 0000:00:00.0: [1b36:0008] type 00 class 0x060000
Oct 19 23:24:32 openeuler kernel: pci 0000:00:01.0: [1b36:000d] type 00 class 0x0c0330
Oct 19 23:24:32 openeuler kernel: pci 0000:00:01.0: reg 0x10: [mem 0x40000000-0x40003fff 64bit]
Oct 19 23:24:32 openeuler kernel: pci 0000:00:02.0: [1af4:1000] type 00 class 0x020000
Oct 19 23:24:32 openeuler kernel: pci 0000:00:02.0: reg 0x10: [io  0x1000-0x101f]
Oct 19 23:24:32 openeuler kernel: pci 0000:00:02.0: reg 0x14: [mem 0x40004000-0x40004fff]
Oct 19 23:24:32 openeuler kernel: pci 0000:00:02.0: reg 0x20: [mem 0x40008000-0x4000bfff 64bit pref]
Oct 19 23:24:32 openeuler kernel: pci 0000:00:02.0: reg 0x30: [mem 0x40040000-0x4007ffff pref]
Oct 19 23:24:32 openeuler kernel: pci 0000:00:02.0: BAR 6: assigned [mem 0x40000000-0x4003ffff pref]
Oct 19 23:24:32 openeuler kernel: pci 0000:00:01.0: BAR 0: assigned [mem 0x400000000-0x400003fff 64bit]
Oct 19 23:24:32 openeuler kernel: pci 0000:00:02.0: BAR 4: assigned [mem 0x400004000-0x400007fff 64bit pref]
Oct 19 23:24:32 openeuler kernel: pci 0000:00:02.0: BAR 1: assigned [mem 0x40040000-0x40040fff]
Oct 19 23:24:32 openeuler kernel: pci 0000:00:02.0: BAR 0: assigned [io  0x0020-0x003f]
Oct 19 23:24:32 openeuler kernel: Serial: 8250/16550 driver, 4 ports, IRQ sharing enabled
Oct 19 23:24:32 openeuler kernel: printk: console [ttyS0] disabled
Oct 19 23:24:32 openeuler kernel: 10000000.serial: ttyS0 at MMIO 0x10000000 (irq = 13, base_baud = 230400) is a 16550A
Oct 19 23:24:32 openeuler kernel: printk: console [ttyS0] enabled
Oct 19 23:24:32 openeuler kernel: printk: bootconsole [ns16550a0] disabled
Oct 19 23:24:32 openeuler kernel: loop: module loaded
Oct 19 23:24:32 openeuler kernel: virtio_blk virtio1: 1/0/0 default/read/poll queues
Oct 19 23:24:32 openeuler kernel: virtio_blk virtio1: [vda] 33554432 512-byte logical blocks (17.2 GB/16.0 GiB)
Oct 19 23:24:32 openeuler kernel:  vda: vda1 vda2
Oct 19 23:24:32 openeuler kernel: rdac: device handler registered
Oct 19 23:24:32 openeuler kernel: hp_sw: device handler registered
Oct 19 23:24:32 openeuler kernel: emc: device handler registered
Oct 19 23:24:32 openeuler kernel: alua: device handler registered
Oct 19 23:24:32 openeuler kernel: e1000e: Intel(R) PRO/1000 Network Driver
Oct 19 23:24:32 openeuler kernel: e1000e: Copyright(c) 1999 - 2015 Intel Corporation.
Oct 19 23:24:32 openeuler kernel: xhci_hcd 0000:00:01.0: xHCI Host Controller
Oct 19 23:24:32 openeuler kernel: xhci_hcd 0000:00:01.0: new USB bus registered, assigned bus number 1
Oct 19 23:24:32 openeuler kernel: xhci_hcd 0000:00:01.0: hcc params 0x00087001 hci version 0x100 quirks 0x0000000000000010
Oct 19 23:24:32 openeuler kernel: xhci_hcd 0000:00:01.0: xHCI Host Controller
Oct 19 23:24:32 openeuler kernel: xhci_hcd 0000:00:01.0: new USB bus registered, assigned bus number 2
Oct 19 23:24:32 openeuler kernel: xhci_hcd 0000:00:01.0: Host supports USB 3.0 SuperSpeed
Oct 19 23:24:32 openeuler kernel: usb usb1: New USB device found, idVendor=1d6b, idProduct=0002, bcdDevice= 6.04
Oct 19 23:24:32 openeuler kernel: usb usb1: New USB device strings: Mfr=3, Product=2, SerialNumber=1
Oct 19 23:24:32 openeuler kernel: usb usb1: Product: xHCI Host Controller
Oct 19 23:24:32 openeuler kernel: usb usb1: Manufacturer: Linux 6.4.0-10.1.0.20.oe2309.riscv64 xhci-hcd
Oct 19 23:24:32 openeuler kernel: usb usb1: SerialNumber: 0000:00:01.0
Oct 19 23:24:32 openeuler kernel: hub 1-0:1.0: USB hub found
Oct 19 23:24:32 openeuler kernel: hub 1-0:1.0: 4 ports detected
Oct 19 23:24:32 openeuler kernel: usb usb2: We don't know the algorithms for LPM for this host, disabling LPM.
Oct 19 23:24:32 openeuler kernel: usb usb2: New USB device found, idVendor=1d6b, idProduct=0003, bcdDevice= 6.04
Oct 19 23:24:32 openeuler kernel: usb usb2: New USB device strings: Mfr=3, Product=2, SerialNumber=1
Oct 19 23:24:32 openeuler kernel: usb usb2: Product: xHCI Host Controller
Oct 19 23:24:32 openeuler kernel: usb usb2: Manufacturer: Linux 6.4.0-10.1.0.20.oe2309.riscv64 xhci-hcd
Oct 19 23:24:32 openeuler kernel: usb usb2: SerialNumber: 0000:00:01.0
Oct 19 23:24:32 openeuler kernel: hub 2-0:1.0: USB hub found
Oct 19 23:24:32 openeuler kernel: hub 2-0:1.0: 4 ports detected
Oct 19 23:24:32 openeuler kernel: usbcore: registered new interface driver uas
Oct 19 23:24:32 openeuler kernel: usbcore: registered new interface driver usb-storage
Oct 19 23:24:32 openeuler kernel: mousedev: PS/2 mouse device common for all mice
Oct 19 23:24:32 openeuler kernel: goldfish_rtc 101000.rtc: registered as rtc0
Oct 19 23:24:32 openeuler kernel: goldfish_rtc 101000.rtc: setting system clock to 2023-10-19T15:24:27 UTC (1697729067)
Oct 19 23:24:32 openeuler kernel: syscon-poweroff poweroff: pm_power_off already claimed for sbi_srst_power_off
Oct 19 23:24:32 openeuler kernel: syscon-poweroff: probe of poweroff failed with error -16
Oct 19 23:24:32 openeuler kernel: sdhci: Secure Digital Host Controller Interface driver
Oct 19 23:24:32 openeuler kernel: sdhci: Copyright(c) Pierre Ossman
Oct 19 23:24:32 openeuler kernel: sdhci-pltfm: SDHCI platform and OF driver helper
Oct 19 23:24:32 openeuler kernel: hid: raw HID events driver (C) Jiri Kosina
Oct 19 23:24:32 openeuler kernel: usbcore: registered new interface driver usbhid
Oct 19 23:24:32 openeuler kernel: usbhid: USB HID core driver
Oct 19 23:24:32 openeuler kernel: riscv-pmu-sbi: SBI PMU extension is available
Oct 19 23:24:32 openeuler kernel: riscv-pmu-sbi: 16 firmware and 18 hardware counters
Oct 19 23:24:32 openeuler kernel: riscv-pmu-sbi: Perf sampling/filtering is not supported as sscof extension is not available
Oct 19 23:24:32 openeuler kernel: NET: Registered PF_INET6 protocol family
Oct 19 23:24:32 openeuler kernel: Segment Routing with IPv6
Oct 19 23:24:32 openeuler kernel: In-situ OAM (IOAM) with IPv6
Oct 19 23:24:32 openeuler kernel: NET: Registered PF_PACKET protocol family
Oct 19 23:24:32 openeuler kernel: 9pnet: Installing 9P2000 support
Oct 19 23:24:32 openeuler kernel: Key type dns_resolver registered
Oct 19 23:24:32 openeuler kernel: registered taskstats version 1
Oct 19 23:24:32 openeuler kernel: Loading compiled-in X.509 certificates
Oct 19 23:24:32 openeuler kernel: Loaded X.509 cert 'Build time autogenerated kernel key: f3552848e98f6683260e8d968e466f8236285f5e'
Oct 19 23:24:32 openeuler kernel: kmemleak: Kernel memory leak detector initialized (mem pool available: 15722)
Oct 19 23:24:32 openeuler kernel: kmemleak: Automatic memory scanning thread started
Oct 19 23:24:32 openeuler kernel: Key type encrypted registered
Oct 19 23:24:32 openeuler kernel: AppArmor: AppArmor sha1 policy hashing enabled
Oct 19 23:24:32 openeuler kernel: ima: No TPM chip found, activating TPM-bypass!
Oct 19 23:24:32 openeuler kernel: ima: Allocated hash algorithm: sha256
Oct 19 23:24:32 openeuler kernel: ima: No architecture policies found
Oct 19 23:24:32 openeuler kernel: usb 1-1: new high-speed USB device number 2 using xhci_hcd
Oct 19 23:24:32 openeuler kernel: evm: Initialising EVM extended attributes:
Oct 19 23:24:32 openeuler kernel: evm: security.selinux
Oct 19 23:24:32 openeuler kernel: evm: security.SMACK64 (disabled)
Oct 19 23:24:32 openeuler kernel: evm: security.SMACK64EXEC (disabled)
Oct 19 23:24:32 openeuler kernel: evm: security.SMACK64TRANSMUTE (disabled)
Oct 19 23:24:32 openeuler kernel: evm: security.SMACK64MMAP (disabled)
Oct 19 23:24:32 openeuler kernel: evm: security.apparmor
Oct 19 23:24:32 openeuler kernel: evm: security.ima
Oct 19 23:24:32 openeuler kernel: evm: security.capability
Oct 19 23:24:32 openeuler kernel: evm: HMAC attrs: 0x1
Oct 19 23:24:32 openeuler kernel: usb 1-1: New USB device found, idVendor=0627, idProduct=0001, bcdDevice= 0.00
Oct 19 23:24:32 openeuler kernel: usb 1-1: New USB device strings: Mfr=1, Product=4, SerialNumber=11
Oct 19 23:24:32 openeuler kernel: usb 1-1: Product: QEMU USB Keyboard
Oct 19 23:24:32 openeuler kernel: usb 1-1: Manufacturer: QEMU
Oct 19 23:24:32 openeuler kernel: usb 1-1: SerialNumber: 68284-0000:00:01.0-1
Oct 19 23:24:32 openeuler kernel: input: QEMU QEMU USB Keyboard as /devices/platform/soc/30000000.pci/pci0000:00/0000:00:01.0/usb1/1-1/1-1:1.0/0003:0627:0001.0001/input/input0
Oct 19 23:24:32 openeuler kernel: hid-generic 0003:0627:0001.0001: input,hidraw0: USB HID v1.11 Keyboard [QEMU QEMU USB Keyboard] on usb-0000:00:01.0-1/input0
Oct 19 23:24:32 openeuler kernel: usb 1-2: new high-speed USB device number 3 using xhci_hcd
Oct 19 23:24:32 openeuler kernel: clk: Disabling unused clocks
Oct 19 23:24:32 openeuler kernel: md: Waiting for all devices to be available before autodetect
Oct 19 23:24:32 openeuler kernel: md: If you don't use raid, use raid=noautodetect
Oct 19 23:24:32 openeuler kernel: md: Autodetecting RAID arrays.
Oct 19 23:24:32 openeuler kernel: md: autorun ...
Oct 19 23:24:32 openeuler kernel: md: ... autorun DONE.
Oct 19 23:24:32 openeuler kernel: usb 1-2: New USB device found, idVendor=0627, idProduct=0001, bcdDevice= 0.00
Oct 19 23:24:32 openeuler kernel: usb 1-2: New USB device strings: Mfr=1, Product=3, SerialNumber=10
Oct 19 23:24:32 openeuler kernel: usb 1-2: Product: QEMU USB Tablet
Oct 19 23:24:32 openeuler kernel: usb 1-2: Manufacturer: QEMU
Oct 19 23:24:32 openeuler kernel: usb 1-2: SerialNumber: 28754-0000:00:01.0-2
Oct 19 23:24:32 openeuler kernel: input: QEMU QEMU USB Tablet as /devices/platform/soc/30000000.pci/pci0000:00/0000:00:01.0/usb1/1-2/1-2:1.0/0003:0627:0001.0002/input/input1
Oct 19 23:24:32 openeuler kernel: hid-generic 0003:0627:0001.0002: input,hidraw1: USB HID v0.01 Mouse [QEMU QEMU USB Tablet] on usb-0000:00:01.0-2/input0
Oct 19 23:24:32 openeuler kernel: EXT4-fs (vda2): mounted filesystem 7d0aa4b2-3ab1-458f-8299-b7f0e7b77b16 r/w with ordered data mode. Quota mode: none.
Oct 19 23:24:32 openeuler kernel: VFS: Mounted root (ext4 filesystem) on device 253:2.
Oct 19 23:24:32 openeuler kernel: devtmpfs: mounted
Oct 19 23:24:32 openeuler kernel: integrity: Unable to open file: /etc/keys/x509_ima.der (-2)
Oct 19 23:24:32 openeuler kernel: integrity: Unable to open file: /etc/keys/x509_evm.der (-2)
Oct 19 23:24:32 openeuler kernel: Freeing unused kernel image (initmem) memory: 2684K
Oct 19 23:24:32 openeuler kernel: Run /sbin/init as init process
Oct 19 23:24:32 openeuler kernel:   with arguments:
Oct 19 23:24:32 openeuler kernel:     /sbin/init
Oct 19 23:24:32 openeuler kernel:   with environment:
Oct 19 23:24:32 openeuler kernel:     HOME=/
Oct 19 23:24:32 openeuler kernel:     TERM=linux
Oct 19 23:24:32 openeuler kernel: usb 1-3: new full-speed USB device number 4 using xhci_hcd
Oct 19 23:24:32 openeuler kernel: usb 1-3: New USB device found, idVendor=46f4, idProduct=0002, bcdDevice= 0.00
Oct 19 23:24:32 openeuler kernel: usb 1-3: New USB device strings: Mfr=1, Product=2, SerialNumber=3
Oct 19 23:24:32 openeuler kernel: usb 1-3: Product: QEMU USB Audio
Oct 19 23:24:32 openeuler kernel: usb 1-3: Manufacturer: QEMU
Oct 19 23:24:32 openeuler kernel: usb 1-3: SerialNumber: 1-0000:00:01.0-3
Oct 19 23:24:32 openeuler systemd[1]: systemd v253-5.oe2309 running in system mode (+PAM +AUDIT +SELINUX -APPARMOR +IMA -SMACK +SECCOMP +GCRYPT +GNUTLS -OPENSSL +ACL +BLKID -CURL -ELFUTILS -FIDO2 +IDN2 -IDN -IPTC +KMOD -LIBCRYPTSETUP +LIBFDISK +PCRE2 -PWQUALITY +P11KIT -QRENCODE -TPM2 +BZIP2 +LZ4 +XZ +ZLIB -ZSTD -BPF_FRAMEWORK +XKBCOMMON +UTMP +SYSVINIT default-hierarchy=legacy)
Oct 19 23:24:32 openeuler systemd[1]: Detected architecture riscv64.
Oct 19 23:24:32 openeuler systemd[1]: Hostname set to <openeuler>.
Oct 19 23:24:32 openeuler systemd[1]: /usr/lib/systemd/system/dbus.socket:5: ListenStream= references a path below legacy directory /var/run/, updating /var/run/dbus/system_bus_socket → /run/dbus/system_bus_socket; please update the unit file accordingly.
Oct 19 23:24:32 openeuler systemd[1]: Queued start job for default target Graphical Interface.
Oct 19 23:24:32 openeuler systemd[1]: Created slice Slice /system/getty.
Oct 19 23:24:32 openeuler systemd[1]: Created slice Slice /system/modprobe.
Oct 19 23:24:32 openeuler systemd[1]: Created slice Slice /system/serial-getty.
Oct 19 23:24:32 openeuler systemd[1]: Created slice Slice /system/sshd-keygen.
Oct 19 23:24:32 openeuler systemd[1]: Created slice User and Session Slice.
Oct 19 23:24:32 openeuler systemd[1]: Started Forward Password Requests to Wall Directory Watch.
Oct 19 23:24:32 openeuler systemd[1]: Set up automount Arbitrary Executable File Formats File System Automount Point.
Oct 19 23:24:32 openeuler systemd[1]: Reached target Slice Units.
Oct 19 23:24:32 openeuler systemd[1]: Reached target Swaps.
Oct 19 23:24:32 openeuler systemd[1]: Listening on Device-mapper event daemon FIFOs.
Oct 19 23:24:32 openeuler systemd[1]: Listening on LVM2 poll daemon socket.
Oct 19 23:24:32 openeuler systemd[1]: Listening on RPCbind Server Activation Socket.
Oct 19 23:24:32 openeuler systemd[1]: Reached target RPC Port Mapper.
Oct 19 23:24:32 openeuler systemd[1]: Listening on Process Core Dump Socket.
Oct 19 23:24:32 openeuler systemd[1]: Listening on initctl Compatibility Named Pipe.
Oct 19 23:24:32 openeuler systemd[1]: Listening on Journal Socket (/dev/log).
Oct 19 23:24:32 openeuler systemd[1]: Listening on Journal Socket.
Oct 19 23:24:32 openeuler systemd[1]: Listening on udev Control Socket.
Oct 19 23:24:32 openeuler systemd[1]: Listening on udev Kernel Socket.
Oct 19 23:24:32 openeuler systemd[1]: Mounting Huge Pages File System...
Oct 19 23:24:32 openeuler systemd[1]: Mounting POSIX Message Queue File System...
Oct 19 23:24:32 openeuler systemd[1]: Mounting Kernel Debug File System...
Oct 19 23:24:32 openeuler systemd[1]: Mounting Kernel Trace File System...
Oct 19 23:24:32 openeuler systemd[1]: Mounting Temporary Directory /tmp...
Oct 19 23:24:32 openeuler systemd[1]: Kernel Module supporting RPCSEC_GSS was skipped because of an unmet condition check (ConditionPathExists=/etc/krb5.keytab).
Oct 19 23:24:32 openeuler systemd[1]: Starting Create List of Static Device Nodes...
Oct 19 23:24:32 openeuler systemd[1]: Starting Monitoring of LVM2 mirrors, snapshots etc. using dmeventd or progress polling...
Oct 19 23:24:32 openeuler systemd[1]: Starting Load Kernel Module configfs...
Oct 19 23:24:32 openeuler systemd[1]: Starting Load Kernel Module drm...
Oct 19 23:24:32 openeuler systemd[1]: Starting Load Kernel Module fuse...
Oct 19 23:24:32 openeuler systemd[1]: systemd-journald.service: unit configures an IP firewall, but the local system does not support BPF/cgroup firewalling.
Oct 19 23:24:32 openeuler systemd[1]: (This warning is only shown for the first unit using IP firewalling.)
Oct 19 23:24:32 openeuler systemd[1]: Starting Journal Service...
Oct 19 23:24:32 openeuler systemd[1]: Load Kernel Modules was skipped because no trigger condition checks were met.
Oct 19 23:24:32 openeuler systemd[1]: Starting Generate network units from Kernel command line...
Oct 19 23:24:32 openeuler systemd-journald[182]: Collecting audit messages is disabled.
Oct 19 23:24:32 openeuler systemd[1]: Starting Remount Root and Kernel File Systems...
Oct 19 23:24:32 openeuler systemd[1]: Starting Apply Kernel Variables...
Oct 19 23:24:32 openeuler systemd[1]: Starting Coldplug All udev Devices...
Oct 19 23:24:32 openeuler systemd[1]: Starting Setup Virtual Console...
Oct 19 23:24:32 openeuler systemd[1]: Mounted Huge Pages File System.
Oct 19 23:24:32 openeuler systemd[1]: Mounted POSIX Message Queue File System.
Oct 19 23:24:32 openeuler systemd[1]: Mounted Kernel Debug File System.
Oct 19 23:24:32 openeuler systemd[1]: Mounted Kernel Trace File System.
Oct 19 23:24:32 openeuler systemd[1]: Mounted Temporary Directory /tmp.
Oct 19 23:24:32 openeuler systemd[1]: Finished Create List of Static Device Nodes.
Oct 19 23:24:32 openeuler systemd[1]: Finished Monitoring of LVM2 mirrors, snapshots etc. using dmeventd or progress polling.
Oct 19 23:24:32 openeuler kernel: fuse: init (API version 7.38)
Oct 19 23:24:32 openeuler systemd[1]: modprobe@configfs.service: Deactivated successfully.
Oct 19 23:24:32 openeuler systemd[1]: Finished Load Kernel Module configfs.
Oct 19 23:24:32 openeuler kernel: EXT4-fs (vda2): re-mounted 7d0aa4b2-3ab1-458f-8299-b7f0e7b77b16 r/w. Quota mode: none.
Oct 19 23:24:32 openeuler systemd[1]: modprobe@fuse.service: Deactivated successfully.
Oct 19 23:24:32 openeuler systemd[1]: Finished Load Kernel Module fuse.
Oct 19 23:24:32 openeuler systemd[1]: Finished Generate network units from Kernel command line.
Oct 19 23:24:32 openeuler systemd[1]: Finished Remount Root and Kernel File Systems.
Oct 19 23:24:32 openeuler systemd[1]: Finished Apply Kernel Variables.
Oct 19 23:24:32 openeuler systemd[1]: Finished Setup Virtual Console.
Oct 19 23:24:32 openeuler systemd[1]: Mounting FUSE Control File System...
Oct 19 23:24:32 openeuler systemd[1]: Mounting Kernel Configuration File System...
Oct 19 23:24:32 openeuler systemd[1]: Rebuild Hardware Database was skipped because of an unmet condition check (ConditionNeedsUpdate=/etc).
Oct 19 23:24:32 openeuler systemd[1]: Starting Load/Save OS Random Seed...
Oct 19 23:24:32 openeuler systemd[1]: Create System Users was skipped because no trigger condition checks were met.
Oct 19 23:24:32 openeuler systemd-journald[182]: Journal started
░░ Subject: The journal has been started
░░ Defined-By: systemd
░░ Support: https://lists.freedesktop.org/mailman/listinfo/systemd-devel
░░ 
░░ The system journal process has started up, opened the journal
░░ files for writing and is now ready to process requests.
Oct 19 23:24:32 openeuler systemd-journald[182]: Runtime Journal (/run/log/journal/6e37af0bdae444699af81731a834f3e3) is 8.0M, max 78.1M, 70.1M free.
░░ Subject: Disk space used by the journal
░░ Defined-By: systemd
░░ Support: https://lists.freedesktop.org/mailman/listinfo/systemd-devel
░░ 
░░ Runtime Journal (/run/log/journal/6e37af0bdae444699af81731a834f3e3) is currently using 8.0M.
░░ Maximum allowed usage is set to 78.1M.
░░ Leaving at least 39.0M free (of currently available 773.3M of disk space).
░░ Enforced usage limit is thus 78.1M, of which 70.1M are still available.
░░ 
░░ The limits controlling how much disk space is used by the journal may
░░ be configured with SystemMaxUse=, SystemKeepFree=, SystemMaxFileSize=,
░░ RuntimeMaxUse=, RuntimeKeepFree=, RuntimeMaxFileSize= settings in
░░ /etc/systemd/journald.conf. See journald.conf(5) for details.
Oct 19 23:24:32 openeuler systemd[1]: Starting Create Static Device Nodes in /dev...
Oct 19 23:24:32 openeuler systemd-vconsole-setup[190]: Failed to import credentials, ignoring: No such file or directory
Oct 19 23:24:32 openeuler systemd[1]: Started Journal Service.
Oct 19 23:24:32 openeuler systemd[1]: Mounted FUSE Control File System.
░░ Subject: A start job for unit sys-fs-fuse-connections.mount has finished successfully
░░ Defined-By: systemd
░░ Support: https://lists.freedesktop.org/mailman/listinfo/systemd-devel
░░ 
░░ A start job for unit sys-fs-fuse-connections.mount has finished successfully.
░░ 
░░ The job identifier is 13.
Oct 19 23:24:32 openeuler systemd[1]: Mounted Kernel Configuration File System.
░░ Subject: A start job for unit sys-kernel-config.mount has finished successfully
░░ Defined-By: systemd
░░ Support: https://lists.freedesktop.org/mailman/listinfo/systemd-devel
░░ 
░░ A start job for unit sys-kernel-config.mount has finished successfully.
░░ 
░░ The job identifier is 51.
Oct 19 23:24:32 openeuler systemd[1]: Starting Flush Journal to Persistent Storage...
░░ Subject: A start job for unit systemd-journal-flush.service has begun execution
░░ Defined-By: systemd
░░ Support: https://lists.freedesktop.org/mailman/listinfo/systemd-devel
░░ 
░░ A start job for unit systemd-journal-flush.service has begun execution.
░░ 
░░ The job identifier is 18.
Oct 19 23:24:32 openeuler systemd[1]: modprobe@drm.service: Deactivated successfully.
░░ Subject: Unit succeeded
░░ Defined-By: systemd
░░ Support: https://lists.freedesktop.org/mailman/listinfo/systemd-devel
░░ 
░░ The unit modprobe@drm.service has successfully entered the 'dead' state.
Oct 19 23:24:32 openeuler systemd[1]: Finished Load Kernel Module drm.
░░ Subject: A start job for unit modprobe@drm.service has finished successfully
░░ Defined-By: systemd
░░ Support: https://lists.freedesktop.org/mailman/listinfo/systemd-devel
░░ 
░░ A start job for unit modprobe@drm.service has finished successfully.
░░ 
░░ The job identifier is 139.
Oct 19 23:24:32 openeuler systemd[1]: Finished Load/Save OS Random Seed.
░░ Subject: A start job for unit systemd-random-seed.service has finished successfully
░░ Defined-By: systemd
░░ Support: https://lists.freedesktop.org/mailman/listinfo/systemd-devel
░░ 
░░ A start job for unit systemd-random-seed.service has finished successfully.
░░ 
░░ The job identifier is 45.
Oct 19 23:24:32 openeuler systemd[1]: First Boot Complete was skipped because of an unmet condition check (ConditionFirstBoot=yes).
░░ Subject: A start job for unit first-boot-complete.target has finished successfully
░░ Defined-By: systemd
░░ Support: https://lists.freedesktop.org/mailman/listinfo/systemd-devel
░░ 
░░ A start job for unit first-boot-complete.target has finished successfully.
░░ 
░░ The job identifier is 46.
Oct 19 23:24:32 openeuler systemd-tmpfiles[208]: /usr/lib/tmpfiles.d/dbus.conf:13: Line references path below legacy directory /var/run/, updating /var/run/dbus/containers → /run/dbus/containers; please update the tmpfiles.d/ drop-in file accordingly.
Oct 19 23:24:33 openeuler systemd-journald[182]: Runtime Journal (/run/log/journal/6e37af0bdae444699af81731a834f3e3) is 8.0M, max 78.1M, 70.1M free.
░░ Subject: Disk space used by the journal
░░ Defined-By: systemd
░░ Support: https://lists.freedesktop.org/mailman/listinfo/systemd-devel
░░ 
░░ Runtime Journal (/run/log/journal/6e37af0bdae444699af81731a834f3e3) is currently using 8.0M.
░░ Maximum allowed usage is set to 78.1M.
░░ Leaving at least 39.0M free (of currently available 773.3M of disk space).
░░ Enforced usage limit is thus 78.1M, of which 70.1M are still available.
░░ 
░░ The limits controlling how much disk space is used by the journal may
░░ be configured with SystemMaxUse=, SystemKeepFree=, SystemMaxFileSize=,
░░ RuntimeMaxUse=, RuntimeKeepFree=, RuntimeMaxFileSize= settings in
░░ /etc/systemd/journald.conf. See journald.conf(5) for details.
Oct 19 23:24:33 openeuler systemd-journald[182]: Received client request to flush runtime journal.
Oct 19 23:24:33 openeuler systemd[1]: Finished Flush Journal to Persistent Storage.
░░ Subject: A start job for unit systemd-journal-flush.service has finished successfully
░░ Defined-By: systemd
░░ Support: https://lists.freedesktop.org/mailman/listinfo/systemd-devel
░░ 
░░ A start job for unit systemd-journal-flush.service has finished successfully.
░░ 
░░ The job identifier is 18.
Oct 19 23:24:33 openeuler systemd[1]: Finished Create Static Device Nodes in /dev.
░░ Subject: A start job for unit systemd-tmpfiles-setup-dev.service has finished successfully
░░ Defined-By: systemd
░░ Support: https://lists.freedesktop.org/mailman/listinfo/systemd-devel
░░ 
░░ A start job for unit systemd-tmpfiles-setup-dev.service has finished successfully.
░░ 
░░ The job identifier is 33.
Oct 19 23:24:33 openeuler systemd[1]: Reached target Preparation for Local File Systems.
░░ Subject: A start job for unit local-fs-pre.target has finished successfully
░░ Defined-By: systemd
░░ Support: https://lists.freedesktop.org/mailman/listinfo/systemd-devel
░░ 
░░ A start job for unit local-fs-pre.target has finished successfully.
░░ 
░░ The job identifier is 27.
Oct 19 23:24:33 openeuler systemd[1]: Starting Rule-based Manager for Device Events and Files...
░░ Subject: A start job for unit systemd-udevd.service has begun execution
░░ Defined-By: systemd
░░ Support: https://lists.freedesktop.org/mailman/listinfo/systemd-devel
░░ 
░░ A start job for unit systemd-udevd.service has begun execution.
░░ 
░░ The job identifier is 35.
Oct 19 23:24:33 openeuler systemd-udevd[218]: Using default interface naming scheme 'v253'.
Oct 19 23:24:33 openeuler systemd[1]: Finished Coldplug All udev Devices.
░░ Subject: A start job for unit systemd-udev-trigger.service has finished successfully
░░ Defined-By: systemd
░░ Support: https://lists.freedesktop.org/mailman/listinfo/systemd-devel
░░ 
░░ A start job for unit systemd-udev-trigger.service has finished successfully.
░░ 
░░ The job identifier is 34.
Oct 19 23:24:33 openeuler systemd[1]: Started Rule-based Manager for Device Events and Files.
░░ Subject: A start job for unit systemd-udevd.service has finished successfully
░░ Defined-By: systemd
░░ Support: https://lists.freedesktop.org/mailman/listinfo/systemd-devel
░░ 
░░ A start job for unit systemd-udevd.service has finished successfully.
░░ 
░░ The job identifier is 35.
Oct 19 23:24:33 openeuler systemd[1]: Starting Show Plymouth Boot Screen...
░░ Subject: A start job for unit plymouth-start.service has begun execution
░░ Defined-By: systemd
░░ Support: https://lists.freedesktop.org/mailman/listinfo/systemd-devel
░░ 
░░ A start job for unit plymouth-start.service has begun execution.
░░ 
░░ The job identifier is 57.
Oct 19 23:24:33 openeuler systemd[1]: Received SIGRTMIN+20 from PID 232 (plymouthd).
Oct 19 23:24:34 openeuler systemd[1]: Started Show Plymouth Boot Screen.
░░ Subject: A start job for unit plymouth-start.service has finished successfully
░░ Defined-By: systemd
░░ Support: https://lists.freedesktop.org/mailman/listinfo/systemd-devel
░░ 
░░ A start job for unit plymouth-start.service has finished successfully.
░░ 
░░ The job identifier is 57.
Oct 19 23:24:34 openeuler systemd[1]: Dispatch Password Requests to Console Directory Watch was skipped because of an unmet condition check (ConditionPathExists=!/run/plymouth/pid).
░░ Subject: A start job for unit systemd-ask-password-console.path has finished successfully
░░ Defined-By: systemd
░░ Support: https://lists.freedesktop.org/mailman/listinfo/systemd-devel
░░ 
░░ A start job for unit systemd-ask-password-console.path has finished successfully.
░░ 
░░ The job identifier is 9.
Oct 19 23:24:34 openeuler systemd[1]: Started Forward Password Requests to Plymouth Directory Watch.
░░ Subject: A start job for unit systemd-ask-password-plymouth.path has finished successfully
░░ Defined-By: systemd
░░ Support: https://lists.freedesktop.org/mailman/listinfo/systemd-devel
░░ 
░░ A start job for unit systemd-ask-password-plymouth.path has finished successfully.
░░ 
░░ The job identifier is 59.
Oct 19 23:24:34 openeuler systemd[1]: Reached target Path Units.
░░ Subject: A start job for unit paths.target has finished successfully
░░ Defined-By: systemd
░░ Support: https://lists.freedesktop.org/mailman/listinfo/systemd-devel
░░ 
░░ A start job for unit paths.target has finished successfully.
░░ 
░░ The job identifier is 73.
Oct 19 23:24:34 openeuler systemd[1]: Found device /dev/ttyS0.
░░ Subject: A start job for unit dev-ttyS0.device has finished successfully
░░ Defined-By: systemd
░░ Support: https://lists.freedesktop.org/mailman/listinfo/systemd-devel
░░ 
░░ A start job for unit dev-ttyS0.device has finished successfully.
░░ 
░░ The job identifier is 125.
Oct 19 23:24:34 openeuler systemd[1]: Found device /dev/disk/by-partuuid/49725435-4ed5-4ec1-934a-12a4d12722f9.
░░ Subject: A start job for unit dev-disk-by\x2dpartuuid-49725435\x2d4ed5\x2d4ec1\x2d934a\x2d12a4d12722f9.device has finished successfully
░░ Defined-By: systemd
░░ Support: https://lists.freedesktop.org/mailman/listinfo/systemd-devel
░░ 
░░ A start job for unit dev-disk-by\x2dpartuuid-49725435\x2d4ed5\x2d4ec1\x2d934a\x2d12a4d12722f9.device has finished successfully.
░░ 
░░ The job identifier is 24.
Oct 19 23:24:34 openeuler systemd[1]: Mounting /boot...
░░ Subject: A start job for unit boot.mount has begun execution
░░ Defined-By: systemd
░░ Support: https://lists.freedesktop.org/mailman/listinfo/systemd-devel
░░ 
░░ A start job for unit boot.mount has begun execution.
░░ 
░░ The job identifier is 23.
Oct 19 23:24:35 openeuler systemd[1]: Mounted /boot.
░░ Subject: A start job for unit boot.mount has finished successfully
░░ Defined-By: systemd
░░ Support: https://lists.freedesktop.org/mailman/listinfo/systemd-devel
░░ 
░░ A start job for unit boot.mount has finished successfully.
░░ 
░░ The job identifier is 23.
Oct 19 23:24:35 openeuler systemd[1]: Reached target Local File Systems.
░░ Subject: A start job for unit local-fs.target has finished successfully
░░ Defined-By: systemd
░░ Support: https://lists.freedesktop.org/mailman/listinfo/systemd-devel
░░ 
░░ A start job for unit local-fs.target has finished successfully.
░░ 
░░ The job identifier is 22.
Oct 19 23:24:35 openeuler systemd[1]: Rebuild Dynamic Linker Cache was skipped because no trigger condition checks were met.
░░ Subject: A start job for unit ldconfig.service has finished successfully
░░ Defined-By: systemd
░░ Support: https://lists.freedesktop.org/mailman/listinfo/systemd-devel
░░ 
░░ A start job for unit ldconfig.service has finished successfully.
░░ 
░░ The job identifier is 39.
Oct 19 23:24:35 openeuler kernel: virtio_net virtio2 enp0s2: renamed from eth0
Oct 19 23:24:35 openeuler systemd[1]: Starting Tell Plymouth To Write Out Runtime Data...
░░ Subject: A start job for unit plymouth-read-write.service has begun execution
░░ Defined-By: systemd
░░ Support: https://lists.freedesktop.org/mailman/listinfo/systemd-devel
░░ 
░░ A start job for unit plymouth-read-write.service has begun execution.
░░ 
░░ The job identifier is 49.
Oct 19 23:24:35 openeuler systemd[1]: Set Up Additional Binary Formats was skipped because no trigger condition checks were met.
░░ Subject: A start job for unit systemd-binfmt.service has finished successfully
░░ Defined-By: systemd
░░ Support: https://lists.freedesktop.org/mailman/listinfo/systemd-devel
░░ 
░░ A start job for unit systemd-binfmt.service has finished successfully.
░░ 
░░ The job identifier is 65.
Oct 19 23:24:35 openeuler systemd[1]: Commit a transient machine-id on disk was skipped because of an unmet condition check (ConditionPathIsMountPoint=/etc/machine-id).
░░ Subject: A start job for unit systemd-machine-id-commit.service has finished successfully
░░ Defined-By: systemd
░░ Support: https://lists.freedesktop.org/mailman/listinfo/systemd-devel
░░ 
░░ A start job for unit systemd-machine-id-commit.service has finished successfully.
░░ 
░░ The job identifier is 41.
Oct 19 23:24:35 openeuler (udev-worker)[249]: enp0s2: Network interface 2 is renamed from 'eth0' to 'enp0s2'
Oct 19 23:24:35 openeuler systemd[1]: Starting Create Volatile Files and Directories...
░░ Subject: A start job for unit systemd-tmpfiles-setup.service has begun execution
░░ Defined-By: systemd
░░ Support: https://lists.freedesktop.org/mailman/listinfo/systemd-devel
░░ 
░░ A start job for unit systemd-tmpfiles-setup.service has begun execution.
░░ 
░░ The job identifier is 64.
Oct 19 23:24:35 openeuler systemd[1]: Finished Tell Plymouth To Write Out Runtime Data.
░░ Subject: A start job for unit plymouth-read-write.service has finished successfully
░░ Defined-By: systemd
░░ Support: https://lists.freedesktop.org/mailman/listinfo/systemd-devel
░░ 
░░ A start job for unit plymouth-read-write.service has finished successfully.
░░ 
░░ The job identifier is 49.
Oct 19 23:24:35 openeuler systemd[1]: Received SIGRTMIN+20 from PID 232 (plymouthd).
Oct 19 23:24:35 openeuler systemd-tmpfiles[257]: /usr/lib/tmpfiles.d/dbus.conf:13: Line references path below legacy directory /var/run/, updating /var/run/dbus/containers → /run/dbus/containers; please update the tmpfiles.d/ drop-in file accordingly.
Oct 19 23:24:35 openeuler kernel: physmap-flash 20000000.flash: physmap platform flash device: [mem 0x20000000-0x21ffffff]
Oct 19 23:24:35 openeuler systemd[1]: Finished Create Volatile Files and Directories.
░░ Subject: A start job for unit systemd-tmpfiles-setup.service has finished successfully
░░ Defined-By: systemd
░░ Support: https://lists.freedesktop.org/mailman/listinfo/systemd-devel
░░ 
░░ A start job for unit systemd-tmpfiles-setup.service has finished successfully.
░░ 
░░ The job identifier is 64.
Oct 19 23:24:35 openeuler systemd[1]: Mounting RPC Pipe File System...
░░ Subject: A start job for unit var-lib-nfs-rpc_pipefs.mount has begun execution
░░ Defined-By: systemd
░░ Support: https://lists.freedesktop.org/mailman/listinfo/systemd-devel
░░ 
░░ A start job for unit var-lib-nfs-rpc_pipefs.mount has begun execution.
░░ 
░░ The job identifier is 88.
Oct 19 23:24:35 openeuler systemd[1]: Starting Security Auditing Service...
░░ Subject: A start job for unit auditd.service has begun execution
░░ Defined-By: systemd
░░ Support: https://lists.freedesktop.org/mailman/listinfo/systemd-devel
░░ 
░░ A start job for unit auditd.service has begun execution.
░░ 
░░ The job identifier is 114.
Oct 19 23:24:35 openeuler systemd[1]: Starting MD array monitor...
░░ Subject: A start job for unit mdmonitor.service has begun execution
░░ Defined-By: systemd
░░ Support: https://lists.freedesktop.org/mailman/listinfo/systemd-devel
░░ 
░░ A start job for unit mdmonitor.service has begun execution.
░░ 
░░ The job identifier is 130.
Oct 19 23:24:35 openeuler systemd[1]: Starting RPC Bind...
░░ Subject: A start job for unit rpcbind.service has begun execution
░░ Defined-By: systemd
░░ Support: https://lists.freedesktop.org/mailman/listinfo/systemd-devel
░░ 
░░ A start job for unit rpcbind.service has begun execution.
░░ 
░░ The job identifier is 111.
Oct 19 23:24:35 openeuler kernel: 20000000.flash: Found 2 x16 devices at 0x0 in 32-bit bank. Manufacturer ID 0x000000 Chip ID 0x000000
Oct 19 23:24:35 openeuler systemd[1]: Rebuild Journal Catalog was skipped because of an unmet condition check (ConditionNeedsUpdate=/var).
░░ Subject: A start job for unit systemd-journal-catalog-update.service has finished successfully
░░ Defined-By: systemd
░░ Support: https://lists.freedesktop.org/mailman/listinfo/systemd-devel
░░ 
░░ A start job for unit systemd-journal-catalog-update.service has finished successfully.
░░ 
░░ The job identifier is 40.
Oct 19 23:24:35 openeuler systemd[1]: Update is Completed was skipped because no trigger condition checks were met.
░░ Subject: A start job for unit systemd-update-done.service has finished successfully
░░ Defined-By: systemd
░░ Support: https://lists.freedesktop.org/mailman/listinfo/systemd-devel
░░ 
░░ A start job for unit systemd-update-done.service has finished successfully.
░░ 
░░ The job identifier is 43.
Oct 19 23:24:35 openeuler kernel: mc: Linux media interface: v0.10
Oct 19 23:24:35 openeuler systemd[1]: Mounted RPC Pipe File System.
░░ Subject: A start job for unit var-lib-nfs-rpc_pipefs.mount has finished successfully
░░ Defined-By: systemd
░░ Support: https://lists.freedesktop.org/mailman/listinfo/systemd-devel
░░ 
░░ A start job for unit var-lib-nfs-rpc_pipefs.mount has finished successfully.
░░ 
░░ The job identifier is 88.
Oct 19 23:24:36 openeuler kernel: Intel/Sharp Extended Query Table at 0x0031
Oct 19 23:24:36 openeuler kernel: Using buffer write method
Oct 19 23:24:36 openeuler kernel: erase region 0: offset=0x0,size=0x40000,blocks=128
Oct 19 23:24:36 openeuler kernel: physmap-flash 20000000.flash: physmap platform flash device: [mem 0x22000000-0x23ffffff]
Oct 19 23:24:36 openeuler kernel: 20000000.flash: Found 2 x16 devices at 0x0 in 32-bit bank. Manufacturer ID 0x000000 Chip ID 0x000000
Oct 19 23:24:36 openeuler kernel: Intel/Sharp Extended Query Table at 0x0031
Oct 19 23:24:36 openeuler kernel: Using buffer write method
Oct 19 23:24:36 openeuler kernel: erase region 0: offset=0x0,size=0x40000,blocks=128
Oct 19 23:24:36 openeuler kernel: Concatenating MTD devices:
Oct 19 23:24:36 openeuler kernel: (0): "20000000.flash"
Oct 19 23:24:36 openeuler kernel: (1): "20000000.flash"
Oct 19 23:24:36 openeuler kernel: into device "20000000.flash"
Oct 19 23:24:36 openeuler systemd[1]: Reached target rpc_pipefs.target.
░░ Subject: A start job for unit rpc_pipefs.target has finished successfully
░░ Defined-By: systemd
░░ Support: https://lists.freedesktop.org/mailman/listinfo/systemd-devel
░░ 
░░ A start job for unit rpc_pipefs.target has finished successfully.
░░ 
░░ The job identifier is 87.
Oct 19 23:24:36 openeuler systemd[1]: mdmonitor.service: Can't open PID file /run/mdadm/mdadm.pid (yet?) after start: Bad file descriptor
Oct 19 23:24:36 openeuler auditd[278]: Option builtin_af_unix line 10 is obsolete - using /sbin/audisp-af_unix
Oct 19 23:24:36 openeuler auditd[278]: Option builtin line 11 is obsolete - update it
Oct 19 23:24:36 openeuler systemd[1]: mdmonitor.service: Failed with result 'protocol'.
░░ Subject: Unit failed
░░ Defined-By: systemd
░░ Support: https://lists.freedesktop.org/mailman/listinfo/systemd-devel
░░ 
░░ The unit mdmonitor.service has entered the 'failed' state with result 'protocol'.
Oct 19 23:24:36 openeuler auditd[278]: No plugins found, not dispatching events
Oct 19 23:24:36 openeuler systemd[1]: Failed to start MD array monitor.
░░ Subject: A start job for unit mdmonitor.service has failed
░░ Defined-By: systemd
░░ Support: https://lists.freedesktop.org/mailman/listinfo/systemd-devel
░░ 
░░ A start job for unit mdmonitor.service has finished with a failure.
░░ 
░░ The job identifier is 130 and the job result is failed.
Oct 19 23:24:36 openeuler auditd[278]: Init complete, auditd 3.1.1 listening for events (startup state enable)
Oct 19 23:24:36 openeuler systemd[1]: Started RPC Bind.
░░ Subject: A start job for unit rpcbind.service has finished successfully
░░ Defined-By: systemd
░░ Support: https://lists.freedesktop.org/mailman/listinfo/systemd-devel
░░ 
░░ A start job for unit rpcbind.service has finished successfully.
░░ 
░░ The job identifier is 111.
Oct 19 23:24:36 openeuler augenrules[282]: /sbin/augenrules: No change
Oct 19 23:24:36 openeuler systemd[1]: Started Security Auditing Service.
░░ Subject: A start job for unit auditd.service has finished successfully
░░ Defined-By: systemd
░░ Support: https://lists.freedesktop.org/mailman/listinfo/systemd-devel
░░ 
░░ A start job for unit auditd.service has finished successfully.
░░ 
░░ The job identifier is 114.
Oct 19 23:24:36 openeuler systemd[1]: Starting Record System Boot/Shutdown in UTMP...
░░ Subject: A start job for unit systemd-update-utmp.service has begun execution
░░ Defined-By: systemd
░░ Support: https://lists.freedesktop.org/mailman/listinfo/systemd-devel
░░ 
░░ A start job for unit systemd-update-utmp.service has begun execution.
░░ 
░░ The job identifier is 94.
Oct 19 23:24:36 openeuler systemd[1]: Finished Record System Boot/Shutdown in UTMP.
░░ Subject: A start job for unit systemd-update-utmp.service has finished successfully
░░ Defined-By: systemd
░░ Support: https://lists.freedesktop.org/mailman/listinfo/systemd-devel
░░ 
░░ A start job for unit systemd-update-utmp.service has finished successfully.
░░ 
░░ The job identifier is 94.
Oct 19 23:24:36 openeuler systemd[1]: Reached target System Initialization.
░░ Subject: A start job for unit sysinit.target has finished successfully
░░ Defined-By: systemd
░░ Support: https://lists.freedesktop.org/mailman/listinfo/systemd-devel
░░ 
░░ A start job for unit sysinit.target has finished successfully.
░░ 
░░ The job identifier is 6.
Oct 19 23:24:36 openeuler systemd[1]: Started dnf makecache --timer.
░░ Subject: A start job for unit dnf-makecache.timer has finished successfully
░░ Defined-By: systemd
░░ Support: https://lists.freedesktop.org/mailman/listinfo/systemd-devel
░░ 
░░ A start job for unit dnf-makecache.timer has finished successfully.
░░ 
░░ The job identifier is 77.
Oct 19 23:24:37 openeuler systemd[1]: Started Daily Cleanup of Temporary Directories.
░░ Subject: A start job for unit systemd-tmpfiles-clean.timer has finished successfully
░░ Defined-By: systemd
░░ Support: https://lists.freedesktop.org/mailman/listinfo/systemd-devel
░░ 
░░ A start job for unit systemd-tmpfiles-clean.timer has finished successfully.
░░ 
░░ The job identifier is 76.
Oct 19 23:24:37 openeuler systemd[1]: Reached target Timer Units.
░░ Subject: A start job for unit timers.target has finished successfully
░░ Defined-By: systemd
░░ Support: https://lists.freedesktop.org/mailman/listinfo/systemd-devel
░░ 
░░ A start job for unit timers.target has finished successfully.
░░ 
░░ The job identifier is 75.
Oct 19 23:24:37 openeuler systemd[1]: Listening on D-Bus System Message Bus Socket.
░░ Subject: A start job for unit dbus.socket has finished successfully
░░ Defined-By: systemd
░░ Support: https://lists.freedesktop.org/mailman/listinfo/systemd-devel
░░ 
░░ A start job for unit dbus.socket has finished successfully.
░░ 
░░ The job identifier is 71.
Oct 19 23:24:37 openeuler systemd[1]: Listening on PC/SC Smart Card Daemon Activation Socket.
░░ Subject: A start job for unit pcscd.socket has finished successfully
░░ Defined-By: systemd
░░ Support: https://lists.freedesktop.org/mailman/listinfo/systemd-devel
░░ 
░░ A start job for unit pcscd.socket has finished successfully.
░░ 
░░ The job identifier is 72.
Oct 19 23:24:37 openeuler systemd[1]: Reached target Socket Units.
░░ Subject: A start job for unit sockets.target has finished successfully
░░ Defined-By: systemd
░░ Support: https://lists.freedesktop.org/mailman/listinfo/systemd-devel
░░ 
░░ A start job for unit sockets.target has finished successfully.
░░ 
░░ The job identifier is 66.
Oct 19 23:24:37 openeuler systemd[1]: Reached target Basic System.
░░ Subject: A start job for unit basic.target has finished successfully
░░ Defined-By: systemd
░░ Support: https://lists.freedesktop.org/mailman/listinfo/systemd-devel
░░ 
░░ A start job for unit basic.target has finished successfully.
░░ 
░░ The job identifier is 3.
Oct 19 23:24:37 openeuler systemd[1]: System is tainted: cgroupsv1
░░ Subject: The system is configured in a way that might cause problems
░░ Defined-By: systemd
░░ Support: https://lists.freedesktop.org/mailman/listinfo/systemd-devel
░░ 
░░ The following "tags" are possible:
░░ - "split-usr" — /usr is a separate file system and was not mounted when systemd
░░   was booted
░░ - "cgroups-missing" — the kernel was compiled without cgroup support or access
░░   to expected interface files is restricted
░░ - "var-run-bad" — /var/run is not a symlink to /run
░░ - "overflowuid-not-65534" — the kernel user ID used for "unknown" users (with
░░   NFS or user namespaces) is not 65534
░░ - "overflowgid-not-65534" — the kernel group ID used for "unknown" users (with
░░   NFS or user namespaces) is not 65534
░░ Current system is tagged as cgroupsv1.
Oct 19 23:24:37 openeuler kernel: usb 1-3: unknown interface protocol 0x4, assuming v1
Oct 19 23:24:37 openeuler kernel: usbcore: registered new interface driver snd-usb-audio
Oct 19 23:24:37 openeuler systemd[1]: Starting NTP client/server...
░░ Subject: A start job for unit chronyd.service has begun execution
░░ Defined-By: systemd
░░ Support: https://lists.freedesktop.org/mailman/listinfo/systemd-devel
░░ 
░░ A start job for unit chronyd.service has begun execution.
░░ 
░░ The job identifier is 135.
Oct 19 23:24:37 openeuler systemd[1]: Starting D-Bus System Message Bus...
░░ Subject: A start job for unit dbus.service has begun execution
░░ Defined-By: systemd
░░ Support: https://lists.freedesktop.org/mailman/listinfo/systemd-devel
░░ 
░░ A start job for unit dbus.service has begun execution.
░░ 
░░ The job identifier is 105.
Oct 19 23:24:37 openeuler systemd[1]: Starting Restore /run/initramfs on shutdown...
░░ Subject: A start job for unit dracut-shutdown.service has begun execution
░░ Defined-By: systemd
░░ Support: https://lists.freedesktop.org/mailman/listinfo/systemd-devel
░░ 
░░ A start job for unit dracut-shutdown.service has begun execution.
░░ 
░░ The job identifier is 63.
Oct 19 23:24:37 openeuler systemd[1]: Starting Update RTC With System Clock...
░░ Subject: A start job for unit hwclock-save.service has begun execution
░░ Defined-By: systemd
░░ Support: https://lists.freedesktop.org/mailman/listinfo/systemd-devel
░░ 
░░ A start job for unit hwclock-save.service has begun execution.
░░ 
░░ The job identifier is 50.
Oct 19 23:24:37 openeuler systemd[1]: Starting irqbalance daemon...
░░ Subject: A start job for unit irqbalance.service has begun execution
░░ Defined-By: systemd
░░ Support: https://lists.freedesktop.org/mailman/listinfo/systemd-devel
░░ 
░░ A start job for unit irqbalance.service has begun execution.
░░ 
░░ The job identifier is 141.
Oct 19 23:24:37 openeuler systemd[1]: Started libstoragemgmt plug-in server daemon.
░░ Subject: A start job for unit libstoragemgmt.service has finished successfully
░░ Defined-By: systemd
░░ Support: https://lists.freedesktop.org/mailman/listinfo/systemd-devel
░░ 
░░ A start job for unit libstoragemgmt.service has finished successfully.
░░ 
░░ The job identifier is 91.
Oct 19 23:24:37 openeuler systemd[1]: Starting Authorization Manager...
░░ Subject: A start job for unit polkit.service has begun execution
░░ Defined-By: systemd
░░ Support: https://lists.freedesktop.org/mailman/listinfo/systemd-devel
░░ 
░░ A start job for unit polkit.service has begun execution.
░░ 
░░ The job identifier is 106.
Oct 19 23:24:37 openeuler systemd[1]: Restorecon maintaining path file context was skipped because of an unmet condition check (ConditionSecurity=selinux).
░░ Subject: A start job for unit restorecond.service has finished successfully
░░ Defined-By: systemd
░░ Support: https://lists.freedesktop.org/mailman/listinfo/systemd-devel
░░ 
░░ A start job for unit restorecond.service has finished successfully.
░░ 
░░ The job identifier is 102.
Oct 19 23:24:37 openeuler systemd[1]: Started Hardware RNG Entropy Gatherer Daemon.
░░ Subject: A start job for unit rngd.service has finished successfully
░░ Defined-By: systemd
░░ Support: https://lists.freedesktop.org/mailman/listinfo/systemd-devel
░░ 
░░ A start job for unit rngd.service has finished successfully.
░░ 
░░ The job identifier is 131.
Oct 19 23:24:37 openeuler systemd[1]: Starting Self Monitoring and Reporting Technology (SMART) Daemon...
░░ Subject: A start job for unit smartd.service has begun execution
░░ Defined-By: systemd
░░ Support: https://lists.freedesktop.org/mailman/listinfo/systemd-devel
░░ 
░░ A start job for unit smartd.service has begun execution.
░░ 
░░ The job identifier is 142.
Oct 19 23:24:37 openeuler systemd[1]: OpenSSH ecdsa Server Key Generation was skipped because no trigger condition checks were met.
░░ Subject: A start job for unit sshd-keygen@ecdsa.service has finished successfully
░░ Defined-By: systemd
░░ Support: https://lists.freedesktop.org/mailman/listinfo/systemd-devel
░░ 
░░ A start job for unit sshd-keygen@ecdsa.service has finished successfully.
░░ 
░░ The job identifier is 117.
Oct 19 23:24:37 openeuler systemd[1]: OpenSSH ed25519 Server Key Generation was skipped because no trigger condition checks were met.
░░ Subject: A start job for unit sshd-keygen@ed25519.service has finished successfully
░░ Defined-By: systemd
░░ Support: https://lists.freedesktop.org/mailman/listinfo/systemd-devel
░░ 
░░ A start job for unit sshd-keygen@ed25519.service has finished successfully.
░░ 
░░ The job identifier is 119.
Oct 19 23:24:37 openeuler systemd[1]: OpenSSH rsa Server Key Generation was skipped because no trigger condition checks were met.
░░ Subject: A start job for unit sshd-keygen@rsa.service has finished successfully
░░ Defined-By: systemd
░░ Support: https://lists.freedesktop.org/mailman/listinfo/systemd-devel
░░ 
░░ A start job for unit sshd-keygen@rsa.service has finished successfully.
░░ 
░░ The job identifier is 120.
Oct 19 23:24:37 openeuler systemd[1]: Reached target sshd-keygen.target.
░░ Subject: A start job for unit sshd-keygen.target has finished successfully
░░ Defined-By: systemd
░░ Support: https://lists.freedesktop.org/mailman/listinfo/systemd-devel
░░ 
░░ A start job for unit sshd-keygen.target has finished successfully.
░░ 
░░ The job identifier is 116.
Oct 19 23:24:37 openeuler systemd[1]: Starting User Login Management...
░░ Subject: A start job for unit systemd-logind.service has begun execution
░░ Defined-By: systemd
░░ Support: https://lists.freedesktop.org/mailman/listinfo/systemd-devel
░░ 
░░ A start job for unit systemd-logind.service has begun execution.
░░ 
░░ The job identifier is 138.
Oct 19 23:24:37 openeuler systemd[1]: Starting Run a configured list of systemtap scripts at system startup....
░░ Subject: A start job for unit systemtap.service has begun execution
░░ Defined-By: systemd
░░ Support: https://lists.freedesktop.org/mailman/listinfo/systemd-devel
░░ 
░░ A start job for unit systemtap.service has begun execution.
░░ 
░░ The job identifier is 92.
Oct 19 23:24:38 openeuler systemd[1]: Started D-Bus System Message Bus.
░░ Subject: A start job for unit dbus.service has finished successfully
░░ Defined-By: systemd
░░ Support: https://lists.freedesktop.org/mailman/listinfo/systemd-devel
░░ 
░░ A start job for unit dbus.service has finished successfully.
░░ 
░░ The job identifier is 105.
Oct 19 23:24:38 openeuler chronyd[317]: chronyd version 4.3 starting (+CMDMON +NTP +REFCLOCK +RTC +PRIVDROP +SCFILTER +SIGND +ASYNCDNS +NTS +SECHASH +IPV6 +DEBUG)
Oct 19 23:24:38 openeuler chronyd[317]: Frequency -19.024 +/- 44.237 ppm read from /var/lib/chrony/drift
Oct 19 23:24:38 openeuler rngd[311]: Initializing available sources
Oct 19 23:24:38 openeuler rngd[311]: [hwrng ]: Initialized
Oct 19 23:24:38 openeuler rngd[311]: [jitter]: JITTER timeout set to 10 sec
Oct 19 23:24:38 openeuler systemd[1]: Started NTP client/server.
░░ Subject: A start job for unit chronyd.service has finished successfully
░░ Defined-By: systemd
░░ Support: https://lists.freedesktop.org/mailman/listinfo/systemd-devel
░░ 
░░ A start job for unit chronyd.service has finished successfully.
░░ 
░░ The job identifier is 135.
Oct 19 23:24:38 openeuler systemd[1]: Finished Restore /run/initramfs on shutdown.
░░ Subject: A start job for unit dracut-shutdown.service has finished successfully
░░ Defined-By: systemd
░░ Support: https://lists.freedesktop.org/mailman/listinfo/systemd-devel
░░ 
░░ A start job for unit dracut-shutdown.service has finished successfully.
░░ 
░░ The job identifier is 63.
Oct 19 23:24:38 openeuler systemd[1]: Finished Update RTC With System Clock.
░░ Subject: A start job for unit hwclock-save.service has finished successfully
░░ Defined-By: systemd
░░ Support: https://lists.freedesktop.org/mailman/listinfo/systemd-devel
░░ 
░░ A start job for unit hwclock-save.service has finished successfully.
░░ 
░░ The job identifier is 50.
Oct 19 23:24:38 openeuler systemd[1]: Started irqbalance daemon.
░░ Subject: A start job for unit irqbalance.service has finished successfully
░░ Defined-By: systemd
░░ Support: https://lists.freedesktop.org/mailman/listinfo/systemd-devel
░░ 
░░ A start job for unit irqbalance.service has finished successfully.
░░ 
░░ The job identifier is 141.
Oct 19 23:24:38 openeuler systemd[1]: Reached target Sound Card.
░░ Subject: A start job for unit sound.target has finished successfully
░░ Defined-By: systemd
░░ Support: https://lists.freedesktop.org/mailman/listinfo/systemd-devel
░░ 
░░ A start job for unit sound.target has finished successfully.
░░ 
░░ The job identifier is 143.
Oct 19 23:24:38 openeuler polkitd[309]: Started polkitd version 122
Oct 19 23:24:38 openeuler smartd[312]: smartd 7.3 2022-02-28 r5338 [riscv64-linux-6.4.0-10.1.0.20.oe2309.riscv64] (local build)
Oct 19 23:24:38 openeuler smartd[312]: Copyright (C) 2002-22, Bruce Allen, Christian Franke, www.smartmontools.org
Oct 19 23:24:38 openeuler smartd[312]: Opened configuration file /etc/smartmontools/smartd.conf
Oct 19 23:24:38 openeuler smartd[312]: Drive: DEVICESCAN, implied '-a' Directive on line 23 of file /etc/smartmontools/smartd.conf
Oct 19 23:24:38 openeuler smartd[312]: Configuration file /etc/smartmontools/smartd.conf was parsed, found DEVICESCAN, scanning devices
Oct 19 23:24:38 openeuler smartd[312]: In the system's table of devices NO devices found to scan
Oct 19 23:24:38 openeuler smartd[312]: Monitoring 0 ATA/SATA, 0 SCSI/SAS and 0 NVMe devices
Oct 19 23:24:38 openeuler systemd[1]: Started Self Monitoring and Reporting Technology (SMART) Daemon.
░░ Subject: A start job for unit smartd.service has finished successfully
░░ Defined-By: systemd
░░ Support: https://lists.freedesktop.org/mailman/listinfo/systemd-devel
░░ 
░░ A start job for unit smartd.service has finished successfully.
░░ 
░░ The job identifier is 142.
Oct 19 23:24:38 openeuler polkitd[309]: Loading rules from directory /etc/polkit-1/rules.d
Oct 19 23:24:38 openeuler polkitd[309]: Loading rules from directory /usr/share/polkit-1/rules.d
Oct 19 23:24:38 openeuler polkitd[309]: Finished loading, compiling and executing 2 rules
Oct 19 23:24:38 openeuler systemd[1]: Started Authorization Manager.
░░ Subject: A start job for unit polkit.service has finished successfully
░░ Defined-By: systemd
░░ Support: https://lists.freedesktop.org/mailman/listinfo/systemd-devel
░░ 
░░ A start job for unit polkit.service has finished successfully.
░░ 
░░ The job identifier is 106.
Oct 19 23:24:38 openeuler polkitd[309]: Acquired the name org.freedesktop.PolicyKit1 on the system bus
Oct 19 23:24:38 openeuler systemd[1]: Starting firewalld - dynamic firewall daemon...
░░ Subject: A start job for unit firewalld.service has begun execution
░░ Defined-By: systemd
░░ Support: https://lists.freedesktop.org/mailman/listinfo/systemd-devel
░░ 
░░ A start job for unit firewalld.service has begun execution.
░░ 
░░ The job identifier is 96.
Oct 19 23:24:38 openeuler systemd-logind[314]: Watching system buttons on /dev/input/event0 (QEMU QEMU USB Keyboard)
Oct 19 23:24:38 openeuler systemd-logind[314]: New seat seat0.
░░ Subject: A new seat seat0 is now available
░░ Defined-By: systemd
░░ Support: https://lists.freedesktop.org/mailman/listinfo/systemd-devel
░░ Documentation: sd-login(3)
░░ 
░░ A new seat seat0 has been configured and is now available.
Oct 19 23:24:38 openeuler systemd[1]: Started User Login Management.
░░ Subject: A start job for unit systemd-logind.service has finished successfully
░░ Defined-By: systemd
░░ Support: https://lists.freedesktop.org/mailman/listinfo/systemd-devel
░░ 
░░ A start job for unit systemd-logind.service has finished successfully.
░░ 
░░ The job identifier is 138.
Oct 19 23:24:39 openeuler rngd[311]: [jitter]: Initializing AES buffer
Oct 19 23:24:39 openeuler root[349]: Warning: No scripts exist.
Oct 19 23:24:39 openeuler systemtap-service[315]: Starting systemtap: [WARNING]
Oct 19 23:24:39 openeuler systemd[1]: Finished Run a configured list of systemtap scripts at system startup..
░░ Subject: A start job for unit systemtap.service has finished successfully
░░ Defined-By: systemd
░░ Support: https://lists.freedesktop.org/mailman/listinfo/systemd-devel
░░ 
░░ A start job for unit systemtap.service has finished successfully.
░░ 
░░ The job identifier is 92.
Oct 19 23:24:45 openeuler systemd[1]: Started firewalld - dynamic firewall daemon.
░░ Subject: A start job for unit firewalld.service has finished successfully
░░ Defined-By: systemd
░░ Support: https://lists.freedesktop.org/mailman/listinfo/systemd-devel
░░ 
░░ A start job for unit firewalld.service has finished successfully.
░░ 
░░ The job identifier is 96.
Oct 19 23:24:45 openeuler systemd[1]: Reached target Preparation for Network.
░░ Subject: A start job for unit network-pre.target has finished successfully
░░ Defined-By: systemd
░░ Support: https://lists.freedesktop.org/mailman/listinfo/systemd-devel
░░ 
░░ A start job for unit network-pre.target has finished successfully.
░░ 
░░ The job identifier is 30.
Oct 19 23:24:45 openeuler systemd[1]: Starting Network Manager...
░░ Subject: A start job for unit NetworkManager.service has begun execution
░░ Defined-By: systemd
░░ Support: https://lists.freedesktop.org/mailman/listinfo/systemd-devel
░░ 
░░ A start job for unit NetworkManager.service has begun execution.
░░ 
░░ The job identifier is 80.
Oct 19 23:24:45 openeuler NetworkManager[353]: <info>  [1697729085.9287] NetworkManager (version 1.42.8-3.oe2309) is starting... (boot:d40e7633-c533-4988-979c-d0bbf3bb74e2)
Oct 19 23:24:45 openeuler NetworkManager[353]: <info>  [1697729085.9445] Read config: /etc/NetworkManager/NetworkManager.conf
Oct 19 23:24:46 openeuler systemd[1]: Started Network Manager.
░░ Subject: A start job for unit NetworkManager.service has finished successfully
░░ Defined-By: systemd
░░ Support: https://lists.freedesktop.org/mailman/listinfo/systemd-devel
░░ 
░░ A start job for unit NetworkManager.service has finished successfully.
░░ 
░░ The job identifier is 80.
Oct 19 23:24:46 openeuler NetworkManager[353]: <info>  [1697729086.0384] bus-manager: acquired D-Bus service "org.freedesktop.NetworkManager"
Oct 19 23:24:46 openeuler systemd[1]: Reached target Network.
░░ Subject: A start job for unit network.target has finished successfully
░░ Defined-By: systemd
░░ Support: https://lists.freedesktop.org/mailman/listinfo/systemd-devel
░░ 
░░ A start job for unit network.target has finished successfully.
░░ 
░░ The job identifier is 81.
Oct 19 23:24:46 openeuler systemd[1]: Starting Network Manager Wait Online...
░░ Subject: A start job for unit NetworkManager-wait-online.service has begun execution
░░ Defined-By: systemd
░░ Support: https://lists.freedesktop.org/mailman/listinfo/systemd-devel
░░ 
░░ A start job for unit NetworkManager-wait-online.service has begun execution.
░░ 
░░ The job identifier is 79.
Oct 19 23:24:46 openeuler NetworkManager[353]: <info>  [1697729086.1962] manager[0x2ad291c460]: monitoring kernel firmware directory '/lib/firmware'.
Oct 19 23:24:46 openeuler systemd[1]: Starting GSSAPI Proxy Daemon...
░░ Subject: A start job for unit gssproxy.service has begun execution
░░ Defined-By: systemd
░░ Support: https://lists.freedesktop.org/mailman/listinfo/systemd-devel
░░ 
░░ A start job for unit gssproxy.service has begun execution.
░░ 
░░ The job identifier is 89.
Oct 19 23:24:46 openeuler dbus-daemon[301]: [system] Activating via systemd: service name='org.freedesktop.hostname1' unit='dbus-org.freedesktop.hostname1.service' requested by ':1.4' (uid=0 pid=353 comm="/usr/sbin/NetworkManager --no-daemon")
Oct 19 23:24:46 openeuler systemd[1]: Starting /etc/rc.d/rc.local Compatibility...
░░ Subject: A start job for unit rc-local.service has begun execution
░░ Defined-By: systemd
░░ Support: https://lists.freedesktop.org/mailman/listinfo/systemd-devel
░░ 
░░ A start job for unit rc-local.service has begun execution.
░░ 
░░ The job identifier is 95.
Oct 19 23:24:46 openeuler systemd[1]: Starting OpenSSH server daemon...
░░ Subject: A start job for unit sshd.service has begun execution
░░ Defined-By: systemd
░░ Support: https://lists.freedesktop.org/mailman/listinfo/systemd-devel
░░ 
░░ A start job for unit sshd.service has begun execution.
░░ 
░░ The job identifier is 115.
Oct 19 23:24:46 openeuler systemd[1]: Starting Dynamic System Tuning Daemon...
░░ Subject: A start job for unit tuned.service has begun execution
░░ Defined-By: systemd
░░ Support: https://lists.freedesktop.org/mailman/listinfo/systemd-devel
░░ 
░░ A start job for unit tuned.service has begun execution.
░░ 
░░ The job identifier is 104.
Oct 19 23:24:46 openeuler systemd[1]: Started /etc/rc.d/rc.local Compatibility.
░░ Subject: A start job for unit rc-local.service has finished successfully
░░ Defined-By: systemd
░░ Support: https://lists.freedesktop.org/mailman/listinfo/systemd-devel
░░ 
░░ A start job for unit rc-local.service has finished successfully.
░░ 
░░ The job identifier is 95.
Oct 19 23:24:46 openeuler systemd[1]: Starting Hostname Service...
░░ Subject: A start job for unit systemd-hostnamed.service has begun execution
░░ Defined-By: systemd
░░ Support: https://lists.freedesktop.org/mailman/listinfo/systemd-devel
░░ 
░░ A start job for unit systemd-hostnamed.service has begun execution.
░░ 
░░ The job identifier is 145.
Oct 19 23:24:46 openeuler systemd[1]: Started GSSAPI Proxy Daemon.
░░ Subject: A start job for unit gssproxy.service has finished successfully
░░ Defined-By: systemd
░░ Support: https://lists.freedesktop.org/mailman/listinfo/systemd-devel
░░ 
░░ A start job for unit gssproxy.service has finished successfully.
░░ 
░░ The job identifier is 89.
Oct 19 23:24:46 openeuler systemd[1]: RPC security service for NFS client and server was skipped because of an unmet condition check (ConditionPathExists=/etc/krb5.keytab).
░░ Subject: A start job for unit rpc-gssd.service has finished successfully
░░ Defined-By: systemd
░░ Support: https://lists.freedesktop.org/mailman/listinfo/systemd-devel
░░ 
░░ A start job for unit rpc-gssd.service has finished successfully.
░░ 
░░ The job identifier is 86.
Oct 19 23:24:46 openeuler systemd[1]: Reached target NFS client services.
░░ Subject: A start job for unit nfs-client.target has finished successfully
░░ Defined-By: systemd
░░ Support: https://lists.freedesktop.org/mailman/listinfo/systemd-devel
░░ 
░░ A start job for unit nfs-client.target has finished successfully.
░░ 
░░ The job identifier is 83.
Oct 19 23:24:46 openeuler systemd[1]: Reached target Preparation for Remote File Systems.
░░ Subject: A start job for unit remote-fs-pre.target has finished successfully
░░ Defined-By: systemd
░░ Support: https://lists.freedesktop.org/mailman/listinfo/systemd-devel
░░ 
░░ A start job for unit remote-fs-pre.target has finished successfully.
░░ 
░░ The job identifier is 90.
Oct 19 23:24:46 openeuler systemd[1]: Reached target Remote File Systems.
░░ Subject: A start job for unit remote-fs.target has finished successfully
░░ Defined-By: systemd
░░ Support: https://lists.freedesktop.org/mailman/listinfo/systemd-devel
░░ 
░░ A start job for unit remote-fs.target has finished successfully.
░░ 
░░ The job identifier is 132.
Oct 19 23:24:46 openeuler systemd[1]: Starting Permit User Sessions...
░░ Subject: A start job for unit systemd-user-sessions.service has begun execution
░░ Defined-By: systemd
░░ Support: https://lists.freedesktop.org/mailman/listinfo/systemd-devel
░░ 
░░ A start job for unit systemd-user-sessions.service has begun execution.
░░ 
░░ The job identifier is 121.
Oct 19 23:24:46 openeuler sshd[378]: Server listening on 0.0.0.0 port 22.
Oct 19 23:24:46 openeuler sshd[378]: Server listening on :: port 22.
Oct 19 23:24:46 openeuler systemd[1]: Started OpenSSH server daemon.
░░ Subject: A start job for unit sshd.service has finished successfully
░░ Defined-By: systemd
░░ Support: https://lists.freedesktop.org/mailman/listinfo/systemd-devel
░░ 
░░ A start job for unit sshd.service has finished successfully.
░░ 
░░ The job identifier is 115.
Oct 19 23:24:46 openeuler systemd[1]: Finished Permit User Sessions.
░░ Subject: A start job for unit systemd-user-sessions.service has finished successfully
░░ Defined-By: systemd
░░ Support: https://lists.freedesktop.org/mailman/listinfo/systemd-devel
░░ 
░░ A start job for unit systemd-user-sessions.service has finished successfully.
░░ 
░░ The job identifier is 121.
Oct 19 23:24:47 openeuler systemd[1]: Started Deferred execution scheduler.
░░ Subject: A start job for unit atd.service has finished successfully
░░ Defined-By: systemd
░░ Support: https://lists.freedesktop.org/mailman/listinfo/systemd-devel
░░ 
░░ A start job for unit atd.service has finished successfully.
░░ 
░░ The job identifier is 112.
Oct 19 23:24:47 openeuler systemd[1]: Started Command Scheduler.
░░ Subject: A start job for unit crond.service has finished successfully
░░ Defined-By: systemd
░░ Support: https://lists.freedesktop.org/mailman/listinfo/systemd-devel
░░ 
░░ A start job for unit crond.service has finished successfully.
░░ 
░░ The job identifier is 82.
Oct 19 23:24:47 openeuler systemd[1]: Starting Hold until boot process finishes up...
░░ Subject: A start job for unit plymouth-quit-wait.service has begun execution
░░ Defined-By: systemd
░░ Support: https://lists.freedesktop.org/mailman/listinfo/systemd-devel
░░ 
░░ A start job for unit plymouth-quit-wait.service has begun execution.
░░ 
░░ The job identifier is 134.
Oct 19 23:24:47 openeuler crond[398]: (CRON) STARTUP (1.6.1)
Oct 19 23:24:47 openeuler crond[398]: (CRON) INFO (Syslog will be used instead of sendmail.)
Oct 19 23:24:47 openeuler crond[398]: (CRON) INFO (RANDOM_DELAY will be scaled with factor 14% if used.)
Oct 19 23:24:47 openeuler crond[398]: (CRON) INFO (running with inotify support)
Oct 19 23:24:47 openeuler systemd[1]: Starting Terminate Plymouth Boot Screen...
░░ Subject: A start job for unit plymouth-quit.service has begun execution
░░ Defined-By: systemd
░░ Support: https://lists.freedesktop.org/mailman/listinfo/systemd-devel
░░ 
░░ A start job for unit plymouth-quit.service has begun execution.
░░ 
░░ The job identifier is 133.
Oct 19 23:24:47 openeuler systemd[1]: Received SIGRTMIN+21 from PID 232 (plymouthd).
Oct 19 23:24:47 openeuler systemd[1]: Received SIGRTMIN+21 from PID 232 (plymouthd).
Oct 19 23:24:47 openeuler systemd[1]: Finished Terminate Plymouth Boot Screen.
░░ Subject: A start job for unit plymouth-quit.service has finished successfully
░░ Defined-By: systemd
░░ Support: https://lists.freedesktop.org/mailman/listinfo/systemd-devel
░░ 
░░ A start job for unit plymouth-quit.service has finished successfully.
░░ 
░░ The job identifier is 133.
Oct 19 23:24:47 openeuler systemd[1]: Finished Hold until boot process finishes up.
░░ Subject: A start job for unit plymouth-quit-wait.service has finished successfully
░░ Defined-By: systemd
░░ Support: https://lists.freedesktop.org/mailman/listinfo/systemd-devel
░░ 
░░ A start job for unit plymouth-quit-wait.service has finished successfully.
░░ 
░░ The job identifier is 134.
Oct 19 23:24:47 openeuler systemd[1]: Started Getty on tty1.
░░ Subject: A start job for unit getty@tty1.service has finished successfully
░░ Defined-By: systemd
░░ Support: https://lists.freedesktop.org/mailman/listinfo/systemd-devel
░░ 
░░ A start job for unit getty@tty1.service has finished successfully.
░░ 
░░ The job identifier is 128.
Oct 19 23:24:47 openeuler systemd[1]: Started Serial Getty on ttyS0.
░░ Subject: A start job for unit serial-getty@ttyS0.service has finished successfully
░░ Defined-By: systemd
░░ Support: https://lists.freedesktop.org/mailman/listinfo/systemd-devel
░░ 
░░ A start job for unit serial-getty@ttyS0.service has finished successfully.
░░ 
░░ The job identifier is 123.
Oct 19 23:24:47 openeuler systemd[1]: Reached target Login Prompts.
░░ Subject: A start job for unit getty.target has finished successfully
░░ Defined-By: systemd
░░ Support: https://lists.freedesktop.org/mailman/listinfo/systemd-devel
░░ 
░░ A start job for unit getty.target has finished successfully.
░░ 
░░ The job identifier is 122.
Oct 19 23:24:47 openeuler dbus-daemon[301]: [system] Successfully activated service 'org.freedesktop.hostname1'
Oct 19 23:24:47 openeuler systemd[1]: Started Hostname Service.
░░ Subject: A start job for unit systemd-hostnamed.service has finished successfully
░░ Defined-By: systemd
░░ Support: https://lists.freedesktop.org/mailman/listinfo/systemd-devel
░░ 
░░ A start job for unit systemd-hostnamed.service has finished successfully.
░░ 
░░ The job identifier is 145.
Oct 19 23:24:47 openeuler NetworkManager[353]: <info>  [1697729087.9638] hostname: hostname: using hostnamed
Oct 19 23:24:47 openeuler NetworkManager[353]: <info>  [1697729087.9657] hostname: static hostname changed from (none) to "openeuler"
Oct 19 23:24:47 openeuler NetworkManager[353]: <info>  [1697729087.9773] dns-mgr: init: dns=default rc-manager=symlink
Oct 19 23:24:48 openeuler NetworkManager[353]: <info>  [1697729088.1260] manager[0x2ad291c460]: rfkill: Wi-Fi hardware radio set enabled
Oct 19 23:24:48 openeuler NetworkManager[353]: <info>  [1697729088.1269] manager[0x2ad291c460]: rfkill: WWAN hardware radio set enabled
Oct 19 23:24:48 openeuler NetworkManager[353]: <info>  [1697729088.2532] Loaded device plugin: NMOvsFactory (/usr/lib64/NetworkManager/1.42.8-3.oe2309/libnm-device-plugin-ovs.so)
Oct 19 23:24:48 openeuler NetworkManager[353]: <info>  [1697729088.2662] Loaded device plugin: NMAtmManager (/usr/lib64/NetworkManager/1.42.8-3.oe2309/libnm-device-plugin-adsl.so)
Oct 19 23:24:48 openeuler NetworkManager[353]: <info>  [1697729088.2717] manager: rfkill: Wi-Fi enabled by radio killswitch; enabled by state file
Oct 19 23:24:48 openeuler NetworkManager[353]: <info>  [1697729088.2815] manager: rfkill: WWAN enabled by radio killswitch; enabled by state file
Oct 19 23:24:48 openeuler NetworkManager[353]: <info>  [1697729088.2859] manager: Networking is enabled by state file
Oct 19 23:24:48 openeuler dbus-daemon[301]: [system] Activating via systemd: service name='org.freedesktop.nm_dispatcher' unit='dbus-org.freedesktop.nm-dispatcher.service' requested by ':1.4' (uid=0 pid=353 comm="/usr/sbin/NetworkManager --no-daemon")
Oct 19 23:24:48 openeuler NetworkManager[353]: <info>  [1697729088.3130] settings: Loaded settings plugin: ifcfg-rh ("/usr/lib64/NetworkManager/1.42.8-3.oe2309/libnm-settings-plugin-ifcfg-rh.so")
Oct 19 23:24:48 openeuler NetworkManager[353]: <info>  [1697729088.3147] settings: Loaded settings plugin: keyfile (internal)
Oct 19 23:24:48 openeuler NetworkManager[353]: <info>  [1697729088.3901] dhcp: init: Using DHCP client 'dhclient'
Oct 19 23:24:48 openeuler NetworkManager[353]: <info>  [1697729088.3982] manager: (lo): new Loopback device (/org/freedesktop/NetworkManager/Devices/1)
Oct 19 23:24:48 openeuler systemd[1]: Starting Network Manager Script Dispatcher Service...
░░ Subject: A start job for unit NetworkManager-dispatcher.service has begun execution
░░ Defined-By: systemd
░░ Support: https://lists.freedesktop.org/mailman/listinfo/systemd-devel
░░ 
░░ A start job for unit NetworkManager-dispatcher.service has begun execution.
░░ 
░░ The job identifier is 216.
Oct 19 23:24:48 openeuler NetworkManager[353]: <info>  [1697729088.5396] device (lo): state change: unmanaged -> unavailable (reason 'connection-assumed', sys-iface-state: 'external')
Oct 19 23:24:48 openeuler NetworkManager[353]: <info>  [1697729088.5690] device (lo): state change: unavailable -> disconnected (reason 'connection-assumed', sys-iface-state: 'external')
Oct 19 23:24:48 openeuler NetworkManager[353]: <info>  [1697729088.6092] device (lo): Activation: starting connection 'lo' (c7cd8732-b6e0-49e0-811a-40c55e13e102)
Oct 19 23:24:48 openeuler NetworkManager[353]: <info>  [1697729088.6654] manager: (enp0s2): new Ethernet device (/org/freedesktop/NetworkManager/Devices/2)
Oct 19 23:24:48 openeuler dbus-daemon[301]: [system] Successfully activated service 'org.freedesktop.nm_dispatcher'
Oct 19 23:24:48 openeuler systemd[1]: Started Network Manager Script Dispatcher Service.
░░ Subject: A start job for unit NetworkManager-dispatcher.service has finished successfully
░░ Defined-By: systemd
░░ Support: https://lists.freedesktop.org/mailman/listinfo/systemd-devel
░░ 
░░ A start job for unit NetworkManager-dispatcher.service has finished successfully.
░░ 
░░ The job identifier is 216.
Oct 19 23:24:48 openeuler NetworkManager[353]: <info>  [1697729088.7512] settings: (enp0s2): created default wired connection 'Wired connection 1'
Oct 19 23:24:48 openeuler NetworkManager[353]: <info>  [1697729088.7684] device (enp0s2): state change: unmanaged -> unavailable (reason 'managed', sys-iface-state: 'external')
Oct 19 23:24:48 openeuler NetworkManager[353]: <info>  [1697729088.9409] ovsdb: disconnected from ovsdb
Oct 19 23:24:48 openeuler NetworkManager[353]: <info>  [1697729088.9439] device (lo): state change: disconnected -> prepare (reason 'none', sys-iface-state: 'external')
Oct 19 23:24:48 openeuler NetworkManager[353]: <info>  [1697729088.9478] device (lo): state change: prepare -> config (reason 'none', sys-iface-state: 'external')
Oct 19 23:24:48 openeuler NetworkManager[353]: <info>  [1697729088.9633] device (lo): state change: config -> ip-config (reason 'none', sys-iface-state: 'external')
Oct 19 23:24:48 openeuler NetworkManager[353]: <info>  [1697729088.9677] device (enp0s2): carrier: link connected
Oct 19 23:24:48 openeuler NetworkManager[353]: <info>  [1697729088.9826] device (lo): state change: ip-config -> ip-check (reason 'none', sys-iface-state: 'external')
Oct 19 23:24:49 openeuler NetworkManager[353]: <info>  [1697729089.0077] device (enp0s2): state change: unavailable -> disconnected (reason 'carrier-changed', sys-iface-state: 'managed')
Oct 19 23:24:49 openeuler rngd[311]: [jitter]: Unable to obtain AES key, disabling JITTER source
Oct 19 23:24:49 openeuler NetworkManager[353]: <info>  [1697729089.0716] policy: auto-activating connection 'Wired connection 1' (5e297632-7ff0-3d0d-b5b6-c322dbadc844)
Oct 19 23:24:49 openeuler rngd[311]: [jitter]: Initialization Failed
Oct 19 23:24:49 openeuler NetworkManager[353]: <info>  [1697729089.1112] device (enp0s2): Activation: starting connection 'Wired connection 1' (5e297632-7ff0-3d0d-b5b6-c322dbadc844)
Oct 19 23:24:49 openeuler NetworkManager[353]: <info>  [1697729089.1295] device (enp0s2): state change: disconnected -> prepare (reason 'none', sys-iface-state: 'managed')
Oct 19 23:24:49 openeuler NetworkManager[353]: <info>  [1697729089.1344] manager: NetworkManager state is now CONNECTING
Oct 19 23:24:49 openeuler NetworkManager[353]: <info>  [1697729089.1425] device (enp0s2): state change: prepare -> config (reason 'none', sys-iface-state: 'managed')
Oct 19 23:24:49 openeuler NetworkManager[353]: <info>  [1697729089.1876] device (lo): state change: ip-check -> secondaries (reason 'none', sys-iface-state: 'external')
Oct 19 23:24:49 openeuler NetworkManager[353]: <info>  [1697729089.1913] device (lo): state change: secondaries -> activated (reason 'none', sys-iface-state: 'external')
Oct 19 23:24:49 openeuler NetworkManager[353]: <info>  [1697729089.1986] device (lo): Activation: successful, device activated.
Oct 19 23:24:49 openeuler systemd[1]: Started PC/SC Smart Card Daemon.
░░ Subject: A start job for unit pcscd.service has finished successfully
░░ Defined-By: systemd
░░ Support: https://lists.freedesktop.org/mailman/listinfo/systemd-devel
░░ 
░░ A start job for unit pcscd.service has finished successfully.
░░ 
░░ The job identifier is 287.
Oct 19 23:24:49 openeuler rngd[311]: [pkcs11]: No pkcs11 slots available
Oct 19 23:24:49 openeuler rngd[311]: [pkcs11]: Initialization Failed
Oct 19 23:24:54 openeuler NetworkManager[353]: <info>  [1697729094.1807] device (enp0s2): state change: config -> ip-config (reason 'none', sys-iface-state: 'managed')
Oct 19 23:24:54 openeuler NetworkManager[353]: <info>  [1697729094.2017] dhcp4 (enp0s2): activation: beginning transaction (timeout in 45 seconds)
Oct 19 23:24:54 openeuler NetworkManager[353]: <info>  [1697729094.2461] dhcp4 (enp0s2): dhclient started with pid 684
Oct 19 23:24:54 openeuler tuned[384]: libperf: mmap_per_cpu: nr cpu values 4 nr threads 1
Oct 19 23:24:54 openeuler tuned[384]: libperf: idx 0: mmapping fd 8
Oct 19 23:24:54 openeuler tuned[384]: libperf: idx 1: mmapping fd 9
Oct 19 23:24:54 openeuler tuned[384]: libperf: idx 2: mmapping fd 10
Oct 19 23:24:54 openeuler tuned[384]: libperf: idx 3: mmapping fd 11
Oct 19 23:24:54 openeuler dhclient[684]: DHCPDISCOVER on enp0s2 to 255.255.255.255 port 67 interval 5 (xid=0x3dbbf14b)
Oct 19 23:24:54 openeuler dhclient[684]: DHCPOFFER of 10.0.2.15 from 10.0.2.2
Oct 19 23:24:54 openeuler dhclient[684]: DHCPREQUEST for 10.0.2.15 on enp0s2 to 255.255.255.255 port 67 (xid=0x3dbbf14b)
Oct 19 23:24:54 openeuler dhclient[684]: DHCPACK of 10.0.2.15 from 10.0.2.2 (xid=0x3dbbf14b)
Oct 19 23:24:54 openeuler NetworkManager[353]: <info>  [1697729094.5642] dhcp4 (enp0s2):   address 10.0.2.15
Oct 19 23:24:54 openeuler NetworkManager[353]: <info>  [1697729094.5646] dhcp4 (enp0s2):   plen 24 (255.255.255.0)
Oct 19 23:24:54 openeuler NetworkManager[353]: <info>  [1697729094.5651] dhcp4 (enp0s2):   gateway 10.0.2.2
Oct 19 23:24:54 openeuler NetworkManager[353]: <info>  [1697729094.5655] dhcp4 (enp0s2):   lease time 86400
Oct 19 23:24:54 openeuler NetworkManager[353]: <info>  [1697729094.5658] dhcp4 (enp0s2):   nameserver '10.0.2.3'
Oct 19 23:24:54 openeuler NetworkManager[353]: <info>  [1697729094.5664] dhcp4 (enp0s2): state changed new lease, address=10.0.2.15
Oct 19 23:24:54 openeuler NetworkManager[353]: <info>  [1697729094.5808] policy: set 'Wired connection 1' (enp0s2) as default for IPv4 routing and DNS
Oct 19 23:24:54 openeuler NetworkManager[353]: <info>  [1697729094.7115] device (enp0s2): state change: ip-config -> ip-check (reason 'none', sys-iface-state: 'managed')
Oct 19 23:24:54 openeuler dhclient[684]: bound to 10.0.2.15 -- renewal in 40095 seconds.
Oct 19 23:24:54 openeuler systemd[1]: Started Dynamic System Tuning Daemon.
░░ Subject: A start job for unit tuned.service has finished successfully
░░ Defined-By: systemd
░░ Support: https://lists.freedesktop.org/mailman/listinfo/systemd-devel
░░ 
░░ A start job for unit tuned.service has finished successfully.
░░ 
░░ The job identifier is 104.
Oct 19 23:24:54 openeuler NetworkManager[353]: <info>  [1697729094.8328] device (enp0s2): state change: ip-check -> secondaries (reason 'none', sys-iface-state: 'managed')
Oct 19 23:24:54 openeuler NetworkManager[353]: <info>  [1697729094.8361] device (enp0s2): state change: secondaries -> activated (reason 'none', sys-iface-state: 'managed')
Oct 19 23:24:54 openeuler NetworkManager[353]: <info>  [1697729094.8427] manager: NetworkManager state is now CONNECTED_SITE
Oct 19 23:24:54 openeuler NetworkManager[353]: <info>  [1697729094.8490] device (enp0s2): Activation: successful, device activated.
Oct 19 23:24:54 openeuler NetworkManager[353]: <info>  [1697729094.8556] manager: NetworkManager state is now CONNECTED_GLOBAL
Oct 19 23:24:54 openeuler NetworkManager[353]: <info>  [1697729094.8693] manager: startup complete
Oct 19 23:24:54 openeuler systemd[1]: Finished Network Manager Wait Online.
░░ Subject: A start job for unit NetworkManager-wait-online.service has finished successfully
░░ Defined-By: systemd
░░ Support: https://lists.freedesktop.org/mailman/listinfo/systemd-devel
░░ 
░░ A start job for unit NetworkManager-wait-online.service has finished successfully.
░░ 
░░ The job identifier is 79.
Oct 19 23:24:54 openeuler systemd[1]: Reached target Network is Online.
░░ Subject: A start job for unit network-online.target has finished successfully
░░ Defined-By: systemd
░░ Support: https://lists.freedesktop.org/mailman/listinfo/systemd-devel
░░ 
░░ A start job for unit network-online.target has finished successfully.
░░ 
░░ The job identifier is 78.
Oct 19 23:24:54 openeuler systemd[1]: Starting Notify NFS peers of a restart...
░░ Subject: A start job for unit rpc-statd-notify.service has begun execution
░░ Defined-By: systemd
░░ Support: https://lists.freedesktop.org/mailman/listinfo/systemd-devel
░░ 
░░ A start job for unit rpc-statd-notify.service has begun execution.
░░ 
░░ The job identifier is 84.
Oct 19 23:24:55 openeuler systemd[1]: Starting System Logging Service...
░░ Subject: A start job for unit rsyslog.service has begun execution
░░ Defined-By: systemd
░░ Support: https://lists.freedesktop.org/mailman/listinfo/systemd-devel
░░ 
░░ A start job for unit rsyslog.service has begun execution.
░░ 
░░ The job identifier is 113.
Oct 19 23:24:55 openeuler sm-notify[708]: Version 2.6.2 starting
Oct 19 23:24:55 openeuler systemd[1]: Started Notify NFS peers of a restart.
░░ Subject: A start job for unit rpc-statd-notify.service has finished successfully
░░ Defined-By: systemd
░░ Support: https://lists.freedesktop.org/mailman/listinfo/systemd-devel
░░ 
░░ A start job for unit rpc-statd-notify.service has finished successfully.
░░ 
░░ The job identifier is 84.
Oct 19 23:24:55 openeuler rsyslogd[711]: [origin software="rsyslogd" swVersion="8.2210.0" x-pid="711" x-info="https://www.rsyslog.com"] start
Oct 19 23:24:55 openeuler rsyslogd[711]: imjournal: No statefile exists, /run/log/imjournal.state will be created (ignore if this is first run): No such file or directory [v8.2210.0 try https://www.rsyslog.com/e/2040 ]
Oct 19 23:24:55 openeuler systemd[1]: Started System Logging Service.
░░ Subject: A start job for unit rsyslog.service has finished successfully
░░ Defined-By: systemd
░░ Support: https://lists.freedesktop.org/mailman/listinfo/systemd-devel
░░ 
░░ A start job for unit rsyslog.service has finished successfully.
░░ 
░░ The job identifier is 113.
Oct 19 23:24:55 openeuler systemd[1]: Reached target Multi-User System.
░░ Subject: A start job for unit multi-user.target has finished successfully
░░ Defined-By: systemd
░░ Support: https://lists.freedesktop.org/mailman/listinfo/systemd-devel
░░ 
░░ A start job for unit multi-user.target has finished successfully.
░░ 
░░ The job identifier is 2.
Oct 19 23:24:55 openeuler systemd[1]: Reached target Graphical Interface.
░░ Subject: A start job for unit graphical.target has finished successfully
░░ Defined-By: systemd
░░ Support: https://lists.freedesktop.org/mailman/listinfo/systemd-devel
░░ 
░░ A start job for unit graphical.target has finished successfully.
░░ 
░░ The job identifier is 1.
Oct 19 23:24:55 openeuler systemd[1]: Starting Record Runlevel Change in UTMP...
░░ Subject: A start job for unit systemd-update-utmp-runlevel.service has begun execution
░░ Defined-By: systemd
░░ Support: https://lists.freedesktop.org/mailman/listinfo/systemd-devel
░░ 
░░ A start job for unit systemd-update-utmp-runlevel.service has begun execution.
░░ 
░░ The job identifier is 93.
Oct 19 23:24:55 openeuler systemd[1]: systemd-update-utmp-runlevel.service: Deactivated successfully.
░░ Subject: Unit succeeded
░░ Defined-By: systemd
░░ Support: https://lists.freedesktop.org/mailman/listinfo/systemd-devel
░░ 
░░ The unit systemd-update-utmp-runlevel.service has successfully entered the 'dead' state.
Oct 19 23:24:55 openeuler systemd[1]: Finished Record Runlevel Change in UTMP.
░░ Subject: A start job for unit systemd-update-utmp-runlevel.service has finished successfully
░░ Defined-By: systemd
░░ Support: https://lists.freedesktop.org/mailman/listinfo/systemd-devel
░░ 
░░ A start job for unit systemd-update-utmp-runlevel.service has finished successfully.
░░ 
░░ The job identifier is 93.
Oct 19 23:24:55 openeuler systemd[1]: Startup finished in 2.476s (kernel) + 26.771s (userspace) = 29.248s.
░░ Subject: System start-up is now complete
░░ Defined-By: systemd
░░ Support: https://lists.freedesktop.org/mailman/listinfo/systemd-devel
░░ 
░░ All system services necessary queued for starting at boot have been
░░ started. Note that this does not mean that the machine is now idle as services
░░ might still be busy with completing start-up.
░░ 
░░ Kernel start-up required 2476645 microseconds.
░░ 
░░ Initrd start-up required INITRD_USEC microseconds.
░░ 
░░ Userspace start-up required 26771626 microseconds.
Oct 19 23:24:55 openeuler rsyslogd[711]: imjournal: journal files changed, reloading...  [v8.2210.0 try https://www.rsyslog.com/e/0 ]
Oct 19 23:24:56 openeuler NetworkManager[353]: <info>  [1697729096.0366] policy: set 'Wired connection 1' (enp0s2) as default for IPv6 routing and DNS
Oct 19 23:24:56 openeuler sshd[740]: Connection from 10.0.2.2 port 59092 on 10.0.2.15 port 22 rdomain ""
Oct 19 23:24:56 openeuler sshd[740]: Connection closed by 10.0.2.2 port 59092 [preauth]
Oct 19 23:24:58 openeuler sshd[742]: Connection from 10.0.2.2 port 52312 on 10.0.2.15 port 22 rdomain ""
Oct 19 23:24:58 openeuler sshd[743]: Connection from 10.0.2.2 port 54660 on 10.0.2.15 port 22 rdomain ""
Oct 19 23:24:58 openeuler sshd[743]: Connection closed by 10.0.2.2 port 54660 [preauth]
Oct 19 23:24:58 openeuler sshd[742]: Accepted password for root from 10.0.2.2 port 52312 ssh2
Oct 19 23:24:58 openeuler sshd[742]: pam_unix(sshd:session): session opened for user root(uid=0) by root(uid=0)
Oct 19 23:24:58 openeuler sshd[742]: User child is on pid 747
Oct 19 23:24:58 openeuler sshd[747]: Connection closed by 10.0.2.2 port 52312
Oct 19 23:24:58 openeuler sshd[747]: Transferred: sent 1792, received 1344 bytes
Oct 19 23:24:58 openeuler sshd[747]: Closing connection to 10.0.2.2 port 52312
Oct 19 23:24:58 openeuler sshd[742]: pam_unix(sshd:session): session closed for user root
Oct 19 23:24:58 openeuler sshd[746]: Connection from 10.0.2.2 port 52314 on 10.0.2.15 port 22 rdomain ""
Oct 19 23:24:58 openeuler sshd[746]: Accepted password for root from 10.0.2.2 port 52314 ssh2
Oct 19 23:24:58 openeuler sshd[746]: pam_unix(sshd:session): session opened for user root(uid=0) by root(uid=0)
Oct 19 23:24:58 openeuler sshd[746]: User child is on pid 749
Oct 19 23:24:58 openeuler sshd[749]: Starting session: command for root from 10.0.2.2 port 52314 id 0
Oct 19 23:25:00 openeuler chronyd[317]: Selected source 119.28.206.193 (pool.ntp.org)
Oct 19 23:25:00 openeuler chronyd[317]: System clock wrong by 63.424611 seconds
Oct 19 23:26:03 openeuler systemd[1]: Time has been changed
░░ Subject: Time change
░░ Defined-By: systemd
░░ Support: https://lists.freedesktop.org/mailman/listinfo/systemd-devel
░░ 
░░ The system clock has been changed to REALTIME microseconds after January 1st, 1970.
