+ source /root/mugen/libs/locallibs/common_lib.sh
++ python3 --version
++ '[' 0 -eq 0 ']'
++ source /root/mugen/libs/locallibs/common_lib_python.sh
+ main
++ type -t post_test
+ '[' -n function ']'
+ trap post_test EXIT INT HUP TERM
+ rpm -qa
+ grep expect
++ type -t config_params
+ '[' -n '' ']'
++ type -t pre_test
+ '[' -n '' ']'
++ type -t run_test
+ '[' -n function ']'
+ run_test
+ LOG_INFO 'Start executing testcase.'
+ message='Start executing testcase.'
+ python3 /root/mugen/libs/locallibs/mugen_log.py --level info --message 'Start executing testcase.'
Fri Oct 20 03:48:44 2023 - INFO  - Start executing testcase.
+ ls /var/log
README
audit
boot.log
btmp
chrony
cron
dnf.librepo.log
dnf.log
dnf.rpm.log
dracut.log
extend-root.log
firewalld
hawkey.log
lastlog
maillog
messages
openEuler-security.log
private
samba
secure
spooler
systemtap.log
tallylog
tuned
wtmp
+ CHECK_RESULT 0
+ actual_result=0
+ expect_result=0
+ mode=0
+ error_log=
+ exit_mode=0
+ '[' -z 0 ']'
+ '[' 0 -eq 0 ']'
+ test 0x '!=' 0x
+ return 0
+ tail -f /var/log/messages
++ cat log
++ wc -l
+ row01=10
+ SLEEP_WAIT 5
+ wait_time=5
+ cmd=
+ mode=1
+ python3 /root/mugen/libs/locallibs/sleep_wait.py --time 5 --cmd '' --mode 1
++ cat log
++ wc -l
+ row02=38
+ '[' 10 -le 38 ']'
+ CHECK_RESULT 0
+ actual_result=0
+ expect_result=0
+ mode=0
+ error_log=
+ exit_mode=0
+ '[' -z 0 ']'
+ '[' 0 -eq 0 ']'
+ test 0x '!=' 0x
+ return 0
+ cat /var/log/messages
Oct 19 21:08:50 openeuler kernel: [    0.000000] Linux version 6.4.0-10.1.0.20.oe2309.riscv64 (abuild@ubuntu) (gcc_old (GCC) 12.3.1 (openEuler 12.3.1-16.oe2309), GNU ld (GNU Binutils) 2.40) #1 SMP Sat Oct  7 06:19:28 UTC 2023
Oct 19 21:08:50 openeuler kernel: [    0.000000] random: crng init done
Oct 19 21:08:50 openeuler kernel: [    0.000000] Machine model: riscv-virtio,qemu
Oct 19 21:08:50 openeuler kernel: [    0.000000] earlycon: ns16550a0 at MMIO 0x0000000010000000 (options '')
Oct 19 21:08:50 openeuler kernel: [    0.000000] printk: bootconsole [ns16550a0] enabled
Oct 19 21:08:50 openeuler kernel: [    0.000000] Disabled 4-level and 5-level paging
Oct 19 21:08:50 openeuler kernel: [    0.000000] efi: UEFI not found.
Oct 19 21:08:50 openeuler kernel: [    0.000000] OF: reserved mem: 0x0000000080000000..0x000000008003ffff (256 KiB) map non-reusable mmode_resv0@80000000
Oct 19 21:08:50 openeuler kernel: [    0.000000] cma: Reserved 64 MiB at 0x00000000fb600000
Oct 19 21:08:50 openeuler kernel: [    0.000000] NUMA: No NUMA configuration found
Oct 19 21:08:50 openeuler kernel: [    0.000000] NUMA: Faking a node at [mem 0x0000000080000000-0x00000000ffffffff]
Oct 19 21:08:50 openeuler kernel: [    0.000000] NUMA: NODE_DATA [mem 0xfffed340-0xffff1fff]
Oct 19 21:08:50 openeuler kernel: [    0.000000] Zone ranges:
Oct 19 21:08:50 openeuler kernel: [    0.000000]   DMA32    [mem 0x0000000080000000-0x00000000ffffffff]
Oct 19 21:08:50 openeuler kernel: [    0.000000]   Normal   empty
Oct 19 21:08:50 openeuler kernel: [    0.000000] Movable zone start for each node
Oct 19 21:08:50 openeuler kernel: [    0.000000] Early memory node ranges
Oct 19 21:08:50 openeuler kernel: [    0.000000]   node   0: [mem 0x0000000080000000-0x00000000ffffffff]
Oct 19 21:08:50 openeuler kernel: [    0.000000] Initmem setup node 0 [mem 0x0000000080000000-0x00000000ffffffff]
Oct 19 21:08:50 openeuler kernel: [    0.000000] SBI specification v1.0 detected
Oct 19 21:08:50 openeuler kernel: [    0.000000] SBI implementation ID=0x1 Version=0x10002
Oct 19 21:08:50 openeuler kernel: [    0.000000] SBI TIME extension detected
Oct 19 21:08:50 openeuler kernel: [    0.000000] SBI IPI extension detected
Oct 19 21:08:50 openeuler kernel: [    0.000000] SBI RFENCE extension detected
Oct 19 21:08:50 openeuler kernel: [    0.000000] SBI SRST extension detected
Oct 19 21:08:50 openeuler kernel: [    0.000000] SBI HSM extension detected
Oct 19 21:08:50 openeuler kernel: [    0.000000] riscv: base ISA extensions acdfhim
Oct 19 21:08:50 openeuler kernel: [    0.000000] riscv: ELF capabilities acdfim
Oct 19 21:08:50 openeuler kernel: [    0.000000] percpu: cpu 0 has no node -1 or node-local memory
Oct 19 21:08:50 openeuler kernel: [    0.000000] percpu: Embedded 30 pages/cpu s82152 r8192 d32536 u122880
Oct 19 21:08:50 openeuler kernel: [    0.000000] Kernel command line: root=/dev/vda2 rw console=ttyS0 systemd.default_timeout_start_sec=600 selinux=0 highres=off earlycon no4lvl
Oct 19 21:08:50 openeuler kernel: [    0.000000] Dentry cache hash table entries: 262144 (order: 9, 2097152 bytes, linear)
Oct 19 21:08:50 openeuler kernel: [    0.000000] Inode-cache hash table entries: 131072 (order: 8, 1048576 bytes, linear)
Oct 19 21:08:50 openeuler kernel: [    0.000000] Fallback order for Node 0: 0 
Oct 19 21:08:50 openeuler kernel: [    0.000000] Built 1 zonelists, mobility grouping on.  Total pages: 516096
Oct 19 21:08:50 openeuler kernel: [    0.000000] Policy zone: DMA32
Oct 19 21:08:50 openeuler kernel: [    0.000000] mem auto-init: stack:off, heap alloc:off, heap free:off
Oct 19 21:08:50 openeuler kernel: [    0.000000] stackdepot: allocating hash table via alloc_large_system_hash
Oct 19 21:08:50 openeuler kernel: [    0.000000] stackdepot hash table entries: 131072 (order: 8, 1048576 bytes, linear)
Oct 19 21:08:50 openeuler kernel: [    0.000000] Virtual kernel memory layout:
Oct 19 21:08:50 openeuler kernel: [    0.000000]       fixmap : 0xffffffc6fea00000 - 0xffffffc6ff000000   (6144 kB)
Oct 19 21:08:50 openeuler kernel: [    0.000000]       pci io : 0xffffffc6ff000000 - 0xffffffc700000000   (  16 MB)
Oct 19 21:08:50 openeuler kernel: [    0.000000]      vmemmap : 0xffffffc700000000 - 0xffffffc800000000   (4096 MB)
Oct 19 21:08:50 openeuler kernel: [    0.000000]      vmalloc : 0xffffffc800000000 - 0xffffffd800000000   (  64 GB)
Oct 19 21:08:50 openeuler kernel: [    0.000000]      modules : 0xffffffff0259d000 - 0xffffffff80000000   (2010 MB)
Oct 19 21:08:50 openeuler kernel: [    0.000000]       lowmem : 0xffffffd800000000 - 0xffffffd880000000   (2048 MB)
Oct 19 21:08:50 openeuler kernel: [    0.000000]       kernel : 0xffffffff80000000 - 0xffffffffffffffff   (2047 MB)
Oct 19 21:08:50 openeuler kernel: [    0.000000] Memory: 1938560K/2097152K available (11986K kernel code, 8843K rwdata, 10240K rodata, 2687K init, 4455K bss, 93056K reserved, 65536K cma-reserved)
Oct 19 21:08:50 openeuler kernel: [    0.000000] SLUB: HWalign=64, Order=0-3, MinObjects=0, CPUs=4, Nodes=1
Oct 19 21:08:50 openeuler kernel: [    0.000000] ftrace: allocating 44076 entries in 173 pages
Oct 19 21:08:50 openeuler kernel: [    0.000000] ftrace: allocated 173 pages with 5 groups
Oct 19 21:08:50 openeuler kernel: [    0.000000] trace event string verifier disabled
Oct 19 21:08:50 openeuler kernel: [    0.000000] rcu: Hierarchical RCU implementation.
Oct 19 21:08:50 openeuler kernel: [    0.000000] rcu: #011RCU restricting CPUs from NR_CPUS=512 to nr_cpu_ids=4.
Oct 19 21:08:50 openeuler kernel: [    0.000000] #011Rude variant of Tasks RCU enabled.
Oct 19 21:08:50 openeuler kernel: [    0.000000] #011Tracing variant of Tasks RCU enabled.
Oct 19 21:08:50 openeuler kernel: [    0.000000] rcu: RCU calculated value of scheduler-enlistment delay is 25 jiffies.
Oct 19 21:08:50 openeuler kernel: [    0.000000] rcu: Adjusting geometry for rcu_fanout_leaf=16, nr_cpu_ids=4
Oct 19 21:08:50 openeuler kernel: [    0.000000] NR_IRQS: 64, nr_irqs: 64, preallocated irqs: 0
Oct 19 21:08:50 openeuler kernel: [    0.000000] riscv-intc: 64 local interrupts mapped
Oct 19 21:08:50 openeuler kernel: [    0.000000] plic: plic@c000000: mapped 95 interrupts with 4 handlers for 8 contexts.
Oct 19 21:08:50 openeuler kernel: [    0.000000] riscv: providing IPIs using SBI IPI extension
Oct 19 21:08:50 openeuler kernel: [    0.000000] rcu: srcu_init: Setting srcu_struct sizes based on contention.
Oct 19 21:08:50 openeuler kernel: [    0.000000] riscv-timer: riscv_timer_init_dt: Registering clocksource cpuid [0] hartid [3]
Oct 19 21:08:50 openeuler kernel: [    0.000000] clocksource: riscv_clocksource: mask: 0xffffffffffffffff max_cycles: 0x24e6a1710, max_idle_ns: 440795202120 ns
Oct 19 21:08:50 openeuler kernel: [    0.000095] sched_clock: 64 bits at 10MHz, resolution 100ns, wraps every 4398046511100ns
Oct 19 21:08:50 openeuler kernel: [    0.000597] riscv-timer: Timer interrupt in S-mode is available via sstc extension
Oct 19 21:08:50 openeuler kernel: [    0.009264] Console: colour dummy device 80x25
Oct 19 21:08:50 openeuler kernel: [    0.011381] Calibrating delay loop (skipped), value calculated using timer frequency.. 20.00 BogoMIPS (lpj=40000)
Oct 19 21:08:50 openeuler kernel: [    0.012215] pid_max: default: 32768 minimum: 301
Oct 19 21:08:50 openeuler kernel: [    0.014004] LSM: initializing lsm=lockdown,capability,yama,apparmor,integrity
Oct 19 21:08:50 openeuler kernel: [    0.014683] Yama: becoming mindful.
Oct 19 21:08:50 openeuler kernel: [    0.016799] AppArmor: AppArmor initialized
Oct 19 21:08:50 openeuler kernel: [    0.019481] Mount-cache hash table entries: 4096 (order: 3, 32768 bytes, linear)
Oct 19 21:08:50 openeuler kernel: [    0.019900] Mountpoint-cache hash table entries: 4096 (order: 3, 32768 bytes, linear)
Oct 19 21:08:50 openeuler kernel: [    0.051813] cblist_init_generic: Setting adjustable number of callback queues.
Oct 19 21:08:50 openeuler kernel: [    0.052384] cblist_init_generic: Setting shift to 2 and lim to 1.
Oct 19 21:08:50 openeuler kernel: [    0.053023] cblist_init_generic: Setting shift to 2 and lim to 1.
Oct 19 21:08:50 openeuler kernel: [    0.053990] riscv: ELF compat mode supported
Oct 19 21:08:50 openeuler kernel: [    0.054299] ASID allocator using 16 bits (65536 entries)
Oct 19 21:08:50 openeuler kernel: [    0.055762] rcu: Hierarchical SRCU implementation.
Oct 19 21:08:50 openeuler kernel: [    0.056050] rcu: #011Max phase no-delay instances is 1000.
Oct 19 21:08:50 openeuler kernel: [    0.062734] EFI services will not be available.
Oct 19 21:08:50 openeuler kernel: [    0.064586] smp: Bringing up secondary CPUs ...
Oct 19 21:08:50 openeuler kernel: [    0.079156] smp: Brought up 1 node, 4 CPUs
Oct 19 21:08:50 openeuler kernel: [    0.092257] devtmpfs: initialized
Oct 19 21:08:50 openeuler kernel: [    0.103580] clocksource: jiffies: mask: 0xffffffff max_cycles: 0xffffffff, max_idle_ns: 7645041785100000 ns
Oct 19 21:08:50 openeuler kernel: [    0.104084] futex hash table entries: 1024 (order: 4, 65536 bytes, linear)
Oct 19 21:08:50 openeuler kernel: [    0.108842] pinctrl core: initialized pinctrl subsystem
Oct 19 21:08:50 openeuler kernel: [    0.125351] NET: Registered PF_NETLINK/PF_ROUTE protocol family
Oct 19 21:08:50 openeuler kernel: [    0.137480] DMA: preallocated 256 KiB GFP_KERNEL pool for atomic allocations
Oct 19 21:08:50 openeuler kernel: [    0.138204] DMA: preallocated 256 KiB GFP_KERNEL|GFP_DMA32 pool for atomic allocations
Oct 19 21:08:50 openeuler kernel: [    0.138705] audit: initializing netlink subsys (disabled)
Oct 19 21:08:50 openeuler kernel: [    0.140431] audit: type=2000 audit(0.128:1): state=initialized audit_enabled=0 res=1
Oct 19 21:08:50 openeuler kernel: [    0.142854] thermal_sys: Registered thermal governor 'fair_share'
Oct 19 21:08:50 openeuler kernel: [    0.142888] thermal_sys: Registered thermal governor 'step_wise'
Oct 19 21:08:50 openeuler kernel: [    0.143124] thermal_sys: Registered thermal governor 'user_space'
Oct 19 21:08:50 openeuler kernel: [    0.143675] cpuidle: using governor menu
Oct 19 21:08:50 openeuler kernel: [    0.170449] HugeTLB: registered 1.00 GiB page size, pre-allocated 0 pages
Oct 19 21:08:50 openeuler kernel: [    0.170870] HugeTLB: 16380 KiB vmemmap can be freed for a 1.00 GiB page
Oct 19 21:08:50 openeuler kernel: [    0.171270] HugeTLB: registered 2.00 MiB page size, pre-allocated 0 pages
Oct 19 21:08:50 openeuler kernel: [    0.171584] HugeTLB: 28 KiB vmemmap can be freed for a 2.00 MiB page
Oct 19 21:08:50 openeuler kernel: [    0.187553] iommu: Default domain type: Translated 
Oct 19 21:08:50 openeuler kernel: [    0.187869] iommu: DMA domain TLB invalidation policy: strict mode 
Oct 19 21:08:50 openeuler kernel: [    0.191551] SCSI subsystem initialized
Oct 19 21:08:50 openeuler kernel: [    0.194655] usbcore: registered new interface driver usbfs
Oct 19 21:08:50 openeuler kernel: [    0.195282] usbcore: registered new interface driver hub
Oct 19 21:08:50 openeuler kernel: [    0.195825] usbcore: registered new device driver usb
Oct 19 21:08:50 openeuler kernel: [    0.196811] pps_core: LinuxPPS API ver. 1 registered
Oct 19 21:08:50 openeuler kernel: [    0.197072] pps_core: Software ver. 5.3.6 - Copyright 2005-2007 Rodolfo Giometti <giometti@linux.it>
Oct 19 21:08:50 openeuler kernel: [    0.197588] PTP clock support registered
Oct 19 21:08:50 openeuler kernel: [    0.198924] EDAC MC: Ver: 3.0.0
Oct 19 21:08:50 openeuler kernel: [    0.213472] NetLabel: Initializing
Oct 19 21:08:50 openeuler kernel: [    0.213779] NetLabel:  domain hash size = 128
Oct 19 21:08:50 openeuler kernel: [    0.214000] NetLabel:  protocols = UNLABELED CIPSOv4 CALIPSO
Oct 19 21:08:50 openeuler kernel: [    0.215541] NetLabel:  unlabeled traffic allowed by default
Oct 19 21:08:50 openeuler kernel: [    0.219598] vgaarb: loaded
Oct 19 21:08:50 openeuler kernel: [    0.773741] clocksource: Switched to clocksource riscv_clocksource
Oct 19 21:08:50 openeuler kernel: [    0.982412] VFS: Disk quotas dquot_6.6.0
Oct 19 21:08:50 openeuler kernel: [    0.982967] VFS: Dquot-cache hash table entries: 512 (order 0, 4096 bytes)
Oct 19 21:08:50 openeuler kernel: [    0.987991] AppArmor: AppArmor Filesystem Enabled
Oct 19 21:08:50 openeuler kernel: [    1.024931] NET: Registered PF_INET protocol family
Oct 19 21:08:50 openeuler kernel: [    1.026559] IP idents hash table entries: 32768 (order: 6, 262144 bytes, linear)
Oct 19 21:08:50 openeuler kernel: [    1.034956] tcp_listen_portaddr_hash hash table entries: 1024 (order: 2, 16384 bytes, linear)
Oct 19 21:08:50 openeuler kernel: [    1.035433] Table-perturb hash table entries: 65536 (order: 6, 262144 bytes, linear)
Oct 19 21:08:50 openeuler kernel: [    1.035793] TCP established hash table entries: 16384 (order: 5, 131072 bytes, linear)
Oct 19 21:08:50 openeuler kernel: [    1.036327] TCP bind hash table entries: 16384 (order: 7, 524288 bytes, linear)
Oct 19 21:08:50 openeuler kernel: [    1.036954] TCP: Hash tables configured (established 16384 bind 16384)
Oct 19 21:08:50 openeuler kernel: [    1.038545] UDP hash table entries: 1024 (order: 3, 32768 bytes, linear)
Oct 19 21:08:50 openeuler kernel: [    1.039029] UDP-Lite hash table entries: 1024 (order: 3, 32768 bytes, linear)
Oct 19 21:08:50 openeuler kernel: [    1.041098] NET: Registered PF_UNIX/PF_LOCAL protocol family
Oct 19 21:08:50 openeuler kernel: [    1.045893] RPC: Registered named UNIX socket transport module.
Oct 19 21:08:50 openeuler kernel: [    1.046257] RPC: Registered udp transport module.
Oct 19 21:08:50 openeuler kernel: [    1.046484] RPC: Registered tcp transport module.
Oct 19 21:08:50 openeuler kernel: [    1.046671] RPC: Registered tcp NFSv4.1 backchannel transport module.
Oct 19 21:08:50 openeuler kernel: [    1.047000] PCI: CLS 0 bytes, default 64
Oct 19 21:08:50 openeuler kernel: [    1.052167] Initialise system trusted keyrings
Oct 19 21:08:50 openeuler kernel: [    1.053747] Key type blacklist registered
Oct 19 21:08:50 openeuler kernel: [    1.054957] workingset: timestamp_bits=39 max_order=19 bucket_order=0
Oct 19 21:08:50 openeuler kernel: [    1.055575] zbud: loaded
Oct 19 21:08:50 openeuler kernel: [    1.061908] NFS: Registering the id_resolver key type
Oct 19 21:08:50 openeuler kernel: [    1.062341] Key type id_resolver registered
Oct 19 21:08:50 openeuler kernel: [    1.062525] Key type id_legacy registered
Oct 19 21:08:50 openeuler kernel: [    1.063080] nfs4filelayout_init: NFSv4 File Layout Driver Registering...
Oct 19 21:08:50 openeuler kernel: [    1.064272] 9p: Installing v9fs 9p2000 file system support
Oct 19 21:08:50 openeuler kernel: [    1.067478] integrity: Platform Keyring initialized
Oct 19 21:08:50 openeuler kernel: [    1.082868] NET: Registered PF_ALG protocol family
Oct 19 21:08:50 openeuler kernel: [    1.083349] Key type asymmetric registered
Oct 19 21:08:50 openeuler kernel: [    1.083609] Asymmetric key parser 'x509' registered
Oct 19 21:08:50 openeuler kernel: [    1.084215] Block layer SCSI generic (bsg) driver version 0.4 loaded (major 245)
Oct 19 21:08:50 openeuler kernel: [    1.085551] io scheduler mq-deadline registered
Oct 19 21:08:50 openeuler kernel: [    1.085797] io scheduler kyber registered
Oct 19 21:08:50 openeuler kernel: [    1.086218] io scheduler bfq registered
Oct 19 21:08:50 openeuler kernel: [    1.110172] shpchp: Standard Hot Plug PCI Controller Driver version: 0.4
Oct 19 21:08:50 openeuler kernel: [    1.111146] pci-host-generic 30000000.pci: host bridge /soc/pci@30000000 ranges:
Oct 19 21:08:50 openeuler kernel: [    1.112024] pci-host-generic 30000000.pci:       IO 0x0003000000..0x000300ffff -> 0x0000000000
Oct 19 21:08:50 openeuler kernel: [    1.112757] pci-host-generic 30000000.pci:      MEM 0x0040000000..0x007fffffff -> 0x0040000000
Oct 19 21:08:50 openeuler kernel: [    1.113189] pci-host-generic 30000000.pci:      MEM 0x0400000000..0x07ffffffff -> 0x0400000000
Oct 19 21:08:50 openeuler kernel: [    1.114111] pci-host-generic 30000000.pci: Memory resource size exceeds max for 32 bits
Oct 19 21:08:50 openeuler kernel: [    1.114740] pci-host-generic 30000000.pci: ECAM at [mem 0x30000000-0x3fffffff] for [bus 00-ff]
Oct 19 21:08:50 openeuler kernel: [    1.117681] pci-host-generic 30000000.pci: PCI host bridge to bus 0000:00
Oct 19 21:08:50 openeuler kernel: [    1.118141] pci_bus 0000:00: root bus resource [bus 00-ff]
Oct 19 21:08:50 openeuler kernel: [    1.118431] pci_bus 0000:00: root bus resource [io  0x0000-0xffff]
Oct 19 21:08:50 openeuler kernel: [    1.118701] pci_bus 0000:00: root bus resource [mem 0x40000000-0x7fffffff]
Oct 19 21:08:50 openeuler kernel: [    1.118961] pci_bus 0000:00: root bus resource [mem 0x400000000-0x7ffffffff]
Oct 19 21:08:50 openeuler kernel: [    1.120248] pci 0000:00:00.0: [1b36:0008] type 00 class 0x060000
Oct 19 21:08:50 openeuler kernel: [    1.123619] pci 0000:00:01.0: [1af4:1050] type 00 class 0x038000
Oct 19 21:08:50 openeuler kernel: [    1.125415] pci 0000:00:01.0: reg 0x14: [mem 0x40000000-0x40000fff]
Oct 19 21:08:50 openeuler kernel: [    1.127931] pci 0000:00:01.0: reg 0x20: [mem 0x40004000-0x40007fff 64bit pref]
Oct 19 21:08:50 openeuler kernel: [    1.129214] pci 0000:00:02.0: [1b36:000d] type 00 class 0x0c0330
Oct 19 21:08:50 openeuler kernel: [    1.129781] pci 0000:00:02.0: reg 0x10: [mem 0x40008000-0x4000bfff 64bit]
Oct 19 21:08:50 openeuler kernel: [    1.133171] pci 0000:00:01.0: BAR 4: assigned [mem 0x400000000-0x400003fff 64bit pref]
Oct 19 21:08:50 openeuler kernel: [    1.134658] pci 0000:00:02.0: BAR 0: assigned [mem 0x400004000-0x400007fff 64bit]
Oct 19 21:08:50 openeuler kernel: [    1.135339] pci 0000:00:01.0: BAR 1: assigned [mem 0x40000000-0x40000fff]
Oct 19 21:08:50 openeuler kernel: [    1.148742] Serial: 8250/16550 driver, 4 ports, IRQ sharing enabled
Oct 19 21:08:50 openeuler kernel: [    1.158738] printk: console [ttyS0] disabled
Oct 19 21:08:50 openeuler kernel: [    1.160580] 10000000.serial: ttyS0 at MMIO 0x10000000 (irq = 13, base_baud = 230400) is a 16550A
Oct 19 21:08:50 openeuler kernel: [    1.162162] printk: console [ttyS0] enabled
Oct 19 21:08:50 openeuler kernel: [    1.162796] printk: bootconsole [ns16550a0] disabled
Oct 19 21:08:50 openeuler kernel: [    1.172719] loop: module loaded
Oct 19 21:08:50 openeuler kernel: [    1.173615] virtio_blk virtio1: 1/0/0 default/read/poll queues
Oct 19 21:08:50 openeuler kernel: [    1.181977] virtio_blk virtio1: [vda] 33554432 512-byte logical blocks (17.2 GB/16.0 GiB)
Oct 19 21:08:50 openeuler kernel: [    1.199022]  vda: vda1 vda2
Oct 19 21:08:50 openeuler kernel: [    1.204757] rdac: device handler registered
Oct 19 21:08:50 openeuler kernel: [    1.205630] hp_sw: device handler registered
Oct 19 21:08:50 openeuler kernel: [    1.205834] emc: device handler registered
Oct 19 21:08:50 openeuler kernel: [    1.206444] alua: device handler registered
Oct 19 21:08:50 openeuler kernel: [    1.216801] e1000e: Intel(R) PRO/1000 Network Driver
Oct 19 21:08:50 openeuler kernel: [    1.217046] e1000e: Copyright(c) 1999 - 2015 Intel Corporation.
Oct 19 21:08:50 openeuler kernel: [    1.220822] xhci_hcd 0000:00:02.0: xHCI Host Controller
Oct 19 21:08:50 openeuler kernel: [    1.222262] xhci_hcd 0000:00:02.0: new USB bus registered, assigned bus number 1
Oct 19 21:08:50 openeuler kernel: [    1.225841] xhci_hcd 0000:00:02.0: hcc params 0x00087001 hci version 0x100 quirks 0x0000000000000010
Oct 19 21:08:50 openeuler kernel: [    1.228558] xhci_hcd 0000:00:02.0: xHCI Host Controller
Oct 19 21:08:50 openeuler kernel: [    1.229647] xhci_hcd 0000:00:02.0: new USB bus registered, assigned bus number 2
Oct 19 21:08:50 openeuler kernel: [    1.230032] xhci_hcd 0000:00:02.0: Host supports USB 3.0 SuperSpeed
Oct 19 21:08:50 openeuler kernel: [    1.233733] usb usb1: New USB device found, idVendor=1d6b, idProduct=0002, bcdDevice= 6.04
Oct 19 21:08:50 openeuler kernel: [    1.234064] usb usb1: New USB device strings: Mfr=3, Product=2, SerialNumber=1
Oct 19 21:08:50 openeuler kernel: [    1.234361] usb usb1: Product: xHCI Host Controller
Oct 19 21:08:50 openeuler kernel: [    1.234615] usb usb1: Manufacturer: Linux 6.4.0-10.1.0.20.oe2309.riscv64 xhci-hcd
Oct 19 21:08:50 openeuler kernel: [    1.234895] usb usb1: SerialNumber: 0000:00:02.0
Oct 19 21:08:50 openeuler kernel: [    1.238266] hub 1-0:1.0: USB hub found
Oct 19 21:08:50 openeuler kernel: [    1.238981] hub 1-0:1.0: 4 ports detected
Oct 19 21:08:50 openeuler kernel: [    1.242955] usb usb2: We don't know the algorithms for LPM for this host, disabling LPM.
Oct 19 21:08:50 openeuler kernel: [    1.243697] usb usb2: New USB device found, idVendor=1d6b, idProduct=0003, bcdDevice= 6.04
Oct 19 21:08:50 openeuler kernel: [    1.243998] usb usb2: New USB device strings: Mfr=3, Product=2, SerialNumber=1
Oct 19 21:08:50 openeuler kernel: [    1.244252] usb usb2: Product: xHCI Host Controller
Oct 19 21:08:50 openeuler kernel: [    1.244436] usb usb2: Manufacturer: Linux 6.4.0-10.1.0.20.oe2309.riscv64 xhci-hcd
Oct 19 21:08:50 openeuler kernel: [    1.244697] usb usb2: SerialNumber: 0000:00:02.0
Oct 19 21:08:50 openeuler kernel: [    1.246095] hub 2-0:1.0: USB hub found
Oct 19 21:08:50 openeuler kernel: [    1.246465] hub 2-0:1.0: 4 ports detected
Oct 19 21:08:50 openeuler kernel: [    1.249507] usbcore: registered new interface driver uas
Oct 19 21:08:50 openeuler kernel: [    1.249942] usbcore: registered new interface driver usb-storage
Oct 19 21:08:50 openeuler kernel: [    1.250973] mousedev: PS/2 mouse device common for all mice
Oct 19 21:08:50 openeuler kernel: [    1.254128] goldfish_rtc 101000.rtc: registered as rtc0
Oct 19 21:08:50 openeuler kernel: [    1.254746] goldfish_rtc 101000.rtc: setting system clock to 2023-10-19T13:08:46 UTC (1697720926)
Oct 19 21:08:50 openeuler kernel: [    1.257888] syscon-poweroff poweroff: pm_power_off already claimed for sbi_srst_power_off
Oct 19 21:08:50 openeuler kernel: [    1.258413] syscon-poweroff: probe of poweroff failed with error -16
Oct 19 21:08:50 openeuler kernel: [    1.259888] sdhci: Secure Digital Host Controller Interface driver
Oct 19 21:08:50 openeuler kernel: [    1.260148] sdhci: Copyright(c) Pierre Ossman
Oct 19 21:08:50 openeuler kernel: [    1.260420] sdhci-pltfm: SDHCI platform and OF driver helper
Oct 19 21:08:50 openeuler kernel: [    1.261387] hid: raw HID events driver (C) Jiri Kosina
Oct 19 21:08:50 openeuler kernel: [    1.263421] usbcore: registered new interface driver usbhid
Oct 19 21:08:50 openeuler kernel: [    1.263655] usbhid: USB HID core driver
Oct 19 21:08:50 openeuler kernel: [    1.264253] riscv-pmu-sbi: SBI PMU extension is available
Oct 19 21:08:50 openeuler kernel: [    1.264911] riscv-pmu-sbi: 16 firmware and 18 hardware counters
Oct 19 21:08:50 openeuler kernel: [    1.265191] riscv-pmu-sbi: Perf sampling/filtering is not supported as sscof extension is not available
Oct 19 21:08:50 openeuler kernel: [    1.321724] NET: Registered PF_INET6 protocol family
Oct 19 21:08:50 openeuler kernel: [    1.329800] Segment Routing with IPv6
Oct 19 21:08:50 openeuler kernel: [    1.330170] In-situ OAM (IOAM) with IPv6
Oct 19 21:08:50 openeuler kernel: [    1.330893] NET: Registered PF_PACKET protocol family
Oct 19 21:08:50 openeuler kernel: [    1.332134] 9pnet: Installing 9P2000 support
Oct 19 21:08:50 openeuler kernel: [    1.332698] Key type dns_resolver registered
Oct 19 21:08:50 openeuler kernel: [    1.362269] registered taskstats version 1
Oct 19 21:08:50 openeuler kernel: [    1.367594] Loading compiled-in X.509 certificates
Oct 19 21:08:50 openeuler kernel: [    1.451242] Loaded X.509 cert 'Build time autogenerated kernel key: f3552848e98f6683260e8d968e466f8236285f5e'
Oct 19 21:08:50 openeuler kernel: [    1.487757] kmemleak: Kernel memory leak detector initialized (mem pool available: 15741)
Oct 19 21:08:50 openeuler kernel: [    1.487813] kmemleak: Automatic memory scanning thread started
Oct 19 21:08:50 openeuler kernel: [    1.498067] usb 1-1: new high-speed USB device number 2 using xhci_hcd
Oct 19 21:08:50 openeuler kernel: [    1.526111] Key type encrypted registered
Oct 19 21:08:50 openeuler kernel: [    1.526570] AppArmor: AppArmor sha1 policy hashing enabled
Oct 19 21:08:50 openeuler kernel: [    1.527579] ima: No TPM chip found, activating TPM-bypass!
Oct 19 21:08:50 openeuler kernel: [    1.528153] ima: Allocated hash algorithm: sha256
Oct 19 21:08:50 openeuler kernel: [    1.531037] ima: No architecture policies found
Oct 19 21:08:50 openeuler kernel: [    1.532229] evm: Initialising EVM extended attributes:
Oct 19 21:08:50 openeuler kernel: [    1.532491] evm: security.selinux
Oct 19 21:08:50 openeuler kernel: [    1.532702] evm: security.SMACK64 (disabled)
Oct 19 21:08:50 openeuler kernel: [    1.532916] evm: security.SMACK64EXEC (disabled)
Oct 19 21:08:50 openeuler kernel: [    1.533209] evm: security.SMACK64TRANSMUTE (disabled)
Oct 19 21:08:50 openeuler kernel: [    1.533807] evm: security.SMACK64MMAP (disabled)
Oct 19 21:08:50 openeuler kernel: [    1.534201] evm: security.apparmor
Oct 19 21:08:50 openeuler kernel: [    1.534442] evm: security.ima
Oct 19 21:08:50 openeuler kernel: [    1.534655] evm: security.capability
Oct 19 21:08:50 openeuler kernel: [    1.534916] evm: HMAC attrs: 0x1
Oct 19 21:08:50 openeuler kernel: [    1.652236] usb 1-1: New USB device found, idVendor=0627, idProduct=0001, bcdDevice= 0.00
Oct 19 21:08:50 openeuler kernel: [    1.653217] usb 1-1: New USB device strings: Mfr=1, Product=4, SerialNumber=11
Oct 19 21:08:50 openeuler kernel: [    1.654256] usb 1-1: Product: QEMU USB Keyboard
Oct 19 21:08:50 openeuler kernel: [    1.654803] usb 1-1: Manufacturer: QEMU
Oct 19 21:08:50 openeuler kernel: [    1.655300] usb 1-1: SerialNumber: 68284-0000:00:02.0-1
Oct 19 21:08:50 openeuler kernel: [    1.672653] input: QEMU QEMU USB Keyboard as /devices/platform/soc/30000000.pci/pci0000:00/0000:00:02.0/usb1/1-1/1-1:1.0/0003:0627:0001.0001/input/input0
Oct 19 21:08:50 openeuler kernel: [    1.739717] hid-generic 0003:0627:0001.0001: input,hidraw0: USB HID v1.11 Keyboard [QEMU QEMU USB Keyboard] on usb-0000:00:02.0-1/input0
Oct 19 21:08:50 openeuler kernel: [    1.869587] usb 1-2: new high-speed USB device number 3 using xhci_hcd
Oct 19 21:08:50 openeuler kernel: [    1.975751] clk: Disabling unused clocks
Oct 19 21:08:50 openeuler kernel: [    1.983544] md: Waiting for all devices to be available before autodetect
Oct 19 21:08:50 openeuler kernel: [    1.984157] md: If you don't use raid, use raid=noautodetect
Oct 19 21:08:50 openeuler kernel: [    1.984687] md: Autodetecting RAID arrays.
Oct 19 21:08:50 openeuler kernel: [    1.985089] md: autorun ...
Oct 19 21:08:50 openeuler kernel: [    1.985362] md: ... autorun DONE.
Oct 19 21:08:50 openeuler kernel: [    2.019233] usb 1-2: New USB device found, idVendor=0627, idProduct=0001, bcdDevice= 0.00
Oct 19 21:08:50 openeuler kernel: [    2.019616] usb 1-2: New USB device strings: Mfr=1, Product=3, SerialNumber=10
Oct 19 21:08:50 openeuler kernel: [    2.020489] usb 1-2: Product: QEMU USB Tablet
Oct 19 21:08:50 openeuler kernel: [    2.020752] usb 1-2: Manufacturer: QEMU
Oct 19 21:08:50 openeuler kernel: [    2.020918] usb 1-2: SerialNumber: 28754-0000:00:02.0-2
Oct 19 21:08:50 openeuler kernel: [    2.027541] input: QEMU QEMU USB Tablet as /devices/platform/soc/30000000.pci/pci0000:00/0000:00:02.0/usb1/1-2/1-2:1.0/0003:0627:0001.0002/input/input1
Oct 19 21:08:50 openeuler kernel: [    2.030444] hid-generic 0003:0627:0001.0002: input,hidraw1: USB HID v0.01 Mouse [QEMU QEMU USB Tablet] on usb-0000:00:02.0-2/input0
Oct 19 21:08:50 openeuler kernel: [    2.039096] EXT4-fs (vda2): mounted filesystem 7d0aa4b2-3ab1-458f-8299-b7f0e7b77b16 r/w with ordered data mode. Quota mode: none.
Oct 19 21:08:50 openeuler kernel: [    2.040011] VFS: Mounted root (ext4 filesystem) on device 253:2.
Oct 19 21:08:50 openeuler kernel: [    2.045687] devtmpfs: mounted
Oct 19 21:08:50 openeuler kernel: [    2.050043] integrity: Unable to open file: /etc/keys/x509_ima.der (-2)
Oct 19 21:08:50 openeuler kernel: [    2.050193] integrity: Unable to open file: /etc/keys/x509_evm.der (-2)
Oct 19 21:08:50 openeuler kernel: [    2.143799] Freeing unused kernel image (initmem) memory: 2684K
Oct 19 21:08:50 openeuler kernel: [    2.159555] Run /sbin/init as init process
Oct 19 21:08:50 openeuler systemd[1]: [    2.609215] systemd v253-5.oe2309 running in system mode (+PAM +AUDIT +SELINUX -APPARMOR +IMA -SMACK +SECCOMP +GCRYPT +GNUTLS -OPENSSL +ACL +BLKID -CURL -ELFUTILS -FIDO2 +IDN2 -IDN -IPTC +KMOD -LIBCRYPTSETUP +LIBFDISK +PCRE2 -PWQUALITY +P11KIT -QRENCODE -TPM2 +BZIP2 +LZ4 +XZ +ZLIB -ZSTD -BPF_FRAMEWORK +XKBCOMMON +UTMP +SYSVINIT default-hierarchy=legacy)
Oct 19 21:08:50 openeuler systemd[1]: [    2.611452] Detected architecture riscv64.
Oct 19 21:08:50 openeuler systemd[1]: [    2.728286] Hostname set to <openeuler>.
Oct 19 21:08:50 openeuler systemd-sysv-generator[163]: [    3.205662] SysV service '/etc/rc.d/init.d/extend-root.sh' lacks a native systemd unit file. Automatically generating a unit file for compatibility. Please update package to include a native systemd unit file, in order to make it more safe and robust.
Oct 19 21:08:50 openeuler systemd[1]: [    3.691415] /usr/lib/systemd/system/dbus.socket:5: ListenStream= references a path below legacy directory /var/run/, updating /var/run/dbus/system_bus_socket → /run/dbus/system_bus_socket; please update the unit file accordingly.
Oct 19 21:08:50 openeuler systemd[1]: [    4.246397] Queued start job for default target Graphical Interface.
Oct 19 21:08:50 openeuler systemd[1]: [    4.398620] Created slice Slice /system/getty.
Oct 19 21:08:50 openeuler systemd[1]: [    4.408971] Created slice Slice /system/modprobe.
Oct 19 21:08:50 openeuler systemd[1]: [    4.417409] Created slice Slice /system/serial-getty.
Oct 19 21:08:50 openeuler systemd[1]: [    4.426328] Created slice Slice /system/sshd-keygen.
Oct 19 21:08:50 openeuler systemd[1]: [    4.434735] Created slice User and Session Slice.
Oct 19 21:08:50 openeuler systemd[1]: [    4.437847] Started Forward Password Requests to Wall Directory Watch.
Oct 19 21:08:50 openeuler systemd[1]: [    4.444451] Set up automount Arbitrary Executable File Formats File System Automount Point.
Oct 19 21:08:50 openeuler systemd[1]: [    4.447255] Reached target Slice Units.
Oct 19 21:08:50 openeuler systemd[1]: [    4.448498] Reached target Swaps.
Oct 19 21:08:50 openeuler systemd[1]: [    4.452163] Listening on Device-mapper event daemon FIFOs.
Oct 19 21:08:50 openeuler systemd[1]: [    4.455817] Listening on LVM2 poll daemon socket.
Oct 19 21:08:50 openeuler systemd[1]: [    4.459922] Listening on RPCbind Server Activation Socket.
Oct 19 21:08:50 openeuler systemd[1]: [    4.461735] Reached target RPC Port Mapper.
Oct 19 21:08:50 openeuler systemd[1]: [    4.476028] Listening on Process Core Dump Socket.
Oct 19 21:08:50 openeuler systemd[1]: [    4.478753] Listening on initctl Compatibility Named Pipe.
Oct 19 21:08:50 openeuler systemd[1]: [    4.482360] Listening on Journal Socket (/dev/log).
Oct 19 21:08:50 openeuler systemd[1]: [    4.485289] Listening on Journal Socket.
Oct 19 21:08:50 openeuler systemd[1]: [    4.490001] Listening on udev Control Socket.
Oct 19 21:08:50 openeuler systemd[1]: [    4.493592] Listening on udev Kernel Socket.
Oct 19 21:08:50 openeuler systemd[1]: [    4.535761] Mounting Huge Pages File System...
Oct 19 21:08:50 openeuler systemd[1]: [    4.556741] Mounting POSIX Message Queue File System...
Oct 19 21:08:50 openeuler systemd[1]: [    4.578223] Mounting Kernel Debug File System...
Oct 19 21:08:50 openeuler systemd[1]: [    4.601063] Mounting Kernel Trace File System...
Oct 19 21:08:50 openeuler systemd[1]: [    4.639903] Mounting Temporary Directory /tmp...
Oct 19 21:08:50 openeuler systemd[1]: [    4.644048] Kernel Module supporting RPCSEC_GSS was skipped because of an unmet condition check (ConditionPathExists=/etc/krb5.keytab).
Oct 19 21:08:50 openeuler systemd[1]: [    4.668444] Starting Create List of Static Device Nodes...
Oct 19 21:08:50 openeuler systemd[1]: [    4.691541] Starting Monitoring of LVM2 mirrors, snapshots etc. using dmeventd or progress polling...
Oct 19 21:08:50 openeuler systemd[1]: [    4.714425] Starting Load Kernel Module configfs...
Oct 19 21:08:50 openeuler systemd[1]: [    4.736809] Starting Load Kernel Module drm...
Oct 19 21:08:50 openeuler systemd[1]: [    4.759587] Starting Load Kernel Module fuse...
Oct 19 21:08:50 openeuler systemd[1]: [    4.767073] systemd-journald.service: unit configures an IP firewall, but the local system does not support BPF/cgroup firewalling.
Oct 19 21:08:50 openeuler systemd[1]: [    4.767639] (This warning is only shown for the first unit using IP firewalling.)
Oct 19 21:08:50 openeuler systemd[1]: [    4.818427] Starting Journal Service...
Oct 19 21:08:50 openeuler systemd[1]: [    4.840933] Load Kernel Modules was skipped because no trigger condition checks were met.
Oct 19 21:08:50 openeuler systemd[1]: [    4.912045] Starting Generate network units from Kernel command line...
Oct 19 21:08:50 openeuler systemd[1]: [    4.952924] Starting Remount Root and Kernel File Systems...
Oct 19 21:08:50 openeuler systemd[1]: [    5.020004] Starting Apply Kernel Variables...
Oct 19 21:08:50 openeuler systemd[1]: [    5.059868] Starting Coldplug All udev Devices...
Oct 19 21:08:50 openeuler systemd-journald[182]: [    5.103600] Collecting audit messages is disabled.
Oct 19 21:08:50 openeuler systemd[1]: [    5.176777] Starting Setup Virtual Console...
Oct 19 21:08:50 openeuler kernel: [    5.234006] fuse: init (API version 7.38)
Oct 19 21:08:50 openeuler kernel: [    5.296613] EXT4-fs (vda2): re-mounted 7d0aa4b2-3ab1-458f-8299-b7f0e7b77b16 r/w. Quota mode: none.
Oct 19 21:08:50 openeuler systemd[1]: [    5.330944] Mounted Huge Pages File System.
Oct 19 21:08:50 openeuler systemd[1]: [    5.339429] Mounted POSIX Message Queue File System.
Oct 19 21:08:50 openeuler systemd[1]: [    5.341856] Mounted Kernel Debug File System.
Oct 19 21:08:50 openeuler systemd[1]: [    5.355405] Mounted Kernel Trace File System.
Oct 19 21:08:50 openeuler systemd[1]: [    5.359185] Mounted Temporary Directory /tmp.
Oct 19 21:08:50 openeuler systemd[1]: [    5.366765] Finished Create List of Static Device Nodes.
Oct 19 21:08:50 openeuler systemd[1]: [    5.393014] Finished Monitoring of LVM2 mirrors, snapshots etc. using dmeventd or progress polling.
Oct 19 21:08:50 openeuler systemd[1]: [    5.406128] modprobe@configfs.service: Deactivated successfully.
Oct 19 21:08:50 openeuler systemd[1]: [    5.427635] Finished Load Kernel Module configfs.
Oct 19 21:08:50 openeuler systemd[1]: [    5.448713] modprobe@fuse.service: Deactivated successfully.
Oct 19 21:08:50 openeuler systemd[1]: [    5.452826] Finished Load Kernel Module fuse.
Oct 19 21:08:50 openeuler systemd[1]: [    5.459211] Finished Generate network units from Kernel command line.
Oct 19 21:08:50 openeuler systemd[1]: [    5.465218] Finished Remount Root and Kernel File Systems.
Oct 19 21:08:50 openeuler systemd[1]: [    5.471825] Finished Apply Kernel Variables.
Oct 19 21:08:50 openeuler systemd[1]: [    5.479065] Finished Setup Virtual Console.
Oct 19 21:08:50 openeuler systemd[1]: [    5.543232] Mounting FUSE Control File System...
Oct 19 21:08:50 openeuler systemd-journald[182]: Journal started
Oct 19 21:08:50 openeuler systemd-journald[182]: Runtime Journal (/run/log/journal/6e37af0bdae444699af81731a834f3e3) is 4.9M, max 39.1M, 34.2M free.
Oct 19 21:08:50 openeuler systemd-vconsole-setup[191]: Failed to import credentials, ignoring: No such file or directory
Oct 19 21:08:50 openeuler systemd[1]: [    5.581546] Mounting Kernel Configuration File System...
Oct 19 21:08:50 openeuler systemd[1]: [    5.627759] Starting Rebuild Hardware Database...
Oct 19 21:08:50 openeuler systemd[1]: [    5.687435] Starting Load/Save OS Random Seed...
Oct 19 21:08:50 openeuler systemd[1]: [    5.737699] Starting Create System Users...
Oct 19 21:08:51 openeuler systemd[1]: [    5.794748] Started Journal Service.
Oct 19 21:08:51 openeuler systemd[1]: modprobe@drm.service: Deactivated successfully.
Oct 19 21:08:51 openeuler systemd[1]: Finished Load Kernel Module drm.
Oct 19 21:08:51 openeuler systemd[1]: Mounted FUSE Control File System.
Oct 19 21:08:51 openeuler systemd[1]: Mounted Kernel Configuration File System.
Oct 19 21:08:51 openeuler systemd[1]: Finished Load/Save OS Random Seed.
Oct 19 21:08:51 openeuler systemd[1]: First Boot Complete was skipped because of an unmet condition check (ConditionFirstBoot=yes).
Oct 19 21:08:51 openeuler systemd[1]: Starting Flush Journal to Persistent Storage...
Oct 19 21:08:51 openeuler systemd-sysusers[206]: Creating group 'sgx' with GID 990.
Oct 19 21:08:51 openeuler systemd-journald[182]: Runtime Journal (/run/log/journal/6e37af0bdae444699af81731a834f3e3) is 4.9M, max 39.1M, 34.2M free.
Oct 19 21:08:51 openeuler systemd-journald[182]: [    6.036561] Received client request to flush runtime journal.
Oct 19 21:08:51 openeuler systemd[1]: Finished Flush Journal to Persistent Storage.
Oct 19 21:08:51 openeuler systemd[1]: Finished Create System Users.
Oct 19 21:08:51 openeuler systemd[1]: Starting Create Static Device Nodes in /dev...
Oct 19 21:08:51 openeuler systemd-tmpfiles[215]: /usr/lib/tmpfiles.d/dbus.conf:13: Line references path below legacy directory /var/run/, updating /var/run/dbus/containers → /run/dbus/containers; please update the tmpfiles.d/ drop-in file accordingly.
Oct 19 21:08:51 openeuler systemd[1]: Finished Create Static Device Nodes in /dev.
Oct 19 21:08:51 openeuler systemd[1]: Reached target Preparation for Local File Systems.
Oct 19 21:08:51 openeuler systemd[1]: Finished Coldplug All udev Devices.
Oct 19 21:08:56 openeuler systemd[1]: Finished Rebuild Hardware Database.
Oct 19 21:08:56 openeuler systemd[1]: Starting Rule-based Manager for Device Events and Files...
Oct 19 21:08:56 openeuler systemd-udevd[223]: Using default interface naming scheme 'v253'.
Oct 19 21:08:56 openeuler systemd[1]: Started Rule-based Manager for Device Events and Files.
Oct 19 21:08:57 openeuler systemd[1]: Starting Show Plymouth Boot Screen...
Oct 19 21:08:57 openeuler systemd[1]: Received SIGRTMIN+20 from PID 235 (plymouthd).
Oct 19 21:08:57 openeuler systemd[1]: Started Show Plymouth Boot Screen.
Oct 19 21:08:57 openeuler systemd[1]: Dispatch Password Requests to Console Directory Watch was skipped because of an unmet condition check (ConditionPathExists=!/run/plymouth/pid).
Oct 19 21:08:57 openeuler systemd[1]: Started Forward Password Requests to Plymouth Directory Watch.
Oct 19 21:08:57 openeuler systemd[1]: Reached target Path Units.
Oct 19 21:08:57 openeuler systemd[1]: Found device /dev/ttyS0.
Oct 19 21:08:57 openeuler systemd[1]: Found device /dev/disk/by-partuuid/49725435-4ed5-4ec1-934a-12a4d12722f9.
Oct 19 21:08:57 openeuler systemd[1]: Mounting /boot...
Oct 19 21:08:57 openeuler systemd[1]: Mounted /boot.
Oct 19 21:08:57 openeuler systemd[1]: Reached target Local File Systems.
Oct 19 21:08:57 openeuler systemd[1]: Starting Rebuild Dynamic Linker Cache...
Oct 19 21:08:57 openeuler systemd[1]: Starting Tell Plymouth To Write Out Runtime Data...
Oct 19 21:08:57 openeuler systemd[1]: Set Up Additional Binary Formats was skipped because no trigger condition checks were met.
Oct 19 21:08:57 openeuler systemd[1]: Commit a transient machine-id on disk was skipped because of an unmet condition check (ConditionPathIsMountPoint=/etc/machine-id).
Oct 19 21:08:57 openeuler systemd[1]: Starting Create Volatile Files and Directories...
Oct 19 21:08:57 openeuler systemd[1]: Finished Tell Plymouth To Write Out Runtime Data.
Oct 19 21:08:57 openeuler systemd[1]: Received SIGRTMIN+20 from PID 235 (plymouthd).
Oct 19 21:08:58 openeuler systemd-tmpfiles[251]: /usr/lib/tmpfiles.d/dbus.conf:13: Line references path below legacy directory /var/run/, updating /var/run/dbus/containers → /run/dbus/containers; please update the tmpfiles.d/ drop-in file accordingly.
Oct 19 21:08:58 openeuler systemd[1]: Finished Create Volatile Files and Directories.
Oct 19 21:08:58 openeuler systemd[1]: Mounting RPC Pipe File System...
Oct 19 21:08:58 openeuler systemd[1]: Starting Security Auditing Service...
Oct 19 21:08:58 openeuler systemd[1]: Starting MD array monitor...
Oct 19 21:08:58 openeuler systemd[1]: Starting RPC Bind...
Oct 19 21:08:58 openeuler systemd[1]: Starting Rebuild Journal Catalog...
Oct 19 21:08:58 openeuler systemd[1]: Mounted RPC Pipe File System.
Oct 19 21:08:58 openeuler auditd[268]: Option builtin_af_unix line 10 is obsolete - using /sbin/audisp-af_unix
Oct 19 21:08:58 openeuler auditd[268]: Option builtin line 11 is obsolete - update it
Oct 19 21:08:58 openeuler auditd[268]: No plugins found, not dispatching events
Oct 19 21:08:58 openeuler systemd[1]: Reached target rpc_pipefs.target.
Oct 19 21:08:58 openeuler auditd[268]: Init complete, auditd 3.1.1 listening for events (startup state enable)
Oct 19 21:08:58 openeuler kernel: [   13.504098] physmap-flash 20000000.flash: physmap platform flash device: [mem 0x20000000-0x21ffffff]
Oct 19 21:08:58 openeuler systemd[1]: Started MD array monitor.
Oct 19 21:08:58 openeuler systemd[1]: mdmonitor.service: Deactivated successfully.
Oct 19 21:08:58 openeuler systemd[1]: Finished Rebuild Journal Catalog.
Oct 19 21:08:58 openeuler kernel: [   13.690831] 20000000.flash: Found 2 x16 devices at 0x0 in 32-bit bank. Manufacturer ID 0x000000 Chip ID 0x000000
Oct 19 21:08:58 openeuler systemd[1]: Started RPC Bind.
Oct 19 21:08:59 openeuler kernel: [   13.788004] Intel/Sharp Extended Query Table at 0x0031
Oct 19 21:08:59 openeuler kernel: [   13.789035] Using buffer write method
Oct 19 21:08:59 openeuler kernel: [   13.791122] physmap-flash 20000000.flash: physmap platform flash device: [mem 0x22000000-0x23ffffff]
Oct 19 21:08:59 openeuler kernel: [   13.792224] 20000000.flash: Found 2 x16 devices at 0x0 in 32-bit bank. Manufacturer ID 0x000000 Chip ID 0x000000
Oct 19 21:08:59 openeuler kernel: [   13.792719] Intel/Sharp Extended Query Table at 0x0031
Oct 19 21:08:59 openeuler kernel: [   13.793339] Using buffer write method
Oct 19 21:08:59 openeuler kernel: [   13.797424] Concatenating MTD devices:
Oct 19 21:08:59 openeuler kernel: [   13.797729] (0): "20000000.flash"
Oct 19 21:08:59 openeuler kernel: [   13.797884] (1): "20000000.flash"
Oct 19 21:08:59 openeuler kernel: [   13.798035] into device "20000000.flash"
Oct 19 21:08:59 openeuler systemd[1]: Finished Rebuild Dynamic Linker Cache.
Oct 19 21:08:59 openeuler kernel: [   14.082988] [drm] pci: virtio-gpu-pci detected at 0000:00:01.0
Oct 19 21:08:59 openeuler kernel: [   14.083691] [drm] features: -virgl +edid -resource_blob -host_visible
Oct 19 21:08:59 openeuler kernel: [   14.083726] [drm] features: -context_init
Oct 19 21:08:59 openeuler kernel: [   14.086959] [drm] number of scanouts: 1
Oct 19 21:08:59 openeuler kernel: [   14.087188] [drm] number of cap sets: 0
Oct 19 21:08:59 openeuler systemd[1]: Starting Update is Completed...
Oct 19 21:08:59 openeuler kernel: [   14.102067] [drm] Initialized virtio_gpu 0.1.0 0 for 0000:00:01.0 on minor 0
Oct 19 21:08:59 openeuler kernel: [   14.140537] Console: switching to colour frame buffer device 160x50
Oct 19 21:08:59 openeuler kernel: [   14.151883] virtio-pci 0000:00:01.0: [drm] fb0: virtio_gpudrmfb frame buffer device
Oct 19 21:08:59 openeuler systemd[1]: Finished Update is Completed.
Oct 19 21:08:59 openeuler systemd[1]: Started Security Auditing Service.
Oct 19 21:08:59 openeuler systemd[1]: Starting Record System Boot/Shutdown in UTMP...
Oct 19 21:08:59 openeuler systemd[1]: Finished Record System Boot/Shutdown in UTMP.
Oct 19 21:08:59 openeuler systemd[1]: Reached target System Initialization.
Oct 19 21:08:59 openeuler systemd[1]: Started dnf makecache --timer.
Oct 19 21:08:59 openeuler systemd[1]: Started Daily Cleanup of Temporary Directories.
Oct 19 21:08:59 openeuler systemd[1]: Reached target Timer Units.
Oct 19 21:08:59 openeuler systemd[1]: Listening on D-Bus System Message Bus Socket.
Oct 19 21:08:59 openeuler systemd[1]: Listening on PC/SC Smart Card Daemon Activation Socket.
Oct 19 21:08:59 openeuler systemd[1]: Reached target Socket Units.
Oct 19 21:08:59 openeuler systemd[1]: Reached target Basic System.
Oct 19 21:08:59 openeuler systemd[1]: System is tainted: cgroupsv1
Oct 19 21:08:59 openeuler systemd[1]: Starting NTP client/server...
Oct 19 21:08:59 openeuler systemd[1]: Starting D-Bus System Message Bus...
Oct 19 21:08:59 openeuler systemd[1]: Starting Restore /run/initramfs on shutdown...
Oct 19 21:08:59 openeuler systemd[1]: Starting SYSV: extend root...
Oct 19 21:08:59 openeuler systemd[1]: Starting Update RTC With System Clock...
Oct 19 21:08:59 openeuler systemd[1]: Starting irqbalance daemon...
Oct 19 21:09:00 openeuler systemd[1]: Started libstoragemgmt plug-in server daemon.
Oct 19 21:09:00 openeuler systemd[1]: Starting Authorization Manager...
Oct 19 21:09:00 openeuler systemd[1]: Restorecon maintaining path file context was skipped because of an unmet condition check (ConditionSecurity=selinux).
Oct 19 21:09:00 openeuler systemd[1]: Started Hardware RNG Entropy Gatherer Daemon.
Oct 19 21:09:00 openeuler systemd[1]: Starting Self Monitoring and Reporting Technology (SMART) Daemon...
Oct 19 21:09:00 openeuler systemd[1]: Starting OpenSSH ecdsa Server Key Generation...
Oct 19 21:09:00 openeuler systemd[1]: Starting OpenSSH ed25519 Server Key Generation...
Oct 19 21:09:00 openeuler rngd[315]: Initializing available sources
Oct 19 21:09:00 openeuler rngd[315]: [hwrng ]: Initialized
Oct 19 21:09:00 openeuler rngd[315]: [jitter]: JITTER timeout set to 10 sec
Oct 19 21:09:00 openeuler systemd[1]: Starting OpenSSH rsa Server Key Generation...
Oct 19 21:09:00 openeuler systemd[1]: Starting User Login Management...
Oct 19 21:09:00 openeuler systemd[1]: Starting Run a configured list of systemtap scripts at system startup....
Oct 19 21:09:00 openeuler systemd[1]: Started D-Bus System Message Bus.
Oct 19 21:09:00 openeuler smartd[318]: smartd 7.3 2022-02-28 r5338 [riscv64-linux-6.4.0-10.1.0.20.oe2309.riscv64] (local build)
Oct 19 21:09:00 openeuler smartd[318]: Copyright (C) 2002-22, Bruce Allen, Christian Franke, www.smartmontools.org
Oct 19 21:09:00 openeuler smartd[318]: Opened configuration file /etc/smartmontools/smartd.conf
Oct 19 21:09:00 openeuler smartd[318]: Drive: DEVICESCAN, implied '-a' Directive on line 23 of file /etc/smartmontools/smartd.conf
Oct 19 21:09:00 openeuler smartd[318]: Configuration file /etc/smartmontools/smartd.conf was parsed, found DEVICESCAN, scanning devices
Oct 19 21:09:00 openeuler smartd[318]: In the system's table of devices NO devices found to scan
Oct 19 21:09:00 openeuler smartd[318]: Monitoring 0 ATA/SATA, 0 SCSI/SAS and 0 NVMe devices
Oct 19 21:09:00 openeuler systemd[1]: Started Self Monitoring and Reporting Technology (SMART) Daemon.
Oct 19 21:09:00 openeuler systemd[1]: Finished Restore /run/initramfs on shutdown.
Oct 19 21:09:00 openeuler systemd[1]: Finished Update RTC With System Clock.
Oct 19 21:09:00 openeuler systemd[1]: Started irqbalance daemon.
Oct 19 21:09:00 openeuler polkitd[312]: Started polkitd version 122
Oct 19 21:09:01 openeuler chronyd[352]: chronyd version 4.3 starting (+CMDMON +NTP +REFCLOCK +RTC +PRIVDROP +SCFILTER +SIGND +ASYNCDNS +NTS +SECHASH +IPV6 +DEBUG)
Oct 19 21:09:01 openeuler systemd[1]: Started NTP client/server.
Oct 19 21:09:01 openeuler systemd[1]: sshd-keygen@ecdsa.service: Deactivated successfully.
Oct 19 21:09:01 openeuler systemd[1]: Finished OpenSSH ecdsa Server Key Generation.
Oct 19 21:09:01 openeuler systemd[1]: sshd-keygen@ed25519.service: Deactivated successfully.
Oct 19 21:09:01 openeuler systemd[1]: Finished OpenSSH ed25519 Server Key Generation.
Oct 19 21:09:01 openeuler systemd[1]: Started Authorization Manager.
Oct 19 21:09:01 openeuler systemd[1]: Starting firewalld - dynamic firewall daemon...
Oct 19 21:09:01 openeuler systemd-logind[329]: New seat seat0.
Oct 19 21:09:01 openeuler systemd-logind[329]: Watching system buttons on /dev/input/event0 (QEMU QEMU USB Keyboard)
Oct 19 21:09:01 openeuler systemd[1]: Started User Login Management.
Oct 19 21:09:01 openeuler extend-root.sh[392]: Error: Partition doesn't exist.
Oct 19 21:09:01 openeuler extend-root.sh[398]: resize2fs 1.47.0 (5-Feb-2023)
Oct 19 21:09:01 openeuler root[397]: Warning: No scripts exist.
Oct 19 21:09:02 openeuler extend-root.sh[398]: The filesystem is already 4068864 (4k) blocks long.  Nothing to do!
Oct 19 21:09:02 openeuler systemtap-service[331]: Starting systemtap: [WARNING]
Oct 19 21:09:02 openeuler systemd[1]: Finished Run a configured list of systemtap scripts at system startup..
Oct 19 21:09:02 openeuler rngd[315]: [jitter]: Initializing AES buffer
Oct 19 21:09:02 openeuler systemd[1]: Started SYSV: extend root.
Oct 19 21:09:06 openeuler systemd[1]: Started firewalld - dynamic firewall daemon.
Oct 19 21:09:06 openeuler systemd[1]: Reached target Preparation for Network.
Oct 19 21:09:06 openeuler systemd[1]: Starting Network Manager...
Oct 19 21:09:07 openeuler NetworkManager[405]: <info>  [1697720947.1134] NetworkManager (version 1.42.8-3.oe2309) is starting... (boot:0ecc337b-82eb-40ac-b96d-0437d4f23df1)
Oct 19 21:09:07 openeuler NetworkManager[405]: <info>  [1697720947.1152] Read config: /etc/NetworkManager/NetworkManager.conf
Oct 19 21:09:07 openeuler systemd[1]: Started Network Manager.
Oct 19 21:09:07 openeuler NetworkManager[405]: <info>  [1697720947.1791] bus-manager: acquired D-Bus service "org.freedesktop.NetworkManager"
Oct 19 21:09:07 openeuler systemd[1]: Reached target Network.
Oct 19 21:09:07 openeuler systemd[1]: Starting Network Manager Wait Online...
Oct 19 21:09:07 openeuler systemd[1]: Starting GSSAPI Proxy Daemon...
Oct 19 21:09:07 openeuler systemd[1]: Starting /etc/rc.d/rc.local Compatibility...
Oct 19 21:09:07 openeuler systemd[1]: Starting Dynamic System Tuning Daemon...
Oct 19 21:09:07 openeuler NetworkManager[405]: <info>  [1697720947.4179] manager[0x2b04a04520]: monitoring kernel firmware directory '/lib/firmware'.
Oct 19 21:09:07 openeuler dbus-daemon[303]: [system] Activating via systemd: service name='org.freedesktop.hostname1' unit='dbus-org.freedesktop.hostname1.service' requested by ':1.4' (uid=0 pid=405 comm="/usr/sbin/NetworkManager --no-daemon")
Oct 19 21:09:07 openeuler systemd[1]: Started /etc/rc.d/rc.local Compatibility.
Oct 19 21:09:07 openeuler systemd[1]: Starting Hostname Service...
Oct 19 21:09:07 openeuler systemd[1]: Started GSSAPI Proxy Daemon.
Oct 19 21:09:07 openeuler systemd[1]: RPC security service for NFS client and server was skipped because of an unmet condition check (ConditionPathExists=/etc/krb5.keytab).
Oct 19 21:09:07 openeuler systemd[1]: Reached target NFS client services.
Oct 19 21:09:07 openeuler systemd[1]: Reached target Preparation for Remote File Systems.
Oct 19 21:09:07 openeuler systemd[1]: Reached target Remote File Systems.
Oct 19 21:09:07 openeuler systemd[1]: Starting Permit User Sessions...
Oct 19 21:09:07 openeuler systemd[1]: Finished Permit User Sessions.
Oct 19 21:09:08 openeuler systemd[1]: Started Deferred execution scheduler.
Oct 19 21:09:08 openeuler systemd[1]: Started Command Scheduler.
Oct 19 21:09:08 openeuler systemd[1]: Starting Hold until boot process finishes up...
Oct 19 21:09:08 openeuler systemd[1]: Starting Terminate Plymouth Boot Screen...
Oct 19 21:09:08 openeuler systemd[1]: Received SIGRTMIN+21 from PID 235 (plymouthd).
Oct 19 21:09:08 openeuler systemd[1]: Received SIGRTMIN+21 from PID 235 (plymouthd).
Oct 19 21:09:08 openeuler systemd[1]: Finished Terminate Plymouth Boot Screen.
Oct 19 21:09:08 openeuler systemd[1]: Finished Hold until boot process finishes up.
Oct 19 21:09:08 openeuler systemd[1]: Started Getty on tty1.
Oct 19 21:09:08 openeuler systemd[1]: Started Serial Getty on ttyS0.
Oct 19 21:09:08 openeuler systemd[1]: Reached target Login Prompts.
Oct 19 21:09:08 openeuler dbus-daemon[303]: [system] Successfully activated service 'org.freedesktop.hostname1'
Oct 19 21:09:08 openeuler systemd[1]: Started Hostname Service.
Oct 19 21:09:08 openeuler NetworkManager[405]: <info>  [1697720948.7926] hostname: hostname: using hostnamed
Oct 19 21:09:08 openeuler NetworkManager[405]: <info>  [1697720948.7975] hostname: static hostname changed from (none) to "openeuler"
Oct 19 21:09:08 openeuler NetworkManager[405]: <info>  [1697720948.8097] dns-mgr: init: dns=default rc-manager=symlink
Oct 19 21:09:08 openeuler NetworkManager[405]: <info>  [1697720948.9375] manager[0x2b04a04520]: rfkill: Wi-Fi hardware radio set enabled
Oct 19 21:09:08 openeuler NetworkManager[405]: <info>  [1697720948.9381] manager[0x2b04a04520]: rfkill: WWAN hardware radio set enabled
Oct 19 21:09:09 openeuler NetworkManager[405]: <info>  [1697720949.0306] Loaded device plugin: NMOvsFactory (/usr/lib64/NetworkManager/1.42.8-3.oe2309/libnm-device-plugin-ovs.so)
Oct 19 21:09:09 openeuler NetworkManager[405]: <info>  [1697720949.0439] Loaded device plugin: NMAtmManager (/usr/lib64/NetworkManager/1.42.8-3.oe2309/libnm-device-plugin-adsl.so)
Oct 19 21:09:09 openeuler NetworkManager[405]: <info>  [1697720949.0517] manager: rfkill: Wi-Fi enabled by radio killswitch; enabled by state file
Oct 19 21:09:09 openeuler NetworkManager[405]: <info>  [1697720949.0565] manager: rfkill: WWAN enabled by radio killswitch; enabled by state file
Oct 19 21:09:09 openeuler NetworkManager[405]: <info>  [1697720949.0573] manager: Networking is enabled by state file
Oct 19 21:09:09 openeuler dbus-daemon[303]: [system] Activating via systemd: service name='org.freedesktop.nm_dispatcher' unit='dbus-org.freedesktop.nm-dispatcher.service' requested by ':1.4' (uid=0 pid=405 comm="/usr/sbin/NetworkManager --no-daemon")
Oct 19 21:09:09 openeuler NetworkManager[405]: <info>  [1697720949.0705] settings: Loaded settings plugin: ifcfg-rh ("/usr/lib64/NetworkManager/1.42.8-3.oe2309/libnm-settings-plugin-ifcfg-rh.so")
Oct 19 21:09:09 openeuler NetworkManager[405]: <info>  [1697720949.0720] settings: Loaded settings plugin: keyfile (internal)
Oct 19 21:09:09 openeuler NetworkManager[405]: <info>  [1697720949.1321] dhcp: init: Using DHCP client 'dhclient'
Oct 19 21:09:09 openeuler NetworkManager[405]: <info>  [1697720949.1384] manager: (lo): new Loopback device (/org/freedesktop/NetworkManager/Devices/1)
Oct 19 21:09:09 openeuler systemd[1]: Starting Network Manager Script Dispatcher Service...
Oct 19 21:09:09 openeuler NetworkManager[405]: <info>  [1697720949.2731] device (lo): state change: unmanaged -> unavailable (reason 'connection-assumed', sys-iface-state: 'external')
Oct 19 21:09:09 openeuler NetworkManager[405]: <info>  [1697720949.3127] device (lo): state change: unavailable -> disconnected (reason 'connection-assumed', sys-iface-state: 'external')
Oct 19 21:09:09 openeuler NetworkManager[405]: <info>  [1697720949.3544] device (lo): Activation: starting connection 'lo' (1b9e0c3d-7011-4a5c-b7d3-af228d5680e4)
Oct 19 21:09:09 openeuler NetworkManager[405]: <info>  [1697720949.3875] manager: (eth0): new Ethernet device (/org/freedesktop/NetworkManager/Devices/2)
Oct 19 21:09:09 openeuler NetworkManager[405]: <info>  [1697720949.4272] settings: (eth0): created default wired connection 'Wired connection 1'
Oct 19 21:09:09 openeuler NetworkManager[405]: <info>  [1697720949.4346] device (eth0): state change: unmanaged -> unavailable (reason 'managed', sys-iface-state: 'external')
Oct 19 21:09:09 openeuler dbus-daemon[303]: [system] Successfully activated service 'org.freedesktop.nm_dispatcher'
Oct 19 21:09:09 openeuler systemd[1]: Started Network Manager Script Dispatcher Service.
Oct 19 21:09:09 openeuler NetworkManager[405]: <info>  [1697720949.6081] ovsdb: disconnected from ovsdb
Oct 19 21:09:09 openeuler NetworkManager[405]: <info>  [1697720949.6105] device (lo): state change: disconnected -> prepare (reason 'none', sys-iface-state: 'external')
Oct 19 21:09:09 openeuler NetworkManager[405]: <info>  [1697720949.6141] device (lo): state change: prepare -> config (reason 'none', sys-iface-state: 'external')
Oct 19 21:09:09 openeuler NetworkManager[405]: <info>  [1697720949.6355] device (lo): state change: config -> ip-config (reason 'none', sys-iface-state: 'external')
Oct 19 21:09:09 openeuler NetworkManager[405]: <info>  [1697720949.6388] device (eth0): carrier: link connected
Oct 19 21:09:09 openeuler NetworkManager[405]: <info>  [1697720949.7048] device (lo): state change: ip-config -> ip-check (reason 'none', sys-iface-state: 'external')
Oct 19 21:09:09 openeuler NetworkManager[405]: <info>  [1697720949.7315] device (eth0): state change: unavailable -> disconnected (reason 'carrier-changed', sys-iface-state: 'managed')
Oct 19 21:09:09 openeuler NetworkManager[405]: <info>  [1697720949.7608] policy: auto-activating connection 'Wired connection 1' (3fa99b54-f852-34da-90b8-b138c675330e)
Oct 19 21:09:09 openeuler NetworkManager[405]: <info>  [1697720949.7700] device (eth0): Activation: starting connection 'Wired connection 1' (3fa99b54-f852-34da-90b8-b138c675330e)
Oct 19 21:09:09 openeuler NetworkManager[405]: <info>  [1697720949.7755] device (eth0): state change: disconnected -> prepare (reason 'none', sys-iface-state: 'managed')
Oct 19 21:09:09 openeuler NetworkManager[405]: <info>  [1697720949.7865] manager: NetworkManager state is now CONNECTING
Oct 19 21:09:09 openeuler NetworkManager[405]: <info>  [1697720949.7899] device (eth0): state change: prepare -> config (reason 'none', sys-iface-state: 'managed')
Oct 19 21:09:09 openeuler NetworkManager[405]: <info>  [1697720949.9013] device (lo): state change: ip-check -> secondaries (reason 'none', sys-iface-state: 'external')
Oct 19 21:09:09 openeuler NetworkManager[405]: <info>  [1697720949.9037] device (lo): state change: secondaries -> activated (reason 'none', sys-iface-state: 'external')
Oct 19 21:09:09 openeuler NetworkManager[405]: <info>  [1697720949.9296] device (lo): Activation: successful, device activated.
Oct 19 21:09:12 openeuler rngd[315]: [jitter]: Unable to obtain AES key, disabling JITTER source
Oct 19 21:09:12 openeuler rngd[315]: [jitter]: Initialization Failed
Oct 19 21:09:12 openeuler systemd[1]: Started PC/SC Smart Card Daemon.
Oct 19 21:09:12 openeuler rngd[315]: [pkcs11]: No pkcs11 slots available
Oct 19 21:09:12 openeuler rngd[315]: [pkcs11]: Initialization Failed
Oct 19 21:09:13 openeuler systemd[1]: sshd-keygen@rsa.service: Deactivated successfully.
Oct 19 21:09:13 openeuler systemd[1]: Finished OpenSSH rsa Server Key Generation.
Oct 19 21:09:13 openeuler systemd[1]: Reached target sshd-keygen.target.
Oct 19 21:09:13 openeuler systemd[1]: Starting OpenSSH server daemon...
Oct 19 21:09:13 openeuler systemd[1]: Started OpenSSH server daemon.
Oct 19 21:09:14 openeuler NetworkManager[405]: <info>  [1697720954.4449] device (eth0): state change: config -> ip-config (reason 'none', sys-iface-state: 'managed')
Oct 19 21:09:14 openeuler NetworkManager[405]: <info>  [1697720954.4652] dhcp4 (eth0): activation: beginning transaction (timeout in 45 seconds)
Oct 19 21:09:14 openeuler tuned[426]: libperf: mmap_per_cpu: nr cpu values 4 nr threads 1
Oct 19 21:09:14 openeuler tuned[426]: libperf: idx 0: mmapping fd 8
Oct 19 21:09:14 openeuler tuned[426]: libperf: idx 1: mmapping fd 9
Oct 19 21:09:14 openeuler tuned[426]: libperf: idx 2: mmapping fd 10
Oct 19 21:09:14 openeuler tuned[426]: libperf: idx 3: mmapping fd 11
Oct 19 21:09:14 openeuler NetworkManager[405]: <info>  [1697720954.4989] dhcp4 (eth0): dhclient started with pid 746
Oct 19 21:09:14 openeuler dhclient[746]: DHCPDISCOVER on eth0 to 255.255.255.255 port 67 interval 8 (xid=0x24f66217)
Oct 19 21:09:14 openeuler dhclient[746]: DHCPOFFER of 10.0.2.15 from 10.0.2.2
Oct 19 21:09:14 openeuler dhclient[746]: DHCPREQUEST for 10.0.2.15 on eth0 to 255.255.255.255 port 67 (xid=0x24f66217)
Oct 19 21:09:14 openeuler dhclient[746]: DHCPACK of 10.0.2.15 from 10.0.2.2 (xid=0x24f66217)
Oct 19 21:09:14 openeuler NetworkManager[405]: <info>  [1697720954.7743] dhcp4 (eth0):   address 10.0.2.15
Oct 19 21:09:14 openeuler NetworkManager[405]: <info>  [1697720954.7747] dhcp4 (eth0):   plen 24 (255.255.255.0)
Oct 19 21:09:14 openeuler NetworkManager[405]: <info>  [1697720954.7756] dhcp4 (eth0):   gateway 10.0.2.2
Oct 19 21:09:14 openeuler NetworkManager[405]: <info>  [1697720954.7761] dhcp4 (eth0):   lease time 86400
Oct 19 21:09:14 openeuler NetworkManager[405]: <info>  [1697720954.7766] dhcp4 (eth0):   nameserver '10.0.2.3'
Oct 19 21:09:14 openeuler NetworkManager[405]: <info>  [1697720954.7773] dhcp4 (eth0): state changed new lease, address=10.0.2.15
Oct 19 21:09:14 openeuler NetworkManager[405]: <info>  [1697720954.7926] policy: set 'Wired connection 1' (eth0) as default for IPv4 routing and DNS
Oct 19 21:09:14 openeuler systemd[1]: Started Dynamic System Tuning Daemon.
Oct 19 21:09:14 openeuler NetworkManager[405]: <info>  [1697720954.9047] device (eth0): state change: ip-config -> ip-check (reason 'none', sys-iface-state: 'managed')
Oct 19 21:09:14 openeuler systemd[1]: Starting openEuler Security Tool...
Oct 19 21:09:14 openeuler dhclient[746]: bound to 10.0.2.15 -- renewal in 32741 seconds.
Oct 19 21:09:15 openeuler NetworkManager[405]: <info>  [1697720954.9973] device (eth0): state change: ip-check -> secondaries (reason 'none', sys-iface-state: 'managed')
Oct 19 21:09:15 openeuler NetworkManager[405]: <info>  [1697720954.9998] device (eth0): state change: secondaries -> activated (reason 'none', sys-iface-state: 'managed')
Oct 19 21:09:15 openeuler NetworkManager[405]: <info>  [1697720955.0043] manager: NetworkManager state is now CONNECTED_SITE
Oct 19 21:09:15 openeuler NetworkManager[405]: <info>  [1697720955.0081] device (eth0): Activation: successful, device activated.
Oct 19 21:09:15 openeuler NetworkManager[405]: <info>  [1697720955.0133] manager: NetworkManager state is now CONNECTED_GLOBAL
Oct 19 21:09:15 openeuler NetworkManager[405]: <info>  [1697720955.0210] manager: startup complete
Oct 19 21:09:15 openeuler systemd[1]: Finished Network Manager Wait Online.
Oct 19 21:09:15 openeuler systemd[1]: Reached target Network is Online.
Oct 19 21:09:15 openeuler systemd[1]: Starting Notify NFS peers of a restart...
Oct 19 21:09:15 openeuler systemd[1]: Starting System Logging Service...
Oct 19 21:09:15 openeuler sm-notify[773]: Version 2.6.2 starting
Oct 19 21:09:15 openeuler systemd[1]: Started Notify NFS peers of a restart.
Oct 19 21:09:15 openeuler rsyslogd[782]: [origin software="rsyslogd" swVersion="8.2210.0" x-pid="782" x-info="https://www.rsyslog.com"] start
Oct 19 21:09:15 openeuler rsyslogd[782]: imjournal: No statefile exists, /run/log/imjournal.state will be created (ignore if this is first run): No such file or directory [v8.2210.0 try https://www.rsyslog.com/e/2040 ]
Oct 19 21:09:15 openeuler systemd[1]: Started System Logging Service.
Oct 19 21:09:15 openeuler rsyslogd[782]: imjournal: journal files changed, reloading...  [v8.2210.0 try https://www.rsyslog.com/e/0 ]
Oct 19 21:09:16 openeuler NetworkManager[405]: <info>  [1697720956.0083] policy: set 'Wired connection 1' (eth0) as default for IPv6 routing and DNS
Oct 19 21:09:16 openeuler security-tool.sh[866]: egrep: warning: egrep is obsolescent; using grep -E
Oct 19 21:09:17 openeuler security-tool.sh[916]: egrep: warning: egrep is obsolescent; using grep -E
Oct 19 21:09:18 openeuler security-tool.sh[966]: egrep: warning: egrep is obsolescent; using grep -E
Oct 19 21:09:19 openeuler security-tool.sh[1016]: egrep: warning: egrep is obsolescent; using grep -E
Oct 19 21:09:20 openeuler security-tool.sh[1066]: egrep: warning: egrep is obsolescent; using grep -E
Oct 19 21:09:20 openeuler security-tool.sh[1116]: egrep: warning: egrep is obsolescent; using grep -E
Oct 19 21:09:21 openeuler security-tool.sh[1166]: egrep: warning: egrep is obsolescent; using grep -E
Oct 19 21:09:22 openeuler chronyd[352]: Selected source 119.28.183.184 (pool.ntp.org)
Oct 19 21:09:22 openeuler security-tool.sh[1216]: egrep: warning: egrep is obsolescent; using grep -E
Oct 19 21:09:23 openeuler security-tool.sh[1266]: egrep: warning: egrep is obsolescent; using grep -E
Oct 19 21:09:24 openeuler chronyd[352]: Source 84.16.73.33 replaced with 5.79.108.34 (pool.ntp.org)
Oct 19 21:09:24 openeuler security-tool.sh[1302]: egrep: warning: egrep is obsolescent; using grep -E
Oct 19 21:09:25 openeuler security-tool.sh[1352]: egrep: warning: egrep is obsolescent; using grep -E
Oct 19 21:09:25 openeuler systemd[1]: NetworkManager-dispatcher.service: Deactivated successfully.
Oct 19 21:09:26 openeuler security-tool.sh[1404]: egrep: warning: egrep is obsolescent; using grep -E
Oct 19 21:09:27 openeuler security-tool.sh[1439]: egrep: warning: egrep is obsolescent; using grep -E
Oct 19 21:09:28 openeuler security-tool.sh[1489]: egrep: warning: egrep is obsolescent; using grep -E
Oct 19 21:09:29 openeuler security-tool.sh[1539]: egrep: warning: egrep is obsolescent; using grep -E
Oct 19 21:09:30 openeuler security-tool.sh[1589]: egrep: warning: egrep is obsolescent; using grep -E
Oct 19 21:09:31 openeuler security-tool.sh[1639]: egrep: warning: egrep is obsolescent; using grep -E
Oct 19 21:09:32 openeuler security-tool.sh[1689]: egrep: warning: egrep is obsolescent; using grep -E
Oct 19 21:09:33 openeuler security-tool.sh[1739]: egrep: warning: egrep is obsolescent; using grep -E
Oct 19 21:09:34 openeuler security-tool.sh[1789]: egrep: warning: egrep is obsolescent; using grep -E
Oct 19 21:09:35 openeuler security-tool.sh[1824]: egrep: warning: egrep is obsolescent; using grep -E
Oct 19 21:09:35 openeuler security-tool.sh[1859]: egrep: warning: egrep is obsolescent; using grep -E
Oct 19 21:09:36 openeuler security-tool.sh[1909]: egrep: warning: egrep is obsolescent; using grep -E
Oct 19 21:09:37 openeuler security-tool.sh[1944]: egrep: warning: egrep is obsolescent; using grep -E
Oct 19 21:09:38 openeuler security-tool.sh[1994]: egrep: warning: egrep is obsolescent; using grep -E
Oct 19 21:09:38 openeuler security-tool.sh[1998]: grep: warning: stray \ before /
Oct 19 21:09:38 openeuler security-tool.sh[1998]: grep: warning: stray \ before /
Oct 19 21:09:38 openeuler security-tool.sh[1998]: grep: warning: stray \ before /
Oct 19 21:09:38 openeuler systemd[1]: systemd-hostnamed.service: Deactivated successfully.
Oct 19 21:09:39 openeuler security-tool.sh[2032]: egrep: warning: egrep is obsolescent; using grep -E
Oct 19 21:09:39 openeuler security-tool.sh[2067]: egrep: warning: egrep is obsolescent; using grep -E
Oct 19 21:09:40 openeuler systemctl[2092]: [systemctl restart sshd.service] called by PID 811 (/bin/sh /usr/sbin/security-tool.sh -d / -c /etc/openEuler_security/security.conf -u /etc/openEuler_security/usr-security.conf -l /var/log/openEuler-security.log -s)
Oct 19 21:09:40 openeuler systemd[1]: Stopping OpenSSH server daemon...
Oct 19 21:09:40 openeuler systemd[1]: sshd.service: Deactivated successfully.
Oct 19 21:09:40 openeuler systemd[1]: Stopped OpenSSH server daemon.
Oct 19 21:09:40 openeuler systemd[1]: Stopped target sshd-keygen.target.
Oct 19 21:09:40 openeuler systemd[1]: Stopping sshd-keygen.target...
Oct 19 21:09:40 openeuler systemd[1]: OpenSSH ecdsa Server Key Generation was skipped because no trigger condition checks were met.
Oct 19 21:09:40 openeuler systemd[1]: OpenSSH ed25519 Server Key Generation was skipped because no trigger condition checks were met.
Oct 19 21:09:40 openeuler systemd[1]: OpenSSH rsa Server Key Generation was skipped because no trigger condition checks were met.
Oct 19 21:09:40 openeuler systemd[1]: Reached target sshd-keygen.target.
Oct 19 21:09:40 openeuler systemd[1]: Starting OpenSSH server daemon...
Oct 19 21:09:40 openeuler sshd[2094]: Server listening on 0.0.0.0 port 22.
Oct 19 21:09:40 openeuler sshd[2094]: Server listening on :: port 22.
Oct 19 21:09:40 openeuler systemd[1]: Started OpenSSH server daemon.
Oct 19 21:09:41 openeuler security-tool.sh[2139]: egrep: warning: egrep is obsolescent; using grep -E
Oct 19 21:09:44 openeuler security-tool.sh[2281]: egrep: warning: egrep is obsolescent; using grep -E
Oct 19 21:09:46 openeuler dbus-daemon[303]: [system] Activating via systemd: service name='org.freedesktop.hostname1' unit='dbus-org.freedesktop.hostname1.service' requested by ':1.11' (uid=0 pid=2357 comm="/usr/bin/hostnamectl --transient")
Oct 19 21:09:46 openeuler systemd[1]: Starting Hostname Service...
Oct 19 21:09:47 openeuler dbus-daemon[303]: [system] Successfully activated service 'org.freedesktop.hostname1'
Oct 19 21:09:47 openeuler systemd[1]: Started Hostname Service.
Oct 19 21:09:47 openeuler security-tool.sh[2436]: egrep: warning: egrep is obsolescent; using grep -E
Oct 19 21:09:51 openeuler security-tool.sh[2627]: egrep: warning: egrep is obsolescent; using grep -E
Oct 19 21:09:58 openeuler security-tool.sh[2928]: at-3.2.5-1.oe2309.riscv64
Oct 19 21:09:59 openeuler security-tool.sh[2952]: cronie-1.6.1-4.oe2309.riscv64
Oct 19 21:10:00 openeuler security-tool.sh[3024]: egrep: warning: egrep is obsolescent; using grep -E
Oct 19 21:10:01 openeuler security-tool.sh[3074]: egrep: warning: egrep is obsolescent; using grep -E
Oct 19 21:10:02 openeuler security-tool.sh[3124]: egrep: warning: egrep is obsolescent; using grep -E
Oct 19 21:10:03 openeuler security-tool.sh[3174]: egrep: warning: egrep is obsolescent; using grep -E
Oct 19 21:10:03 openeuler security-tool.sh[3224]: egrep: warning: egrep is obsolescent; using grep -E
Oct 19 21:10:04 openeuler security-tool.sh[3274]: egrep: warning: egrep is obsolescent; using grep -E
Oct 19 21:10:05 openeuler security-tool.sh[3324]: egrep: warning: egrep is obsolescent; using grep -E
Oct 19 21:10:06 openeuler security-tool.sh[3374]: egrep: warning: egrep is obsolescent; using grep -E
Oct 19 21:10:07 openeuler security-tool.sh[3424]: egrep: warning: egrep is obsolescent; using grep -E
Oct 19 21:10:08 openeuler security-tool.sh[3474]: egrep: warning: egrep is obsolescent; using grep -E
Oct 19 21:10:09 openeuler security-tool.sh[3524]: egrep: warning: egrep is obsolescent; using grep -E
Oct 19 21:10:10 openeuler security-tool.sh[3574]: egrep: warning: egrep is obsolescent; using grep -E
Oct 19 21:10:10 openeuler security-tool.sh[3624]: egrep: warning: egrep is obsolescent; using grep -E
Oct 19 21:10:11 openeuler security-tool.sh[3674]: egrep: warning: egrep is obsolescent; using grep -E
Oct 19 21:10:12 openeuler security-tool.sh[3724]: egrep: warning: egrep is obsolescent; using grep -E
Oct 19 21:10:13 openeuler systemd[1]: pcscd.service: Deactivated successfully.
Oct 19 21:10:13 openeuler security-tool.sh[3775]: egrep: warning: egrep is obsolescent; using grep -E
Oct 19 21:10:14 openeuler security-tool.sh[3825]: egrep: warning: egrep is obsolescent; using grep -E
Oct 19 21:10:16 openeuler security-tool.sh[3898]: egrep: warning: egrep is obsolescent; using grep -E
Oct 19 21:10:17 openeuler systemd[1]: systemd-hostnamed.service: Deactivated successfully.
Oct 19 21:10:17 openeuler security-tool.sh[3948]: egrep: warning: egrep is obsolescent; using grep -E
Oct 19 21:10:18 openeuler security-tool.sh[4001]: egrep: warning: egrep is obsolescent; using grep -E
Oct 19 21:10:19 openeuler security-tool.sh[4051]: egrep: warning: egrep is obsolescent; using grep -E
Oct 19 21:10:20 openeuler security-tool.sh[4101]: egrep: warning: egrep is obsolescent; using grep -E
Oct 19 21:10:21 openeuler security-tool.sh[761]: /usr/sbin/security-tool.sh: line 948: /etc/grub.d/00_header: No such file or directory
Oct 19 21:10:21 openeuler security-tool.sh[4155]: kernel.sysrq = 0
Oct 19 21:10:21 openeuler security-tool.sh[4155]: net.ipv4.ip_forward = 0
Oct 19 21:10:21 openeuler security-tool.sh[4155]: net.ipv4.conf.all.send_redirects = 0
Oct 19 21:10:21 openeuler security-tool.sh[4155]: net.ipv4.conf.default.send_redirects = 0
Oct 19 21:10:21 openeuler security-tool.sh[4155]: net.ipv4.conf.all.accept_source_route = 0
Oct 19 21:10:21 openeuler security-tool.sh[4155]: net.ipv4.conf.default.accept_source_route = 0
Oct 19 21:10:21 openeuler security-tool.sh[4155]: net.ipv4.conf.all.accept_redirects = 0
Oct 19 21:10:21 openeuler security-tool.sh[4155]: net.ipv4.conf.default.accept_redirects = 0
Oct 19 21:10:21 openeuler security-tool.sh[4155]: net.ipv4.conf.all.secure_redirects = 0
Oct 19 21:10:21 openeuler security-tool.sh[4155]: net.ipv4.conf.default.secure_redirects = 0
Oct 19 21:10:21 openeuler security-tool.sh[4155]: net.ipv4.icmp_echo_ignore_broadcasts = 1
Oct 19 21:10:21 openeuler security-tool.sh[4155]: net.ipv4.icmp_ignore_bogus_error_responses = 1
Oct 19 21:10:21 openeuler security-tool.sh[4155]: net.ipv4.conf.all.rp_filter = 1
Oct 19 21:10:21 openeuler security-tool.sh[4155]: net.ipv4.conf.default.rp_filter = 1
Oct 19 21:10:21 openeuler security-tool.sh[4155]: net.ipv4.tcp_syncookies = 1
Oct 19 21:10:21 openeuler security-tool.sh[4155]: kernel.dmesg_restrict = 1
Oct 19 21:10:21 openeuler security-tool.sh[4155]: net.ipv6.conf.all.accept_redirects = 0
Oct 19 21:10:21 openeuler security-tool.sh[4155]: net.ipv6.conf.default.accept_redirects = 0
Oct 19 21:10:21 openeuler systemctl[4163]: [systemctl disable openEuler-security.service] called by PID 761 (/bin/sh /usr/sbin/security-tool.sh -d / -c /etc/openEuler_security/security.conf -u /etc/openEuler_security/usr-security.conf -l /var/log/openEuler-security.log -s)
Oct 19 21:10:21 openeuler systemctl[4163]: Removed "/etc/systemd/system/multi-user.target.wants/openEuler-security.service".
Oct 19 21:10:21 openeuler systemd[1]: Reloading requested from client PID 4163 (unit openEuler-security.service)...
Oct 19 21:10:21 openeuler systemd[1]: Reloading.
Oct 19 21:10:21 openeuler kernel: [   95.775091] memfd_create() without MFD_EXEC nor MFD_NOEXEC_SEAL, pid=1 'systemd'
Oct 19 21:10:23 openeuler systemd[1]: /usr/lib/systemd/system/dbus.socket:5: ListenStream= references a path below legacy directory /var/run/, updating /var/run/dbus/system_bus_socket → /run/dbus/system_bus_socket; please update the unit file accordingly.
Oct 19 21:10:24 openeuler systemd[1]: Reached target Multi-User System.
Oct 19 21:10:24 openeuler systemd[1]: Reached target Graphical Interface.
Oct 19 21:10:24 openeuler systemd[1]: Starting Record Runlevel Change in UTMP...
Oct 19 21:10:24 openeuler systemd[1]: Finished openEuler Security Tool.
Oct 19 21:10:24 openeuler systemd[1]: systemd-update-utmp-runlevel.service: Deactivated successfully.
Oct 19 21:10:24 openeuler systemd[1]: Finished Record Runlevel Change in UTMP.
Oct 19 21:10:24 openeuler systemd[1]: Startup finished in 2.364s (kernel) + 1min 37.016s (userspace) = 1min 39.380s.
Oct 19 21:10:25 openeuler systemd[1]: serial-getty@ttyS0.service: Deactivated successfully.
Oct 19 21:10:25 openeuler systemd[1]: serial-getty@ttyS0.service: Scheduled restart job, restart counter is at 1.
Oct 19 21:10:25 openeuler systemd[1]: Stopped Serial Getty on ttyS0.
Oct 19 21:10:25 openeuler systemd[1]: Started Serial Getty on ttyS0.
Oct 19 21:11:11 openeuler sshd[4187]: Connection from 10.0.2.2 port 39196 on 10.0.2.15 port 22 rdomain ""
Oct 19 21:11:13 openeuler sshd[4187]: Failed publickey for root from 10.0.2.2 port 39196 ssh2: ED25519 SHA256:UZOrG9wWe2Aao+hFK6UqK5Rb+Vv1nYoP66E5znfRTwA
Oct 19 21:11:41 openeuler sshd[4187]: Accepted password for root from 10.0.2.2 port 39196 ssh2
Oct 19 21:11:41 openeuler sshd[4187]: User child is on pid 4189
Oct 19 21:11:41 openeuler sshd[4189]: Starting session: shell on pts/0 for root from 10.0.2.2 port 39196 id 0
Oct 19 21:11:41 openeuler dbus-daemon[303]: [system] Activating via systemd: service name='org.freedesktop.hostname1' unit='dbus-org.freedesktop.hostname1.service' requested by ':1.13' (uid=0 pid=4193 comm="/usr/bin/hostnamectl --transient")
Oct 19 21:11:41 openeuler systemd[1]: Starting Hostname Service...
Oct 19 21:11:42 openeuler dbus-daemon[303]: [system] Successfully activated service 'org.freedesktop.hostname1'
Oct 19 21:11:42 openeuler systemd[1]: Started Hostname Service.
Oct 19 21:12:12 openeuler systemd[1]: systemd-hostnamed.service: Deactivated successfully.
Oct 19 21:16:08 openeuler [RPM][4296]: Transaction ID 65312c14 started
Oct 19 21:16:09 openeuler kernel: [  443.454650] capability: warning: `dnf' uses 32-bit capabilities (legacy support in use)
Oct 19 21:16:09 openeuler [RPM][4296]: install gc-8.2.2-1.oe2309.riscv64: success
Oct 19 21:16:09 openeuler [RPM][4296]: install libmpc-1.3.1-1.oe2309.riscv64: success
Oct 19 21:16:10 openeuler [RPM][4296]: install isl-0.24-2.oe2309.riscv64: success
Oct 19 21:16:16 openeuler [RPM][4296]: install cpp-12.3.1-16.oe2309.riscv64: success
Oct 19 21:16:16 openeuler [RPM][4296]: install perl-TermReadKey-2.38-2.oe2309.riscv64: success
Oct 19 21:16:16 openeuler [RPM][4296]: install perl-Error-1:0.17029-3.oe2309.noarch: success
Oct 19 21:16:16 openeuler [RPM][4296]: install libtool-ltdl-2.4.7-3.oe2309.riscv64: success
Oct 19 21:16:25 openeuler [RPM][4296]: install guile-5:2.2.7-3.oe2309.riscv64: success
Oct 19 21:16:25 openeuler [RPM][4296]: install make-1:4.4.1-1.oe2309.riscv64: success
Oct 19 21:16:29 openeuler [RPM][4296]: install kernel-headers-6.4.0-10.1.0.20.oe2309.riscv64: success
Oct 19 21:16:29 openeuler [RPM][4296]: install libxcrypt-devel-4.4.36-1.oe2309.riscv64: success
Oct 19 21:16:35 openeuler [RPM][4296]: install glibc-devel-2.38-8.oe2309.riscv64: success
Oct 19 21:16:43 openeuler [RPM][4296]: install git-core-2.41.0-1.oe2309.riscv64: success
Oct 19 21:16:43 openeuler [RPM][4296]: install perl-Git-2.41.0-1.oe2309.noarch: success
Oct 19 21:16:43 openeuler [RPM][4296]: install git-2.41.0-1.oe2309.riscv64: success
Oct 19 21:16:46 openeuler [RPM][4296]: install binutils-2.40-3.oe2309.riscv64: success
Oct 19 21:17:00 openeuler [RPM][4296]: install gcc-12.3.1-16.oe2309.riscv64: success
Oct 19 21:17:00 openeuler [RPM][4296]: install gcc-gdb-plugin-12.3.1-16.oe2309.riscv64: success
Oct 19 21:17:01 openeuler [RPM][4296]: install babeltrace-1.5.8-6.oe2309.riscv64: success
Oct 19 21:17:04 openeuler [RPM][4296]: install gdb-headless-12.1-7.oe2309.riscv64: success
Oct 19 21:17:04 openeuler [RPM][4296]: install gdb-12.1-7.oe2309.riscv64: success
Oct 19 21:17:05 openeuler systemd[1]: Started /usr/bin/systemctl start man-db-cache-update.
Oct 19 21:17:05 openeuler [RPM][4296]: install gc-8.2.2-1.oe2309.riscv64: success
Oct 19 21:17:05 openeuler [RPM][4296]: install libmpc-1.3.1-1.oe2309.riscv64: success
Oct 19 21:17:05 openeuler [RPM][4296]: install isl-0.24-2.oe2309.riscv64: success
Oct 19 21:17:05 openeuler [RPM][4296]: install cpp-12.3.1-16.oe2309.riscv64: success
Oct 19 21:17:05 openeuler [RPM][4296]: install perl-TermReadKey-2.38-2.oe2309.riscv64: success
Oct 19 21:17:05 openeuler [RPM][4296]: install perl-Error-1:0.17029-3.oe2309.noarch: success
Oct 19 21:17:05 openeuler [RPM][4296]: install libtool-ltdl-2.4.7-3.oe2309.riscv64: success
Oct 19 21:17:05 openeuler [RPM][4296]: install guile-5:2.2.7-3.oe2309.riscv64: success
Oct 19 21:17:05 openeuler [RPM][4296]: install make-1:4.4.1-1.oe2309.riscv64: success
Oct 19 21:17:05 openeuler [RPM][4296]: install kernel-headers-6.4.0-10.1.0.20.oe2309.riscv64: success
Oct 19 21:17:05 openeuler [RPM][4296]: install libxcrypt-devel-4.4.36-1.oe2309.riscv64: success
Oct 19 21:17:05 openeuler [RPM][4296]: install glibc-devel-2.38-8.oe2309.riscv64: success
Oct 19 21:17:05 openeuler [RPM][4296]: install git-core-2.41.0-1.oe2309.riscv64: success
Oct 19 21:17:05 openeuler [RPM][4296]: install perl-Git-2.41.0-1.oe2309.noarch: success
Oct 19 21:17:05 openeuler [RPM][4296]: install git-2.41.0-1.oe2309.riscv64: success
Oct 19 21:17:05 openeuler [RPM][4296]: install binutils-2.40-3.oe2309.riscv64: success
Oct 19 21:17:05 openeuler [RPM][4296]: install gcc-12.3.1-16.oe2309.riscv64: success
Oct 19 21:17:05 openeuler [RPM][4296]: install gcc-gdb-plugin-12.3.1-16.oe2309.riscv64: success
Oct 19 21:17:05 openeuler [RPM][4296]: install babeltrace-1.5.8-6.oe2309.riscv64: success
Oct 19 21:17:05 openeuler [RPM][4296]: install gdb-headless-12.1-7.oe2309.riscv64: success
Oct 19 21:17:05 openeuler [RPM][4296]: install gdb-12.1-7.oe2309.riscv64: success
Oct 19 21:17:05 openeuler [RPM][4296]: Transaction ID 65312c14 finished: 0
Oct 19 21:17:05 openeuler systemctl[4315]: [/usr/bin/systemctl start man-db-cache-update] called by PID 1 (/sbin/init)
Oct 19 21:17:06 openeuler systemd[1]: cgroup compatibility translation between legacy and unified hierarchy settings activated. See cgroup-compat debug messages for details.
Oct 19 21:17:06 openeuler systemd[1]: Starting man-db-cache-update.service...
Oct 19 21:17:08 openeuler systemd[1]: man-db-cache-update.service: Deactivated successfully.
Oct 19 21:17:08 openeuler systemd[1]: Finished man-db-cache-update.service.
Oct 19 21:17:09 openeuler systemd[1]: run-r5749b167816e4189ad32a46d8af7703a.service: Deactivated successfully.
Oct 19 21:24:18 openeuler systemd[1]: Starting Cleanup of Temporary Directories...
Oct 19 21:24:18 openeuler systemd-tmpfiles[4341]: /usr/lib/tmpfiles.d/dbus.conf:13: Line references path below legacy directory /var/run/, updating /var/run/dbus/containers → /run/dbus/containers; please update the tmpfiles.d/ drop-in file accordingly.
Oct 19 21:24:18 openeuler systemd[1]: systemd-tmpfiles-clean.service: Deactivated successfully.
Oct 19 21:24:18 openeuler systemd[1]: Finished Cleanup of Temporary Directories.
Oct 19 21:24:18 openeuler systemd[1]: run-credentials-systemd\x2dtmpfiles\x2dclean.service.mount: Deactivated successfully.
Oct 19 21:25:56 openeuler [RPM][4351]: Transaction ID 65312e64 started
Oct 19 21:25:57 openeuler [RPM][4351]: install python3-pyasn1-0.4.8-4.oe2309.noarch: success
Oct 19 21:25:57 openeuler [RPM][4351]: install python3-ply-3.11-3.oe2309.noarch: success
Oct 19 21:25:58 openeuler [RPM][4351]: install python3-pycparser-2.21-2.oe2309.noarch: success
Oct 19 21:25:58 openeuler [RPM][4351]: install python3-cffi-1.15.1-3.oe2309.riscv64: success
Oct 19 21:25:58 openeuler [RPM][4351]: install python3-bcrypt-3.2.2-1.oe2309.riscv64: success
Oct 19 21:25:58 openeuler [RPM][4351]: install python3-idna-3.4-1.oe2309.noarch: success
Oct 19 21:25:59 openeuler [RPM][4351]: install python3-asn1crypto-1.5.1-1.oe2309.noarch: success
Oct 19 21:26:00 openeuler [RPM][4351]: install python3-cryptography-40.0.2-2.oe2309.riscv64: success
Oct 19 21:26:01 openeuler [RPM][4351]: install libsodium-1.0.18-1.oe2309.riscv64: success
Oct 19 21:26:01 openeuler [RPM][4351]: install python3-pynacl-1.5.0-1.oe2309.riscv64: success
Oct 19 21:26:02 openeuler [RPM][4351]: install python3-paramiko-3.2.0-1.oe2309.noarch: success
Oct 19 21:26:02 openeuler [RPM][4351]: install expect-1:5.45.4-7.oe2309.riscv64: success
Oct 19 21:26:03 openeuler [RPM][4351]: install python3-pyasn1-0.4.8-4.oe2309.noarch: success
Oct 19 21:26:03 openeuler [RPM][4351]: install python3-ply-3.11-3.oe2309.noarch: success
Oct 19 21:26:03 openeuler [RPM][4351]: install python3-pycparser-2.21-2.oe2309.noarch: success
Oct 19 21:26:03 openeuler [RPM][4351]: install python3-cffi-1.15.1-3.oe2309.riscv64: success
Oct 19 21:26:03 openeuler [RPM][4351]: install python3-bcrypt-3.2.2-1.oe2309.riscv64: success
Oct 19 21:26:03 openeuler [RPM][4351]: install python3-idna-3.4-1.oe2309.noarch: success
Oct 19 21:26:03 openeuler [RPM][4351]: install python3-asn1crypto-1.5.1-1.oe2309.noarch: success
Oct 19 21:26:03 openeuler [RPM][4351]: install python3-cryptography-40.0.2-2.oe2309.riscv64: success
Oct 19 21:26:03 openeuler [RPM][4351]: install libsodium-1.0.18-1.oe2309.riscv64: success
Oct 19 21:26:03 openeuler [RPM][4351]: install python3-pynacl-1.5.0-1.oe2309.riscv64: success
Oct 19 21:26:03 openeuler [RPM][4351]: install python3-paramiko-3.2.0-1.oe2309.noarch: success
Oct 19 21:26:03 openeuler [RPM][4351]: install expect-1:5.45.4-7.oe2309.riscv64: success
Oct 19 21:26:03 openeuler [RPM][4351]: Transaction ID 65312e64 finished: 0
Oct 19 21:27:09 openeuler sshd[4369]: Connection from 127.0.0.1 port 47656 on 127.0.0.1 port 22 rdomain ""
Oct 19 21:27:09 openeuler sshd[4369]: Accepted password for root from 127.0.0.1 port 47656 ssh2
Oct 19 21:27:09 openeuler sshd[4369]: User child is on pid 4372
Oct 19 21:27:09 openeuler sshd[4372]: Starting session: command for root from 127.0.0.1 port 47656 id 0
Oct 19 21:27:11 openeuler dbus-daemon[303]: [system] Activating via systemd: service name='org.freedesktop.hostname1' unit='dbus-org.freedesktop.hostname1.service' requested by ':1.15' (uid=0 pid=4427 comm="hostnamectl")
Oct 19 21:27:11 openeuler systemd[1]: Starting Hostname Service...
Oct 19 21:27:12 openeuler dbus-daemon[303]: [system] Successfully activated service 'org.freedesktop.hostname1'
Oct 19 21:27:12 openeuler systemd[1]: Started Hostname Service.
Oct 19 21:27:12 openeuler sshd[4372]: Starting session: command for root from 127.0.0.1 port 47656 id 1
Oct 19 21:27:12 openeuler sshd[4372]: Close session: user root from 127.0.0.1 port 47656 id 0
Oct 19 21:27:14 openeuler sshd[4372]: Close session: user root from 127.0.0.1 port 47656 id 1
Oct 19 21:27:14 openeuler sshd[4372]: Starting session: command for root from 127.0.0.1 port 47656 id 0
Oct 19 21:27:15 openeuler sshd[4372]: Starting session: command for root from 127.0.0.1 port 47656 id 1
Oct 19 21:27:15 openeuler sshd[4372]: Close session: user root from 127.0.0.1 port 47656 id 0
Oct 19 21:27:17 openeuler sshd[4372]: Starting session: command for root from 127.0.0.1 port 47656 id 0
Oct 19 21:27:17 openeuler sshd[4372]: Close session: user root from 127.0.0.1 port 47656 id 1
Oct 19 21:27:18 openeuler sshd[4372]: Connection closed by 127.0.0.1 port 47656
Oct 19 21:27:18 openeuler sshd[4372]: Close session: user root from 127.0.0.1 port 47656 id 0
Oct 19 21:27:18 openeuler sshd[4372]: Transferred: sent 2752, received 2160 bytes
Oct 19 21:27:18 openeuler sshd[4372]: Closing connection to 127.0.0.1 port 47656
Oct 19 21:27:42 openeuler systemd[1]: systemd-hostnamed.service: Deactivated successfully.
Oct 19 21:28:39 openeuler sshd[4662]: Connection from 10.0.2.2 port 44422 on 10.0.2.15 port 22 rdomain ""
Oct 19 21:28:39 openeuler sshd[4662]: Failed publickey for root from 10.0.2.2 port 44422 ssh2: ED25519 SHA256:UZOrG9wWe2Aao+hFK6UqK5Rb+Vv1nYoP66E5znfRTwA
Oct 19 21:28:43 openeuler sshd[4662]: Accepted password for root from 10.0.2.2 port 44422 ssh2
Oct 19 21:28:44 openeuler sshd[4662]: User child is on pid 4664
Oct 19 21:28:44 openeuler sshd[4664]: Starting session: subsystem 'sftp' for root from 10.0.2.2 port 44422 id 0
Oct 19 21:28:45 openeuler sftp-server[4665]: session opened for local user root from [10.0.2.2]
Oct 19 21:28:45 openeuler sftp-server[4665]: open "/root/mugen/mugen_riscv.py" flags WRITE,CREATE mode 0644
Oct 19 21:28:45 openeuler sftp-server[4665]: set "/root/mugen/mugen_riscv.py" size 13327
Oct 19 21:28:45 openeuler sftp-server[4665]: close "/root/mugen/mugen_riscv.py" bytes read 0 written 13327
Oct 19 21:28:45 openeuler sftp-server[4665]: session closed for local user root from [10.0.2.2]
Oct 19 21:28:45 openeuler sshd[4664]: Received disconnect from 10.0.2.2 port 44422:11: disconnected by user
Oct 19 21:28:45 openeuler sshd[4664]: Disconnected from user root 10.0.2.2 port 44422
Oct 19 21:35:10 openeuler poweroff[4743]: [poweroff] called by PID 4190 (-bash)
Oct 19 21:35:10 openeuler systemd-logind[329]: The system will power off now!
Oct 19 21:35:10 openeuler systemd-logind[329]: System is powering down.
Oct 19 21:35:10 openeuler systemd[1]: Removed slice Slice /system/modprobe.
Oct 20 02:59:04 openeuler kernel: [    0.000000] Linux version 6.4.0-10.1.0.20.oe2309.riscv64 (abuild@ubuntu) (gcc_old (GCC) 12.3.1 (openEuler 12.3.1-16.oe2309), GNU ld (GNU Binutils) 2.40) #1 SMP Sat Oct  7 06:19:28 UTC 2023
Oct 20 02:59:04 openeuler kernel: [    0.000000] random: crng init done
Oct 20 02:59:04 openeuler kernel: [    0.000000] Machine model: riscv-virtio,qemu
Oct 20 02:59:04 openeuler kernel: [    0.000000] earlycon: ns16550a0 at MMIO 0x0000000010000000 (options '')
Oct 20 02:59:04 openeuler kernel: [    0.000000] printk: bootconsole [ns16550a0] enabled
Oct 20 02:59:04 openeuler kernel: [    0.000000] Disabled 4-level and 5-level paging
Oct 20 02:59:04 openeuler kernel: [    0.000000] efi: UEFI not found.
Oct 20 02:59:04 openeuler kernel: [    0.000000] OF: reserved mem: 0x0000000080000000..0x000000008003ffff (256 KiB) map non-reusable mmode_resv0@80000000
Oct 20 02:59:04 openeuler kernel: [    0.000000] cma: Reserved 64 MiB at 0x00000000fb600000
Oct 20 02:59:04 openeuler kernel: [    0.000000] NUMA: No NUMA configuration found
Oct 20 02:59:04 openeuler kernel: [    0.000000] NUMA: Faking a node at [mem 0x0000000080000000-0x000000017fffffff]
Oct 20 02:59:04 openeuler kernel: [    0.000000] NUMA: NODE_DATA [mem 0x17ffed340-0x17fff1fff]
Oct 20 02:59:04 openeuler kernel: [    0.000000] Zone ranges:
Oct 20 02:59:04 openeuler kernel: [    0.000000]   DMA32    [mem 0x0000000080000000-0x00000000ffffffff]
Oct 20 02:59:04 openeuler kernel: [    0.000000]   Normal   [mem 0x0000000100000000-0x000000017fffffff]
Oct 20 02:59:04 openeuler kernel: [    0.000000] Movable zone start for each node
Oct 20 02:59:04 openeuler kernel: [    0.000000] Early memory node ranges
Oct 20 02:59:04 openeuler kernel: [    0.000000]   node   0: [mem 0x0000000080000000-0x000000017fffffff]
Oct 20 02:59:04 openeuler kernel: [    0.000000] Initmem setup node 0 [mem 0x0000000080000000-0x000000017fffffff]
Oct 20 02:59:04 openeuler kernel: [    0.000000] SBI specification v1.0 detected
Oct 20 02:59:04 openeuler kernel: [    0.000000] SBI implementation ID=0x1 Version=0x10002
Oct 20 02:59:04 openeuler kernel: [    0.000000] SBI TIME extension detected
Oct 20 02:59:04 openeuler kernel: [    0.000000] SBI IPI extension detected
Oct 20 02:59:04 openeuler kernel: [    0.000000] SBI RFENCE extension detected
Oct 20 02:59:04 openeuler kernel: [    0.000000] SBI SRST extension detected
Oct 20 02:59:04 openeuler kernel: [    0.000000] SBI HSM extension detected
Oct 20 02:59:04 openeuler kernel: [    0.000000] riscv: base ISA extensions acdfhim
Oct 20 02:59:04 openeuler kernel: [    0.000000] riscv: ELF capabilities acdfim
Oct 20 02:59:04 openeuler kernel: [    0.000000] percpu: cpu 0 has no node -1 or node-local memory
Oct 20 02:59:04 openeuler kernel: [    0.000000] percpu: Embedded 30 pages/cpu s82152 r8192 d32536 u122880
Oct 20 02:59:04 openeuler kernel: [    0.000000] Kernel command line: root=/dev/vda2 rw console=ttyS0 systemd.default_timeout_start_sec=600 selinux=0 highres=off earlycon no4lvl
Oct 20 02:59:04 openeuler kernel: [    0.000000] Dentry cache hash table entries: 524288 (order: 10, 4194304 bytes, linear)
Oct 20 02:59:04 openeuler kernel: [    0.000000] Inode-cache hash table entries: 262144 (order: 9, 2097152 bytes, linear)
Oct 20 02:59:04 openeuler kernel: [    0.000000] Fallback order for Node 0: 0 
Oct 20 02:59:04 openeuler kernel: [    0.000000] Built 1 zonelists, mobility grouping on.  Total pages: 1032192
Oct 20 02:59:04 openeuler kernel: [    0.000000] Policy zone: Normal
Oct 20 02:59:04 openeuler kernel: [    0.000000] mem auto-init: stack:off, heap alloc:off, heap free:off
Oct 20 02:59:04 openeuler kernel: [    0.000000] stackdepot: allocating hash table via alloc_large_system_hash
Oct 20 02:59:04 openeuler kernel: [    0.000000] stackdepot hash table entries: 262144 (order: 9, 2097152 bytes, linear)
Oct 20 02:59:04 openeuler kernel: [    0.000000] software IO TLB: area num 4.
Oct 20 02:59:04 openeuler kernel: [    0.000000] software IO TLB: mapped [mem 0x00000000f7600000-0x00000000fb600000] (64MB)
Oct 20 02:59:04 openeuler kernel: [    0.000000] Virtual kernel memory layout:
Oct 20 02:59:04 openeuler kernel: [    0.000000]       fixmap : 0xffffffc6fea00000 - 0xffffffc6ff000000   (6144 kB)
Oct 20 02:59:04 openeuler kernel: [    0.000000]       pci io : 0xffffffc6ff000000 - 0xffffffc700000000   (  16 MB)
Oct 20 02:59:04 openeuler kernel: [    0.000000]      vmemmap : 0xffffffc700000000 - 0xffffffc800000000   (4096 MB)
Oct 20 02:59:04 openeuler kernel: [    0.000000]      vmalloc : 0xffffffc800000000 - 0xffffffd800000000   (  64 GB)
Oct 20 02:59:04 openeuler kernel: [    0.000000]      modules : 0xffffffff0259d000 - 0xffffffff80000000   (2010 MB)
Oct 20 02:59:04 openeuler kernel: [    0.000000]       lowmem : 0xffffffd800000000 - 0xffffffd900000000   (4096 MB)
Oct 20 02:59:04 openeuler kernel: [    0.000000]       kernel : 0xffffffff80000000 - 0xffffffffffffffff   (2047 MB)
Oct 20 02:59:04 openeuler kernel: [    0.000000] Memory: 3932480K/4194304K available (11986K kernel code, 8843K rwdata, 10240K rodata, 2687K init, 4455K bss, 196288K reserved, 65536K cma-reserved)
Oct 20 02:59:04 openeuler kernel: [    0.000000] SLUB: HWalign=64, Order=0-3, MinObjects=0, CPUs=4, Nodes=1
Oct 20 02:59:04 openeuler kernel: [    0.000000] ftrace: allocating 44076 entries in 173 pages
Oct 20 02:59:04 openeuler kernel: [    0.000000] ftrace: allocated 173 pages with 5 groups
Oct 20 02:59:04 openeuler kernel: [    0.000000] trace event string verifier disabled
Oct 20 02:59:04 openeuler kernel: [    0.000000] rcu: Hierarchical RCU implementation.
Oct 20 02:59:04 openeuler kernel: [    0.000000] rcu: #011RCU restricting CPUs from NR_CPUS=512 to nr_cpu_ids=4.
Oct 20 02:59:04 openeuler kernel: [    0.000000] #011Rude variant of Tasks RCU enabled.
Oct 20 02:59:04 openeuler kernel: [    0.000000] #011Tracing variant of Tasks RCU enabled.
Oct 20 02:59:04 openeuler kernel: [    0.000000] rcu: RCU calculated value of scheduler-enlistment delay is 25 jiffies.
Oct 20 02:59:04 openeuler kernel: [    0.000000] rcu: Adjusting geometry for rcu_fanout_leaf=16, nr_cpu_ids=4
Oct 20 02:59:04 openeuler kernel: [    0.000000] NR_IRQS: 64, nr_irqs: 64, preallocated irqs: 0
Oct 20 02:59:04 openeuler kernel: [    0.000000] riscv-intc: 64 local interrupts mapped
Oct 20 02:59:04 openeuler kernel: [    0.000000] plic: plic@c000000: mapped 95 interrupts with 4 handlers for 8 contexts.
Oct 20 02:59:04 openeuler kernel: [    0.000000] riscv: providing IPIs using SBI IPI extension
Oct 20 02:59:04 openeuler kernel: [    0.000000] rcu: srcu_init: Setting srcu_struct sizes based on contention.
Oct 20 02:59:04 openeuler kernel: [    0.000000] riscv-timer: riscv_timer_init_dt: Registering clocksource cpuid [0] hartid [2]
Oct 20 02:59:04 openeuler kernel: [    0.000000] clocksource: riscv_clocksource: mask: 0xffffffffffffffff max_cycles: 0x24e6a1710, max_idle_ns: 440795202120 ns
Oct 20 02:59:04 openeuler kernel: [    0.000118] sched_clock: 64 bits at 10MHz, resolution 100ns, wraps every 4398046511100ns
Oct 20 02:59:04 openeuler kernel: [    0.000669] riscv-timer: Timer interrupt in S-mode is available via sstc extension
Oct 20 02:59:04 openeuler kernel: [    0.016081] Console: colour dummy device 80x25
Oct 20 02:59:04 openeuler kernel: [    0.019570] Calibrating delay loop (skipped), value calculated using timer frequency.. 20.00 BogoMIPS (lpj=40000)
Oct 20 02:59:04 openeuler kernel: [    0.020345] pid_max: default: 32768 minimum: 301
Oct 20 02:59:04 openeuler kernel: [    0.023311] LSM: initializing lsm=lockdown,capability,yama,apparmor,integrity
Oct 20 02:59:04 openeuler kernel: [    0.024205] Yama: becoming mindful.
Oct 20 02:59:04 openeuler kernel: [    0.028394] AppArmor: AppArmor initialized
Oct 20 02:59:04 openeuler kernel: [    0.032778] Mount-cache hash table entries: 8192 (order: 4, 65536 bytes, linear)
Oct 20 02:59:04 openeuler kernel: [    0.033289] Mountpoint-cache hash table entries: 8192 (order: 4, 65536 bytes, linear)
Oct 20 02:59:04 openeuler kernel: [    0.090802] cblist_init_generic: Setting adjustable number of callback queues.
Oct 20 02:59:04 openeuler kernel: [    0.091515] cblist_init_generic: Setting shift to 2 and lim to 1.
Oct 20 02:59:04 openeuler kernel: [    0.092388] cblist_init_generic: Setting shift to 2 and lim to 1.
Oct 20 02:59:04 openeuler kernel: [    0.093732] riscv: ELF compat mode supported
Oct 20 02:59:04 openeuler kernel: [    0.094462] ASID allocator using 16 bits (65536 entries)
Oct 20 02:59:04 openeuler kernel: [    0.096238] rcu: Hierarchical SRCU implementation.
Oct 20 02:59:04 openeuler kernel: [    0.096568] rcu: #011Max phase no-delay instances is 1000.
Oct 20 02:59:04 openeuler kernel: [    0.107807] EFI services will not be available.
Oct 20 02:59:04 openeuler kernel: [    0.111602] smp: Bringing up secondary CPUs ...
Oct 20 02:59:04 openeuler kernel: [    0.129437] smp: Brought up 1 node, 4 CPUs
Oct 20 02:59:04 openeuler kernel: [    0.152556] devtmpfs: initialized
Oct 20 02:59:04 openeuler kernel: [    0.173042] clocksource: jiffies: mask: 0xffffffff max_cycles: 0xffffffff, max_idle_ns: 7645041785100000 ns
Oct 20 02:59:04 openeuler kernel: [    0.173761] futex hash table entries: 1024 (order: 4, 65536 bytes, linear)
Oct 20 02:59:04 openeuler kernel: [    0.181954] pinctrl core: initialized pinctrl subsystem
Oct 20 02:59:04 openeuler kernel: [    0.210479] NET: Registered PF_NETLINK/PF_ROUTE protocol family
Oct 20 02:59:04 openeuler kernel: [    0.226876] DMA: preallocated 512 KiB GFP_KERNEL pool for atomic allocations
Oct 20 02:59:04 openeuler kernel: [    0.228203] DMA: preallocated 512 KiB GFP_KERNEL|GFP_DMA32 pool for atomic allocations
Oct 20 02:59:04 openeuler kernel: [    0.229036] audit: initializing netlink subsys (disabled)
Oct 20 02:59:04 openeuler kernel: [    0.231525] audit: type=2000 audit(0.208:1): state=initialized audit_enabled=0 res=1
Oct 20 02:59:04 openeuler kernel: [    0.236828] thermal_sys: Registered thermal governor 'fair_share'
Oct 20 02:59:04 openeuler kernel: [    0.236901] thermal_sys: Registered thermal governor 'step_wise'
Oct 20 02:59:04 openeuler kernel: [    0.237174] thermal_sys: Registered thermal governor 'user_space'
Oct 20 02:59:04 openeuler kernel: [    0.237888] cpuidle: using governor menu
Oct 20 02:59:04 openeuler kernel: [    0.280597] HugeTLB: registered 1.00 GiB page size, pre-allocated 0 pages
Oct 20 02:59:04 openeuler kernel: [    0.281116] HugeTLB: 16380 KiB vmemmap can be freed for a 1.00 GiB page
Oct 20 02:59:04 openeuler kernel: [    0.281526] HugeTLB: registered 2.00 MiB page size, pre-allocated 0 pages
Oct 20 02:59:04 openeuler kernel: [    0.281822] HugeTLB: 28 KiB vmemmap can be freed for a 2.00 MiB page
Oct 20 02:59:04 openeuler kernel: [    0.301368] iommu: Default domain type: Translated 
Oct 20 02:59:04 openeuler kernel: [    0.301693] iommu: DMA domain TLB invalidation policy: strict mode 
