+ source ../common_lib/fsio_lib.sh
++ source /root/mugen/libs/locallibs/common_lib.sh
+++ python3 --version
+++ '[' 0 -eq 0 ']'
+++ source /root/mugen/libs/locallibs/common_lib_python.sh
++ export 'FS_TYPE=ext3 ext4 xfs'
++ FS_TYPE='ext3 ext4 xfs'
++ export LANG=en_US.UTF-8
++ LANG=en_US.UTF-8
++ REMOVE_VG
++ vggroup=
++ [[ '' != '' ]]
+++ df -T
+++ grep test_vggroup
+++ awk '{print $7}'
++ mounted=
++ [[ '' != '' ]]
++ lsblk
++ grep test_vggroup
++ [[ 1 -eq 0 ]]
++ rm -rf '/tmp/point*'
+ main
++ type -t post_test
+ '[' -n '' ']'
+ trap POST_TEST_DEFAULT EXIT INT HUP TERM
+ rpm -qa
+ grep expect
++ type -t config_params
+ '[' -n '' ']'
++ type -t pre_test
+ '[' -n function ']'
+ pre_test
+ LOG_INFO 'Start to prepare the database config.'
+ message='Start to prepare the database config.'
+ python3 /root/mugen/libs/locallibs/mugen_log.py --level info --message 'Start to prepare the database config.'
Thu Oct 19 21:41:02 2023 - INFO  - Start to prepare the database config.
++ date +%Y%m%d%H%M%S
+ cur_date=20231019214102
++ CREATE_VG
+++ date +%Y%m%d%H%M%S
++ cur_date=20231019214102
+++ grep disk
+++ lsblk
+++ awk '{print $1}'
+++ tail -n 1
++ free_disk=vdb
++ disk_name=/dev/vdb
++ pvcreate /dev/vdb -f
++ [[ 0 -eq 0 ]]
++ vggroup=test_vggroup20231019214102
++ vgcreate test_vggroup20231019214102 /dev/vdb
++ printf test_vggroup20231019214102
+ vggroup=test_vggroup20231019214102
+ lv1=test_lv120231019214102
+ lvcreate -n test_lv120231019214102 -L 2G test_vggroup20231019214102 -y
+ mkfs.ext3 /dev/test_vggroup20231019214102/test_lv120231019214102
mke2fs 1.47.0 (5-Feb-2023)
Discarding device blocks:      0/524288             done                            
Creating filesystem with 524288 4k blocks and 131072 inodes
Filesystem UUID: c1cf8200-a1e9-4160-a976-a5b523ab0e0b
Superblock backups stored on blocks: 
	32768, 98304, 163840, 229376, 294912

Allocating group tables:  0/16     done                            
Writing inode tables:  0/16     done                            
Creating journal (16384 blocks): done
Writing superblocks and filesystem accounting information:  0/16     done

+ LOG_INFO 'Finish to prepare the database config.'
+ message='Finish to prepare the database config.'
+ python3 /root/mugen/libs/locallibs/mugen_log.py --level info --message 'Finish to prepare the database config.'
Thu Oct 19 21:41:06 2023 - INFO  - Finish to prepare the database config.
++ type -t run_test
+ '[' -n function ']'
+ run_test
+ LOG_INFO 'Start to run test.'
+ message='Start to run test.'
+ python3 /root/mugen/libs/locallibs/mugen_log.py --level info --message 'Start to run test.'
Thu Oct 19 21:41:07 2023 - INFO  - Start to run test.
+ echo y
+ mkfs.ext4 /dev/test_vggroup20231019214102/test_lv120231019214102
mke2fs 1.47.0 (5-Feb-2023)
Discarding device blocks:      0/524288             done                            
Creating filesystem with 524288 4k blocks and 131072 inodes
Filesystem UUID: d136634f-d301-4ef2-833b-510bf3827e6b
Superblock backups stored on blocks: 
	32768, 98304, 163840, 229376, 294912

Allocating group tables:  0/16     done                            
Writing inode tables:  0/16     done                            
Creating journal (16384 blocks): done
Writing superblocks and filesystem accounting information:  0/16     done

+ CHECK_RESULT 0 0 0 'mkfs from ext3 to ext4 failed.'
+ actual_result=0
+ expect_result=0
+ mode=0
+ error_log='mkfs from ext3 to ext4 failed.'
+ exit_mode=0
+ '[' -z 0 ']'
+ '[' 0 -eq 0 ']'
+ test 0x '!=' 0x
+ return 0
+ echo y
+ mkfs.ext3 /dev/test_vggroup20231019214102/test_lv120231019214102
mke2fs 1.47.0 (5-Feb-2023)
Discarding device blocks:      0/524288             done                            
Creating filesystem with 524288 4k blocks and 131072 inodes
Filesystem UUID: cc199be2-4bab-45f6-acd4-bae2c2a5ad62
Superblock backups stored on blocks: 
	32768, 98304, 163840, 229376, 294912

Allocating group tables:  0/16     done                            
Writing inode tables:  0/16     done                            
Creating journal (16384 blocks): done
Writing superblocks and filesystem accounting information:  0/16     done

+ CHECK_RESULT 0 0 0 'mkfs from ext4 to ext3 failed.'
+ actual_result=0
+ expect_result=0
+ mode=0
+ error_log='mkfs from ext4 to ext3 failed.'
+ exit_mode=0
+ '[' -z 0 ']'
+ '[' 0 -eq 0 ']'
+ test 0x '!=' 0x
+ return 0
+ mkfs.xfs /dev/test_vggroup20231019214102/test_lv120231019214102 -f
meta-data=/dev/test_vggroup20231019214102/test_lv120231019214102 isize=512    agcount=4, agsize=131072 blks
         =                       sectsz=512   attr=2, projid32bit=1
         =                       crc=1        finobt=1, sparse=1, rmapbt=0
         =                       reflink=1    bigtime=1 inobtcount=1 nrext64=0
data     =                       bsize=4096   blocks=524288, imaxpct=25
         =                       sunit=0      swidth=0 blks
naming   =version 2              bsize=4096   ascii-ci=0, ftype=1
log      =internal log           bsize=4096   blocks=16384, version=2
         =                       sectsz=512   sunit=0 blks, lazy-count=1
realtime =none                   extsz=4096   blocks=0, rtextents=0
Discarding blocks...Done.
+ CHECK_RESULT 0 0 0 'mkfs from ext3 to xfs failed.'
+ actual_result=0
+ expect_result=0
+ mode=0
+ error_log='mkfs from ext3 to xfs failed.'
+ exit_mode=0
+ '[' -z 0 ']'
+ '[' 0 -eq 0 ']'
+ test 0x '!=' 0x
+ return 0
+ echo y
+ mkfs.ext4 /dev/test_vggroup20231019214102/test_lv120231019214102
mke2fs 1.47.0 (5-Feb-2023)
Discarding device blocks:      0/524288             done                            
Creating filesystem with 524288 4k blocks and 131072 inodes
Filesystem UUID: f7cec669-f956-41ff-b896-f2114c7457d5
Superblock backups stored on blocks: 
	32768, 98304, 163840, 229376, 294912

Allocating group tables:  0/16     done                            
Writing inode tables:  0/16     done                            
Creating journal (16384 blocks): done
Writing superblocks and filesystem accounting information:  0/16     done

+ CHECK_RESULT 0 0 0 'mkfs from xfs to ext4 failed.'
+ actual_result=0
+ expect_result=0
+ mode=0
+ error_log='mkfs from xfs to ext4 failed.'
+ exit_mode=0
+ '[' -z 0 ']'
+ '[' 0 -eq 0 ']'
+ test 0x '!=' 0x
+ return 0
+ LOG_INFO 'End to run test.'
+ message='End to run test.'
+ python3 /root/mugen/libs/locallibs/mugen_log.py --level info --message 'End to run test.'
Thu Oct 19 21:41:09 2023 - INFO  - End to run test.
+ CASE_RESULT 0
+ case_re=0
+ test -z ''
+ test 0 -eq 0
+ LOG_INFO 'succeed to execute the case.'
+ message='succeed to execute the case.'
+ python3 /root/mugen/libs/locallibs/mugen_log.py --level info --message 'succeed to execute the case.'
Thu Oct 19 21:41:10 2023 - INFO  - succeed to execute the case.
+ exec_result=
+ exit 0
+ POST_TEST_DEFAULT
+ LOG_INFO 'oe_test_FSIO_change_fs.sh post_test'
+ message='oe_test_FSIO_change_fs.sh post_test'
+ python3 /root/mugen/libs/locallibs/mugen_log.py --level info --message 'oe_test_FSIO_change_fs.sh post_test'
Thu Oct 19 21:41:10 2023 - INFO  - oe_test_FSIO_change_fs.sh post_test
